
=== Session started 2026-07-11T12:49:14.924353 (192.168.1.168:23) ===
[12:49:14.932] [dev] eDrum telnet console
[12:49:17.544] [eDrum] Build 0 — p=ping  i=identify  s=config  n=test note  r=reboot
[12:49:17.546]   a=toggle ADC dump  d=toggle hit debug print  m=toggle diag mode (detection+MIDI off)
[12:49:17.549]   o <input> <floor> = scope input (e.g. o 0 10)   o off = disable scope
[12:49:17.554]   w <input> <param> <value> = set param (e.g. w 0 scan 3)
[12:49:17.554]   params: thresh sens scan mask retrig type ratio chokethresh choke enable
[12:49:32.729] [SCOPE] Active: input=0 floor=15
[12:49:33.805] [Config]
[12:49:33.808]   [0] en=1 type=2 note=38 ch=10 z2note=40 z2ch=10 thresh=20 sens=3250 scan=1 mask=8 ratio=40 chokethresh=50 choke=1 curve=0 retrig=30 seeds=-1 builds=-1
[12:49:33.815]   [1] en=1 type=1 note=57 ch=10 z2note=40 z2ch=10 thresh=20 sens=1023 scan=3 mask=39 ratio=40 chokethresh=50 choke=1 curve=0 retrig=50 seeds=-1 builds=-1
[12:49:33.816]   [2] en=0 type=1 note=42 ch=10 z2note=46 z2ch=10 thresh=20 sens=800 scan=3 mask=80 ratio=40 chokethresh=50 choke=1 curve=4 retrig=50 seeds=-1 builds=-1
[12:49:33.816]   [3] en=1 type=2 note=60 ch=10 z2note=53 z2ch=10 thresh=149 sens=152 scan=3 mask=80 ratio=40 chokethresh=50 choke=1 curve=0 retrig=0 seeds=-1 builds=-1
[12:49:33.817]   [4] en=1 type=1 note=44 ch=10 z2note=44 z2ch=10 thresh=20 sens=800 scan=3 mask=80 ratio=40 chokethresh=50 choke=1 curve=4 retrig=50 seeds=-1 builds=-1
[12:49:35.846] [SysEx TX] F0 00 7D 00 05 03 00 00 7F 7F F7
[12:49:36.705] [SCOPE] input=0 pad_type=2 head_ch=1 rim_ch=0 head_peak=4095 rim_peak=2729 decision=HEAD samples=200
[12:49:36.705] T,H,R
[12:49:36.705] 0,3,7
[12:49:36.705] 1,4,8
[12:49:36.705] 2,8,4
[12:49:36.705] 3,5,2
[12:49:36.705] 4,7,7
[12:49:36.705] 5,2,4
[12:49:36.705] 6,4,5
[12:49:36.705] 7,4,4
[12:49:36.705] 8,2,4
[12:49:36.705] 9,7,10
[12:49:36.705] 10,7,8
[12:49:36.705] 11,4,3
[12:49:36.705] 12,7,4
[12:49:36.705] 13,7,7
[12:49:36.706] 14,7,7
[12:49:36.706] 15,2,4
[12:49:36.706] 16,4,16
[12:49:36.706] 17,7,10
[12:49:36.706] 18,3,7
[12:49:36.706] 19,7,9
[12:49:36.706] 20,7,2
[12:49:36.706] 21,4,4
[12:49:36.706] 22,4,7
[12:49:36.706] 23,7,2
[12:49:36.706] 24,2,8
[12:49:36.706] 25,6,11
[12:49:36.706] 26,3,16
[12:49:36.706] 27,4,16
[12:49:36.706] 28,5,9
[12:49:36.706] 29,5,7
[12:49:36.706] 30,5,7
[12:49:36.706] 31,4,7
[12:49:36.706] 32,6,11
[12:49:36.706] 33,4,6
[12:49:36.706] 34,7,10
[12:49:36.706] 35,7,8
[12:49:36.706] 36,2,4
[12:49:36.706] 37,8,5
[12:49:36.706] 38,2,4
[12:49:36.706] 39,5,4
[12:49:36.706] 40,5,7
[12:49:36.706] 41,3,11
[12:49:36.706] 42,5,7
[12:49:36.706] 43,7,3
[12:49:36.708] 44,3,2
[12:49:36.708] 45,2,8
[12:49:36.708] 46,2,10
[12:49:36.708] 47,2,4
[12:49:36.708] 48,5,8
[12:49:36.708] 49,2,6
[12:49:36.708] 50,4,4
[12:49:36.708] 51,4,7
[12:49:36.708] 52,2,7
[12:49:36.708] 53,5,3
[12:49:36.708] 54,3,9
[12:49:36.708] 55,2,3
[12:49:36.708] 56,5,2
[12:49:36.708] 57,3,6
[12:49:36.708] 58,8,2
[12:49:36.708] 59,2,3
[12:49:36.708] 60,2,7
[12:49:36.708] 61,8,7
[12:49:36.708] 62,4,7
[12:49:36.709] 63,2,7
[12:49:36.709] 64,2,7
[12:49:36.709] 65,4,0
[12:49:36.709] 66,5,4
[12:49:36.709] 67,5,4
[12:49:36.709] 68,5,8
[12:49:36.709] 69,3,4
[12:49:36.709] 70,3,2
[12:49:36.709] 71,3,2
[12:49:36.709] 72,3,2
[12:49:36.710] 73,4,4
[12:49:36.710] 74,0,4
[12:49:36.710] 75,0,3
[12:49:36.710] 76,0,3
[12:49:36.710] 77,0,2
[12:49:36.710] 78,0,2
[12:49:36.710] 79,2,2
[12:49:36.710] 80,2,3
[12:49:36.710] 81,3,5
[12:49:36.710] 82,2,3
[12:49:36.710] 83,2,3
[12:49:36.710] 84,2,3
[12:49:36.710] 85,2,7
[12:49:36.711] 86,2,7
[12:49:36.711] 87,2,6
[12:49:36.711] 88,6,2
[12:49:36.711] 89,4,3
[12:49:36.711] 90,2,5
[12:49:36.711] 91,0,4
[12:49:36.711] 92,2,2
[12:49:36.711] 93,2,3
[12:49:36.711] 94,0,5
[12:49:36.711] 95,2,5
[12:49:36.711] 96,2,2
[12:49:36.711] 97,0,2
[12:49:36.711] 98,0,2
[12:49:36.711] 99,10,0
[12:49:36.711] 100,73,0
[12:49:36.712] 101,99,0
[12:49:36.712] 102,58,54
[12:49:36.712] 103,0,155
[12:49:36.712] 104,0,367
[12:49:36.712] 105,0,284
[12:49:36.712] 106,0,153
[12:49:36.712] 107,0,26
[12:49:36.712] 108,0,0
[12:49:36.712] 109,0,0
[12:49:36.712] 110,0,169
[12:49:36.712] 111,0,1385
[12:49:36.712] 112,0,743
[12:49:36.712] 113,1928,867
[12:49:36.712] 114,4095,1897
[12:49:36.712] 115,4095,1453
[12:49:36.712] 116,4095,2029
[12:49:36.713] 117,4095,461
[12:49:36.713] 118,4095,0
[12:49:36.713] 119,4095,477
[12:49:36.713] 120,4095,850
[12:49:36.713] 121,3119,1391
[12:49:36.713] 122,1865,2367
[12:49:36.713] 123,1362,2648
[12:49:36.713] 124,2063,1857
[12:49:36.713] 125,3543,1482
[12:49:36.713] 126,4095,1364
[12:49:36.713] 127,4095,1382
[12:49:36.713] 128,4095,871
[12:49:36.713] 129,4095,1577
[12:49:36.713] 130,2528,1807
[12:49:36.713] 131,767,2196
[12:49:36.713] 132,36,2605
[12:49:36.713] 133,0,1703
[12:49:36.713] 134,137,2147
[12:49:36.713] 135,1315,1796
[12:49:36.713] 136,2350,1325
[12:49:36.713] 137,2892,1747
[12:49:36.713] 138,2652,1993
[12:49:36.713] 139,1721,2729
[12:49:36.713] 140,905,2470
[12:49:36.713] 141,441,2350
[12:49:36.713] 142,300,2041
[12:49:36.713] 143,601,1753
[12:49:36.713] 144,831,1910
[12:49:36.713] 145,1140,1813
[12:49:36.713] 146,1161,2127
[12:49:36.713] 147,1114,1857
[12:49:36.713] 148,1057,1812
[12:49:36.713] 149,1014,2049
[12:49:36.713] 150,86,1759
[12:49:36.714] 151,0,1900
[12:49:36.714] 152,0,1697
[12:49:36.714] 153,649,1454
[12:49:36.714] 154,1462,1440
[12:49:36.714] 155,2613,1485
[12:49:36.714] 156,4030,1933
[12:49:36.714] 157,4095,1705
[12:49:36.714] 158,4095,1568
[12:49:36.714] 159,3158,1277
[12:49:36.715] 160,2526,1115
[12:49:36.715] 161,2010,1465
[12:49:36.715] 162,1910,1630
[12:49:36.715] 163,1949,2041
[12:49:36.715] 164,2290,1814
[12:49:36.715] 165,2665,1497
[12:49:36.715] 166,2888,1616
[12:49:36.715] 167,2861,1406
[12:49:36.715] 168,2805,1435
[12:49:36.716] 169,2802,1593
[12:49:36.716] 170,2684,1709
[12:49:36.716] 171,2408,2013
[12:49:36.716] 172,2100,1894
[12:49:36.716] 173,1955,1667
[12:49:36.716] 174,1928,1449
[12:49:36.716] 175,1992,1505
[12:49:36.716] 176,2101,1560
[12:49:36.716] 177,2088,1826
[12:49:36.717] 178,2027,1709
[12:49:36.717] 179,1971,1463
[12:49:36.717] 180,1936,1501
[12:49:36.717] 181,1901,1446
[12:49:36.717] 182,1899,1507
[12:49:36.717] 183,1869,1472
[12:49:36.717] 184,1549,1337
[12:49:36.717] 185,1145,1254
[12:49:36.717] 186,940,1254
[12:49:36.717] 187,1132,1213
[12:49:36.717] 188,1420,1373
[12:49:36.717] 189,1357,1310
[12:49:36.717] 190,873,1231
[12:49:36.717] 191,0,1430
[12:49:36.718] 192,0,1428
[12:49:36.718] 193,0,1289
[12:49:36.718] 194,164,1126
[12:49:36.718] 195,1262,1083
[12:49:36.718] 196,2644,1310
[12:49:36.718] 197,4095,1531
[12:49:36.718] 198,4095,1671
[12:49:36.718] 199,4095,1523
[12:49:36.718] [SysEx TX] F0 00 7D 00 05 03 00 00 7F 7F F7
[12:49:36.718] [SCOPE] input=0 pad_type=2 head_ch=1 rim_ch=0 head_peak=4095 rim_peak=2729 decision=HEAD samples=200
[12:49:36.718] T,H,R
[12:49:36.718] 0,3,6
[12:49:36.718] 1,8,2
[12:49:36.718] 2,2,3
[12:49:36.718] 3,2,7
[12:49:36.718] 4,8,7
[12:49:36.718] 5,4,7
[12:49:36.718] 6,2,7
[12:49:36.718] 7,2,7
[12:49:36.718] 8,4,0
[12:49:36.719] 9,5,4
[12:49:36.719] 10,5,4
[12:49:36.719] 11,5,8
[12:49:36.719] 12,3,4
[12:49:36.719] 13,3,2
[12:49:36.719] 14,3,2
[12:49:36.719] 15,3,2
[12:49:36.719] 16,4,4
[12:49:36.719] 17,0,4
[12:49:36.719] 18,0,3
[12:49:36.719] 19,0,3
[12:49:36.719] 20,0,2
[12:49:36.719] 21,0,2
[12:49:36.719] 22,2,2
[12:49:36.719] 23,2,3
[12:49:36.719] 24,3,5
[12:49:36.719] 25,2,3
[12:49:36.719] 26,2,3
[12:49:36.719] 27,2,3
[12:49:36.719] 28,2,7
[12:49:36.720] 29,2,7
[12:49:36.720] 30,2,6
[12:49:36.720] 31,6,2
[12:49:36.720] 32,4,3
[12:49:36.720] 33,2,5
[12:49:36.720] 34,0,4
[12:49:36.720] 35,2,2
[12:49:36.720] 36,2,3
[12:49:36.720] 37,0,5
[12:49:36.720] 38,2,5
[12:49:36.720] 39,2,2
[12:49:36.720] 40,0,2
[12:49:36.720] 41,0,2
[12:49:36.720] 42,10,0
[12:49:36.720] 43,73,0
[12:49:36.720] 44,99,0
[12:49:36.720] 45,58,54
[12:49:36.720] 46,0,155
[12:49:36.720] 47,0,367
[12:49:36.720] 48,0,284
[12:49:36.721] 49,0,153
[12:49:36.721] 50,0,26
[12:49:36.721] 51,0,0
[12:49:36.721] 52,0,0
[12:49:36.721] 53,0,169
[12:49:36.721] 54,0,1385
[12:49:36.721] 55,0,743
[12:49:36.721] 56,1928,867
[12:49:36.721] 57,4095,1897
[12:49:36.721] 58,4095,1453
[12:49:36.723] 59,4095,2029
[12:49:36.728] 60,4095,461
[12:49:36.730] 61,4095,0
[12:49:36.739] 62,4095,477
[12:49:36.740] 63,4095,850
[12:49:36.742] 64,3119,1391
[12:49:36.744] 65,1865,2367
[12:49:36.867] 66,1362,2648
[12:49:36.867] 67,2063,1857
[12:49:36.868] 68,3543,1482
[12:49:36.869] 69,4095,1364
[12:49:36.875] 70,4095,1382
[12:49:36.875] 71,4095,871
[12:49:36.877] 72,4095,1577
[12:49:36.880] 73,2528,1807
[12:49:36.885] 74,767,2196
[12:49:36.886] 75,36,2605
[12:49:36.887] 76,0,1703
[12:49:36.895] 77,137,2147
[12:49:36.896] 78,1315,1796
[12:49:36.896] 79,2350,1325
[12:49:36.897] 80,2892,1747
[12:49:36.901] 81,2652,1993
[12:49:36.905] 82,1721,2729
[12:49:36.907] 83,905,2470
[12:49:36.911] 84,441,2350
[12:49:36.913] 85,300,2041
[12:49:36.918] 86,601,1753
[12:49:36.919] 87,831,1910
[12:49:36.922] 88,1140,1813
[12:49:36.925] 89,1161,2127
[12:49:36.926] 90,1114,1857
[12:49:36.929] 91,1057,1812
[12:49:36.932] 92,1014,2049
[12:49:36.934] 93,86,1759
[12:49:36.937] 94,0,1900
[12:49:36.945] 95,0,1697
[12:49:36.947] 96,649,1454
[12:49:36.947] 97,1462,1440
[12:49:36.947] 98,2613,1485
[12:49:36.962] 99,4030,1933
[12:49:36.963] 100,4095,1705
[12:49:36.963] 101,4095,1568
[12:49:36.964] 102,3158,1277
[12:49:36.967] 103,2526,1115
[12:49:36.972] 104,2010,1465
[12:49:36.973] 105,1910,1630
[12:49:36.977] 106,1949,2041
[12:49:36.978] 107,2290,1814
[12:49:36.981] 108,2665,1497
[12:49:36.983] 109,2888,1616
[12:49:36.988] 110,2861,1406
[12:49:36.989] 111,2805,1435
[12:49:36.992] 112,2802,1593
[12:49:36.999] 113,2684,1709
[12:49:37.000] 114,2408,2013
[12:49:37.000] 115,2100,1894
[12:49:37.001] 116,1955,1667
[12:49:37.005] 117,1928,1449
[12:49:37.007] 118,1992,1505
[12:49:37.010] 119,2101,1560
[12:49:37.012] 120,2088,1826
[12:49:37.019] 121,2027,1709
[12:49:37.021] 122,1971,1463
[12:49:37.021] 123,1936,1501
[12:49:37.023] 124,1901,1446
[12:49:37.033] 125,1899,1507
[12:49:37.034] 126,1869,1472
[12:49:37.034] 127,1549,1337
[12:49:37.034] 128,1145,1254
[12:49:37.039] 129,940,1254
[12:49:37.042] 130,1132,1213
[12:49:37.046] 131,1420,1373
[12:49:37.049] 132,1357,1310
[12:49:37.050] 133,873,1231
[12:49:37.053] 134,0,1430
[12:49:37.068] 135,0,1428
[12:49:37.068] 136,0,1289
[12:49:37.068] 137,164,1126
[12:49:37.069] 138,1262,1083
[12:49:37.074] 139,2644,1310
[12:49:37.087] 140,4095,1531
[12:49:37.087] 141,4095,1671
[12:49:37.087] 142,4095,1523
[12:49:37.087] 143,3401,1313
[12:49:37.092] 144,2582,1258
[12:49:37.098] 145,2072,1124
[12:49:37.099] 146,1904,1368
[12:49:37.102] 147,1997,1513
[12:49:37.103] 148,2189,1519
[12:49:37.104] 149,2288,1540
[12:49:37.107] 150,2266,1354
[12:49:37.111] 151,2165,1280
[12:49:37.113] 152,2089,1122
[12:49:37.117] 153,2041,1209
[12:49:37.119] 154,2074,1190
[12:49:37.122] 155,2037,1177
[12:49:37.124] 156,1798,1297
[12:49:37.128] 157,1302,1065
[12:49:37.132] 158,739,1013
[12:49:37.132] 159,436,852
[12:49:37.135] 160,610,787
[12:49:37.138] 161,1177,1001
[12:49:37.141] 162,1753,1077
[12:49:37.144] 163,2117,1321
[12:49:37.152] 164,2373,1252
[12:49:37.153] 165,2384,943
[12:49:37.154] 166,2184,784
[12:49:37.154] 167,1974,712
[12:49:37.167] 168,1791,979
[12:49:37.169] 169,1650,1116
[12:49:37.171] 170,1611,1224
[12:49:37.179] 171,1646,1185
[12:49:37.184] 172,1699,1003
[12:49:37.184] 173,1742,979
[12:49:37.184] 174,1786,1008
[12:49:37.185] 175,1763,1145
[12:49:37.194] 176,1684,1185
[12:49:37.194] 177,1561,1171
[12:49:37.194] 178,1432,1193
[12:49:37.196] 179,1352,1123
[12:49:37.205] 180,1325,1100
[12:49:37.205] 181,1364,1183
[12:49:37.206] 182,1363,1203
[12:49:37.206] 183,1328,1074
[12:49:37.210] 184,1330,1037
[12:49:37.214] 185,1353,988
[12:49:37.224] 186,1382,943
[12:49:37.231] 187,1398,909
[12:49:37.231] 188,1430,876
[12:49:37.231] 189,1316,937
[12:49:37.232] 190,725,882
[12:49:37.236] 191,50,902
[12:49:37.238] 192,0,846
[12:49:37.241] 193,0,733
[12:49:37.244] 194,0,793
[12:49:37.255] 195,0,783
[12:49:37.255] 196,345,837
[12:49:37.255] 197,985,782
[12:49:37.256] 198,1722,740
[12:49:37.269] 199,2424,776
[12:49:37.278] [SysEx TX] F0 00 7D 00 05 03 00 00 13 13 F7
[12:49:37.284] [SCOPE] input=0 pad_type=2 head_ch=1 rim_ch=0 head_peak=917 rim_peak=358 decision=HEAD samples=200
[12:49:37.284] T,H,R
[12:49:37.287] 0,390,308
[12:49:37.295] 1,370,308
[12:49:37.295] 2,393,346
[12:49:37.296] 3,395,340
[12:49:37.307] 4,474,358
[12:49:37.307] 5,589,346
[12:49:37.307] 6,653,358
[12:49:37.308] 7,674,347
[12:49:37.312] 8,669,326
[12:49:37.315] 9,660,325
[12:49:37.320] 10,626,335
[12:49:37.321] 11,585,340
[12:49:37.323] 12,548,331
[12:49:37.327] 13,536,342
[12:49:37.330] 14,545,329
[12:49:37.331] 15,552,300
[12:49:37.334] 16,552,313
[12:49:37.339] 17,544,305
[12:49:37.339] 18,502,310
[12:49:37.342] 19,492,305
[12:49:37.345] 20,464,275
[12:49:37.348] 21,460,272
[12:49:37.352] 22,439,286
[12:49:37.358] 23,440,294
[12:49:37.358] 24,446,280
[12:49:37.358] 25,455,270
[12:49:37.371] 26,456,252
[12:49:37.373] 27,456,259
[12:49:37.375] 28,470,256
[12:49:37.378] 29,476,268
[12:49:37.381] 30,432,278
[12:49:37.383] 31,299,252
[12:49:37.388] 32,105,270
[12:49:37.389] 33,0,290
[12:49:37.397] 34,0,273
[12:49:37.397] 35,0,292
[12:49:37.399] 36,0,294
[12:49:37.417] 37,0,304
[12:49:37.418] 38,16,315
[12:49:37.418] 39,212,310
[12:49:37.423] 40,444,313
[12:49:37.426] 41,719,297
[12:49:37.429] 42,864,281
[12:49:37.431] 43,917,297
[12:49:37.433] 44,870,300
[12:49:37.437] 45,733,310
[12:49:37.440] 46,585,303
[12:49:37.442] 47,461,278
[12:49:37.445] 48,416,277
[12:49:37.448] 49,416,281
[12:49:37.450] 50,460,296
[12:49:37.460] 51,508,282
[12:49:37.461] 52,541,246
[12:49:37.461] 53,542,214
[12:49:37.461] 54,546,201
[12:49:37.484] 55,531,224
[12:49:37.484] 56,509,240
[12:49:37.489] 57,497,239
[12:49:37.490] 58,489,226
[12:49:37.493] 59,485,199
[12:49:37.495] 60,485,223
[12:49:37.499] 61,493,207
[12:49:37.500] 62,499,225
[12:49:37.507] 63,500,232
[12:49:37.508] 64,477,233
[12:49:37.509] 65,393,239
[12:49:37.509] 66,200,233
[12:49:37.512] 67,53,235
[12:49:37.516] 68,2,250
[12:49:37.519] 69,0,222
[12:49:37.522] 70,0,238
[12:49:37.523] 71,109,246
[12:49:37.527] 72,294,273
[12:49:37.532] 73,421,295
[12:49:37.533] 74,504,272
[12:49:37.535] 75,541,270
[12:49:37.539] 76,525,246
[12:49:37.541] 77,447,269
[12:49:37.543] 78,377,268
[12:49:37.547] 79,314,262
[12:49:37.549] 80,287,262
[12:49:37.552] 81,273,249
[12:49:37.554] 82,272,261
[12:49:37.563] 83,282,249
[12:49:37.563] 84,299,249
[12:49:37.563] 85,304,228
[12:49:37.575] 86,315,204
[12:49:37.579] 87,325,201
[12:49:37.579] 88,316,198
[12:49:37.581] 89,337,197
[12:49:37.585] 90,335,200
[12:49:37.591] 91,332,205
[12:49:37.591] 92,230,164
[12:49:37.592] 93,0,163
[12:49:37.595] 94,0,201
[12:49:37.603] 95,0,180
[12:49:37.603] 96,0,199
[12:49:37.604] 97,0,190
[12:49:37.620] 98,102,200
[12:49:37.623] 99,276,245
[12:49:37.624] 100,448,233
[12:49:37.625] 101,571,217
[12:49:37.629] 102,627,198
[12:49:37.632] 103,621,210
[12:49:37.636] 104,583,224
[12:49:37.637] 105,500,249
[12:49:37.639] 106,414,251
[12:49:37.642] 107,351,244
[12:49:37.648] 108,298,224
[12:49:37.648] 109,282,216
[12:49:37.650] 110,300,228
[12:49:37.653] 111,326,235
[12:49:37.656] 112,352,238
[12:49:37.664] 113,349,220
[12:49:37.665] 114,346,202
[12:49:37.665] 115,317,203
[12:49:37.666] 116,298,221
[12:49:37.678] 117,284,217
[12:49:37.680] 118,276,221
[12:49:37.687] 119,292,190
[12:49:37.687] 120,303,146
[12:49:37.688] 121,304,177
[12:49:37.695] 122,328,156
[12:49:37.696] 123,341,186
[12:49:37.697] 124,331,185
[12:49:37.699] 125,256,174
[12:49:37.704] 126,127,185
[12:49:37.705] 127,0,173
[12:49:37.707] 128,0,182
[12:49:37.716] 129,0,180
[12:49:37.717] 130,0,188
[12:49:37.719] 131,0,188
[12:49:37.719] 132,3,214
[12:49:37.722] 133,141,219
[12:49:37.725] 134,285,214
[12:49:37.735] 135,399,217
[12:49:37.736] 136,453,196
[12:49:37.736] 137,480,217
[12:49:37.737] 138,467,227
[12:49:37.739] 139,377,228
[12:49:37.742] 140,288,245
[12:49:37.745] 141,214,226
[12:49:37.748] 142,182,213
[12:49:37.750] 143,174,218
[12:49:37.758] 144,200,220
[12:49:37.759] 145,235,222
[12:49:37.759] 146,261,214
[12:49:37.768] 147,265,190
[12:49:37.768] 148,265,158
[12:49:37.769] 149,252,161
[12:49:37.783] 150,251,182
[12:49:37.783] 151,245,174
[12:49:37.785] 152,233,170
[12:49:37.787] 153,203,153
[12:49:37.790] 154,170,141
[12:49:37.798] 155,127,153
[12:49:37.798] 156,73,150
[12:49:37.798] 157,53,160
[12:49:37.802] 158,33,155
[12:49:37.806] 159,7,156
[12:49:37.806] 160,60,173
[12:49:37.810] 161,118,143
[12:49:37.810] 162,175,176
[12:49:37.818] 163,233,178
[12:49:37.819] 164,265,162
[12:49:37.819] 165,288,181
[12:49:37.822] 166,295,169
[12:49:37.825] 167,282,183
[12:49:37.828] 168,249,189
[12:49:37.833] 169,205,201
[12:49:37.834] 170,155,204
[12:49:37.835] 171,148,185
[12:49:37.840] 172,126,192
[12:49:37.841] 173,126,189
[12:49:37.844] 174,132,200
[12:49:37.847] 175,140,193
[12:49:37.851] 176,159,173
[12:49:37.852] 177,156,175
[12:49:37.854] 178,158,160
[12:49:37.857] 179,150,169
[12:49:37.860] 180,149,167
[12:49:37.869] 181,143,164
[12:49:37.869] 182,144,153
[12:49:37.870] 183,164,137
[12:49:37.870] 184,173,136
[12:49:37.882] 185,156,137
[12:49:37.884] 186,60,135
[12:49:37.887] 187,0,124
[12:49:37.891] 188,0,117
[12:49:37.892] 189,0,110
[12:49:37.898] 190,0,123
[12:49:37.899] 191,0,134
[12:49:37.900] 192,48,126
[12:49:37.902] 193,218,137
[12:49:37.909] 194,399,145
[12:49:37.909] 195,477,138
[12:49:37.911] 196,505,139
[12:49:37.912] 197,502,133
[12:49:37.921] 198,458,136
[12:49:37.921] 199,403,151
[12:49:40.138] [SysEx TX] F0 00 7D 00 05 03 00 00 7F 7F F7
[12:49:40.139] [SCOPE] input=0 pad_type=2 head_ch=1 rim_ch=0 head_peak=4095 rim_peak=3270 decision=HEAD samples=200
[12:49:40.144] T,H,R
[12:49:40.153] 0,4,3
[12:49:40.154] 1,3,7
[12:49:40.154] 2,5,7
[12:49:40.162] 3,7,2
[12:49:40.162] 4,4,7
[12:49:40.163] 5,6,8
[12:49:40.171] 6,3,9
[12:49:40.171] 7,2,4
[12:49:40.172] 8,7,2
[12:49:40.174] 9,3,7
[12:49:40.177] 10,2,4
[12:49:40.180] 11,5,8
[12:49:40.182] 12,2,7
[12:49:40.186] 13,2,5
[12:49:40.188] 14,2,3
[12:49:40.193] 15,2,7
[12:49:40.197] 16,5,2
[12:49:40.199] 17,2,7
[12:49:40.199] 18,5,2
[12:49:40.202] 19,2,3
[12:49:40.204] 20,5,2
[12:49:40.215] 21,2,3
[12:49:40.216] 22,2,3
[12:49:40.216] 23,6,4
[12:49:40.216] 24,2,7
[12:49:40.224] 25,2,3
[12:49:40.225] 26,5,2
[12:49:40.226] 27,3,7
[12:49:40.235] 28,2,3
[12:49:40.237] 29,4,2
[12:49:40.241] 30,2,2
[12:49:40.243] 31,2,3
[12:49:40.246] 32,0,4
[12:49:40.249] 33,5,8
[12:49:40.253] 34,2,7
[12:49:40.254] 35,2,2
[12:49:40.256] 36,2,5
[12:49:40.260] 37,0,2
[12:49:40.267] 38,0,8
[12:49:40.268] 39,5,2
[12:49:40.268] 40,1,8
[12:49:40.278] 41,2,2
[12:49:40.278] 42,2,5
[12:49:40.278] 43,4,2
[12:49:40.280] 44,2,5
[12:49:40.285] 45,1,2
[12:49:40.286] 46,0,2
[12:49:40.288] 47,5,2
[12:49:40.290] 48,1,2
[12:49:40.297] 49,1,2
[12:49:40.297] 50,3,2
[12:49:40.299] 51,2,3
[12:49:40.302] 52,1,2
[12:49:40.305] 53,5,2
[12:49:40.308] 54,4,2
[12:49:40.313] 55,5,2
[12:49:40.314] 56,2,2
[12:49:40.316] 57,1,2
[12:49:40.319] 58,3,7
[12:49:40.327] 59,2,3
[12:49:40.327] 60,1,2
[12:49:40.328] 61,3,2
[12:49:40.339] 62,4,5
[12:49:40.340] 63,3,2
[12:49:40.343] 64,2,2
[12:49:40.345] 65,0,2
[12:49:40.348] 66,5,1
[12:49:40.351] 67,2,3
[12:49:40.356] 68,1,2
[12:49:40.356] 69,4,1
[12:49:40.358] 70,2,2
[12:49:40.362] 71,3,3
[12:49:40.367] 72,0,3
[12:49:40.368] 73,2,2
[12:49:40.369] 74,5,2
[12:49:40.387] 75,2,5
[12:49:40.387] 76,2,2
[12:49:40.387] 77,4,2
[12:49:40.387] 78,2,8
[12:49:40.392] 79,5,2
[12:49:40.394] 80,0,3
[12:49:40.396] 81,0,2
[12:49:40.398] 82,3,6
[12:49:40.407] 83,2,3
[12:49:40.407] 84,1,2
[12:49:40.409] 85,5,4
[12:49:40.412] 86,5,4
[12:49:40.414] 87,3,5
[12:49:40.417] 88,5,4
[12:49:40.420] 89,5,2
[12:49:40.429] 90,2,7
[12:49:40.430] 91,2,2
[12:49:40.430] 92,5,2
[12:49:40.432] 93,2,5
[12:49:40.447] 94,16,8
[12:49:40.450] 95,8,3
[12:49:40.454] 96,3,6
[12:49:40.459] 97,2,5
[12:49:40.459] 98,2,4
[12:49:40.460] 99,21,0
[12:49:40.463] 100,156,0
[12:49:40.470] 101,159,0
[12:49:40.472] 102,141,263
[12:49:40.472] 103,124,221
[12:49:40.481] 104,0,457
[12:49:40.481] 105,0,548
[12:49:40.481] 106,0,26
[12:49:40.483] 107,0,0
[12:49:40.487] 108,0,20
[12:49:40.490] 109,47,0
[12:49:40.492] 110,0,374
[12:49:40.495] 111,0,827
[12:49:40.499] 112,0,0
[12:49:40.502] 113,0,209
[12:49:40.503] 114,0,1257
[12:49:40.506] 115,1363,1262
[12:49:40.509] 116,4095,2427
[12:49:40.512] 117,4095,1704
[12:49:40.515] 118,4095,1328
[12:49:40.517] 119,4095,715
[12:49:40.520] 120,4095,108
[12:49:40.523] 121,4095,463
[12:49:40.543] 122,4095,498
[12:49:40.543] 123,3488,1019
[12:49:40.543] 124,1982,1430
[12:49:40.543] 125,222,3265
[12:49:40.548] 126,0,2477
[12:49:40.550] 127,0,1510
[12:49:40.552] 128,0,446
[12:49:40.555] 129,0,0
[12:49:40.562] 130,54,1504
[12:49:40.562] 131,2675,2851
[12:49:40.563] 132,4095,3270
[12:49:40.565] 133,4095,2349
[12:49:40.572] 134,4095,990
[12:49:40.572] 135,4095,1472
[12:49:40.575] 136,4095,2004
[12:49:40.577] 137,3536,3038
[12:49:40.583] 138,2844,2761
[12:49:40.583] 139,2249,1675
[12:49:40.584] 140,1944,1853
[12:49:40.586] 141,2223,1235
[12:49:40.590] 142,2671,2329
[12:49:40.593] 143,2889,2548
[12:49:40.595] 144,2666,2310
[12:49:40.599] 145,2198,2623
[12:49:40.600] 146,1914,1853
[12:49:40.603] 147,1981,2009
[12:49:40.606] 148,2247,1590
[12:49:40.609] 149,2521,1353
[12:49:40.612] 150,725,1170
[12:49:40.614] 151,0,1140
[12:49:40.617] 152,1,2269
[12:49:40.620] 153,0,2070
[12:49:40.623] 154,10,1959
[12:49:40.625] 155,1177,1942
[12:49:40.634] 156,2925,1635
[12:49:40.634] 157,4095,1232
[12:49:40.635] 158,4095,825
[12:49:40.635] 159,4095,1370
[12:49:40.640] 160,4095,1461
[12:49:40.646] 161,3131,1590
[12:49:40.649] 162,2457,1577
[12:49:40.651] 163,1996,1688
[12:49:40.654] 164,1699,1953
[12:49:40.656] 165,1640,1693
[12:49:40.663] 166,1787,1673
[12:49:40.664] 167,2057,1400
[12:49:40.665] 168,2203,1433
[12:49:40.666] 169,2100,1726
[12:49:40.670] 170,2222,1263
[12:49:40.677] 171,1968,1325
[12:49:40.678] 172,0,1232
[12:49:40.686] 173,0,1962
[12:49:40.686] 174,0,2239
[12:49:40.690] 175,174,1744
[12:49:40.691] 176,1747,1817
[12:49:40.694] 177,4095,1001
[12:49:40.695] 178,4095,1018
[12:49:40.699] 179,4095,1443
[12:49:40.702] 180,4095,1693
[12:49:40.704] 181,3168,1605
[12:49:40.706] 182,1742,1360
[12:49:40.709] 183,497,1713
[12:49:40.713] 184,0,1529
[12:49:40.715] 185,256,1464
[12:49:40.717] 186,372,1364
[12:49:40.720] 187,0,989
[12:49:40.723] 188,0,1256
[12:49:40.726] 189,0,1372
[12:49:40.729] 190,2,1530
[12:49:40.737] 191,925,1420
[12:49:40.737] 192,1671,1186
[12:49:40.737] 193,2228,1272
[12:49:40.749] 194,2593,1503
[12:49:40.749] 195,2525,1436
[12:49:40.749] 196,2171,1360
[12:49:40.751] 197,1760,1404
[12:49:40.754] 198,1600,1287
[12:49:40.756] 199,1782,1095
[12:49:40.769] [SysEx TX] F0 00 7D 00 05 03 00 00 7F 7F F7
[12:49:40.778] [SCOPE] input=0 pad_type=2 head_ch=1 rim_ch=0 head_peak=4095 rim_peak=3270 decision=HEAD samples=200
[12:49:40.778] T,H,R
[12:49:40.778] 0,2,8
[12:49:40.782] 1,5,2
[12:49:40.788] 2,0,3
[12:49:40.788] 3,0,2
[12:49:40.788] 4,3,6
[12:49:40.790] 5,2,3
[12:49:40.805] 6,1,2
[12:49:40.805] 7,5,4
[12:49:40.805] 8,5,4
[12:49:40.805] 9,3,5
[12:49:40.810] 10,5,4
[12:49:40.813] 11,5,2
[12:49:40.815] 12,2,7
[12:49:40.818] 13,2,2
[12:49:40.821] 14,5,2
[12:49:40.824] 15,2,5
[12:49:40.835] 16,16,8
[12:49:40.835] 17,8,3
[12:49:40.841] 18,3,6
[12:49:40.841] 19,2,5
[12:49:40.842] 20,2,4
[12:49:40.849] 21,21,0
[12:49:40.854] 22,156,0
[12:49:40.855] 23,159,0
[12:49:40.858] 24,141,263
[12:49:40.861] 25,124,221
[12:49:40.864] 26,0,457
[12:49:40.869] 27,0,548
[12:49:40.869] 28,0,26
[12:49:40.871] 29,0,0
[12:49:40.873] 30,0,20
[12:49:40.880] 31,47,0
[12:49:40.880] 32,0,374
[12:49:40.882] 33,0,827
[12:49:40.888] 34,0,0
[12:49:40.888] 35,0,209
[12:49:40.889] 36,0,1257
[12:49:40.893] 37,1363,1262
[12:49:40.894] 38,4095,2427
[12:49:40.897] 39,4095,1704
[12:49:40.900] 40,4095,1328
[12:49:40.904] 41,4095,715
[12:49:40.906] 42,4095,108
[12:49:40.908] 43,4095,463
[12:49:40.913] 44,4095,498
[12:49:40.916] 45,3488,1019
[12:49:40.917] 46,1982,1430
[12:49:40.919] 47,222,3265
[12:49:40.922] 48,0,2477
[12:49:40.924] 49,0,1510
[12:49:40.927] 50,0,446
[12:49:40.930] 51,0,0
[12:49:40.933] 52,54,1504
[12:49:40.941] 53,2675,2851
[12:49:40.942] 54,4095,3270
[12:49:40.942] 55,4095,2349
[12:49:40.943] 56,4095,990
[12:49:40.959] 57,4095,1472
[12:49:40.963] 58,4095,2004
[12:49:40.966] 59,3536,3038
[12:49:40.971] 60,2844,2761
[12:49:40.972] 61,2249,1675
[12:49:40.973] 62,1944,1853
[12:49:40.975] 63,2223,1235
[12:49:40.981] 64,2671,2329
[12:49:40.982] 65,2889,2548
[12:49:40.984] 66,2666,2310
[12:49:40.991] 67,2198,2623
[12:49:40.992] 68,1914,1853
[12:49:40.993] 69,1981,2009
[12:49:40.994] 70,2247,1590
[12:49:40.997] 71,2521,1353
[12:49:41.000] 72,725,1170
[12:49:41.003] 73,0,1140
[12:49:41.006] 74,1,2269
[12:49:41.009] 75,0,2070
[12:49:41.013] 76,10,1959
[12:49:41.015] 77,1177,1942
[12:49:41.017] 78,2925,1635
[12:49:41.020] 79,4095,1232
[12:49:41.023] 80,4095,825
[12:49:41.026] 81,4095,1370
[12:49:41.029] 82,4095,1461
[12:49:41.032] 83,3131,1590
[12:49:41.034] 84,2457,1577
[12:49:41.045] 85,1996,1688
[12:49:41.046] 86,1699,1953
[12:49:41.046] 87,1640,1693
[12:49:41.046] 88,1787,1673
[12:49:41.058] 89,2057,1400
[12:49:41.060] 90,2203,1433
[12:49:41.062] 91,2100,1726
[12:49:41.066] 92,2222,1263
[12:49:41.069] 93,1968,1325
[12:49:41.073] 94,0,1232
[12:49:41.074] 95,0,1962
[12:49:41.076] 96,0,2239
[12:49:41.078] 97,174,1744
[12:49:41.084] 98,1747,1817
[12:49:41.085] 99,4095,1001
[12:49:41.087] 100,4095,1018
[12:49:41.094] 101,4095,1443
[12:49:41.094] 102,4095,1693
[12:49:41.095] 103,3168,1605
[12:49:41.097] 104,1742,1360
[12:49:41.100] 105,497,1713
[12:49:41.102] 106,0,1529
[12:49:41.105] 107,256,1464
[12:49:41.109] 108,372,1364
[12:49:41.112] 109,0,989
[12:49:41.115] 110,0,1256
[12:49:41.117] 111,0,1372
[12:49:41.119] 112,2,1530
[12:49:41.122] 113,925,1420
[12:49:41.125] 114,1671,1186
[12:49:41.128] 115,2228,1272
[12:49:41.131] 116,2593,1503
[12:49:41.134] 117,2525,1436
[12:49:41.136] 118,2171,1360
[12:49:41.145] 119,1760,1404
[12:49:41.148] 120,1600,1287
[12:49:41.148] 121,1782,1095
[12:49:41.148] 122,1853,1297
[12:49:41.161] 123,1819,1566
[12:49:41.164] 124,1738,1741
[12:49:41.167] 125,1554,1689
[12:49:41.170] 126,1383,1406
[12:49:41.175] 127,1372,1046
[12:49:41.176] 128,1590,1012
[12:49:41.178] 129,1865,1115
[12:49:41.180] 130,1997,1118
[12:49:41.186] 131,1433,1202
[12:49:41.193] 132,0,1030
[12:49:41.193] 133,0,1202
[12:49:41.196] 134,0,1337
[12:49:41.197] 135,0,1177
[12:49:41.198] 136,569,968
[12:49:41.208] 137,1606,758
[12:49:41.208] 138,2886,992
[12:49:41.208] 139,4095,1174
[12:49:41.209] 140,4095,1126
[12:49:41.213] 141,4095,987
[12:49:41.215] 142,3738,734
[12:49:41.218] 143,3033,830
[12:49:41.221] 144,2577,1017
[12:49:41.224] 145,2319,1254
[12:49:41.227] 146,2194,1260
[12:49:41.231] 147,2196,966
[12:49:41.241] 148,2251,1044
[12:49:41.241] 149,2382,870
[12:49:41.241] 150,2515,928
[12:49:41.241] 151,2489,1054
[12:49:41.249] 152,1841,1135
[12:49:41.249] 153,1215,1329
[12:49:41.250] 154,1166,1303
[12:49:41.260] 155,1181,1343
[12:49:41.263] 156,1332,1066
[12:49:41.266] 157,1769,965
[12:49:41.269] 158,2185,985
[12:49:41.271] 159,2417,913
[12:49:41.278] 160,2419,1145
[12:49:41.279] 161,2188,1238
[12:49:41.279] 162,1846,1254
[12:49:41.282] 163,1528,1305
[12:49:41.288] 164,1415,1158
[12:49:41.289] 165,1529,893
[12:49:41.289] 166,1039,653
[12:49:41.292] 167,0,710
[12:49:41.306] 168,0,920
[12:49:41.306] 169,217,1037
[12:49:41.306] 170,634,958
[12:49:41.309] 171,1574,911
[12:49:41.314] 172,2502,850
[12:49:41.317] 173,3059,735
[12:49:41.320] 174,3204,766
[12:49:41.322] 175,2911,618
[12:49:41.326] 176,2440,595
[12:49:41.328] 177,1948,735
[12:49:41.331] 178,1660,821
[12:49:41.334] 179,1634,998
[12:49:41.337] 180,1743,872
[12:49:41.340] 181,1846,836
[12:49:41.342] 182,1896,846
[12:49:41.351] 183,1833,750
[12:49:41.352] 184,1789,841
[12:49:41.352] 185,1782,785
[12:49:41.353] 186,1809,781
[12:49:41.362] 187,1817,847
[12:49:41.365] 188,1757,854
[12:49:41.367] 189,1624,897
[12:49:41.371] 190,344,851
[12:49:41.373] 191,0,861
[12:49:41.380] 192,26,904
[12:49:41.381] 193,89,865
[12:49:41.382] 194,620,827
[12:49:41.383] 195,1520,859
[12:49:41.386] 196,2174,903
[12:49:41.391] 197,2510,924
[12:49:41.392] 198,2550,923
[12:49:41.394] 199,2294,835
[12:49:41.404] [SysEx TX] F0 00 7D 00 05 03 00 00 17 17 F7
[12:49:41.410] [SCOPE] input=0 pad_type=2 head_ch=1 rim_ch=0 head_peak=708 rim_peak=467 decision=HEAD samples=200
[12:49:41.413] T,H,R
[12:49:41.416] 0,336,379
[12:49:41.417] 1,266,377
[12:49:41.419] 2,244,408
[12:49:41.423] 3,176,384
[12:49:41.426] 4,206,441
[12:49:41.428] 5,221,457
[12:49:41.432] 6,246,467
[12:49:41.435] 7,303,441
[12:49:41.438] 8,345,358
[12:49:41.439] 9,414,378
[12:49:41.442] 10,438,409
[12:49:41.445] 11,418,461
[12:49:41.453] 12,372,448
[12:49:41.453] 13,332,381
[12:49:41.454] 14,289,375
[12:49:41.455] 15,271,352
[12:49:41.464] 16,268,390
[12:49:41.464] 17,259,420
[12:49:41.465] 18,269,363
[12:49:41.466] 19,295,328
[12:49:41.470] 20,310,300
[12:49:41.475] 21,347,313
[12:49:41.476] 22,338,312
[12:49:41.478] 23,278,344
[12:49:41.483] 24,233,358
[12:49:41.484] 25,235,338
[12:49:41.486] 26,257,345
[12:49:41.489] 27,276,307
[12:49:41.494] 28,314,294
[12:49:41.494] 29,367,294
[12:49:41.496] 30,395,288
[12:49:41.506] 31,353,314
[12:49:41.506] 32,169,349
[12:49:41.506] 33,10,368
[12:49:41.513] 34,0,389
[12:49:41.521] 35,0,368
[12:49:41.522] 36,0,354
[12:49:41.522] 37,78,331
[12:49:41.526] 38,248,339
[12:49:41.528] 39,361,358
[12:49:41.532] 40,433,359
[12:49:41.534] 41,430,371
[12:49:41.536] 42,348,358
[12:49:41.539] 43,273,360
[12:49:41.542] 44,211,364
[12:49:41.545] 45,182,337
[12:49:41.549] 46,182,314
[12:49:41.556] 47,200,323
[12:49:41.556] 48,211,312
[12:49:41.556] 49,221,302
[12:49:41.572] 50,217,323
[12:49:41.577] 51,206,283
[12:49:41.582] 52,206,283
[12:49:41.586] 53,205,281
[12:49:41.586] 54,209,281
[12:49:41.587] 55,216,283
[12:49:41.590] 56,224,244
[12:49:41.599] 57,231,233
[12:49:41.600] 58,192,242
[12:49:41.600] 59,70,236
[12:49:41.607] 60,0,252
[12:49:41.607] 61,0,269
[12:49:41.607] 62,0,277
[12:49:41.610] 63,0,289
[12:49:41.614] 64,57,298
[12:49:41.616] 65,123,314
[12:49:41.619] 66,180,294
[12:49:41.622] 67,274,267
[12:49:41.625] 68,313,294
[12:49:41.628] 69,294,302
[12:49:41.630] 70,263,331
[12:49:41.633] 71,214,350
[12:49:41.636] 72,170,332
[12:49:41.639] 73,142,304
[12:49:41.641] 74,106,317
[12:49:41.643] 75,100,302
[12:49:41.646] 76,111,315
[12:49:41.649] 77,132,308
[12:49:41.658] 78,155,282
[12:49:41.666] 79,161,267
[12:49:41.666] 80,155,278
[12:49:41.666] 81,142,270
[12:49:41.681] 82,124,284
[12:49:41.683] 83,120,273
[12:49:41.683] 84,118,244
[12:49:41.688] 85,137,238
[12:49:41.690] 86,152,224
[12:49:41.690] 87,169,185
[12:49:41.692] 88,201,189
[12:49:41.697] 89,216,207
[12:49:41.698] 90,212,233
[12:49:41.700] 91,164,244
[12:49:41.706] 92,31,219
[12:49:41.706] 93,0,226
[12:49:41.708] 94,0,202
[12:49:41.712] 95,0,201
[12:49:41.714] 96,0,228
[12:49:41.716] 97,0,226
[12:49:41.719] 98,162,271
[12:49:41.723] 99,406,264
[12:49:41.725] 100,562,283
[12:49:41.730] 101,638,277
[12:49:41.736] 102,633,264
[12:49:41.736] 103,545,276
[12:49:41.736] 104,422,264
[12:49:41.738] 105,327,272
[12:49:41.741] 106,271,283
[12:49:41.745] 107,246,294
[12:49:41.748] 108,243,313
[12:49:41.750] 109,266,276
[12:49:41.760] 110,271,298
[12:49:41.767] 111,291,262
[12:49:41.767] 112,301,233
[12:49:41.773] 113,286,250
[12:49:41.776] 114,288,241
[12:49:41.781] 115,291,249
[12:49:41.782] 116,270,220
[12:49:41.789] 117,251,212
[12:49:41.790] 118,226,211
[12:49:41.791] 119,201,207
[12:49:41.795] 120,180,216
[12:49:41.796] 121,184,217
[12:49:41.801] 122,198,198
[12:49:41.802] 123,231,202
[12:49:41.804] 124,239,210
[12:49:41.812] 125,242,220
[12:49:41.812] 126,252,197
[12:49:41.814] 127,274,209
[12:49:41.817] 128,262,217
[12:49:41.820] 129,251,237
[12:49:41.823] 130,245,237
[12:49:41.826] 131,245,221
[12:49:41.828] 132,245,239
[12:49:41.833] 133,244,233
[12:49:41.834] 134,226,247
[12:49:41.836] 135,214,266
[12:49:41.839] 136,192,246
[12:49:41.842] 137,174,255
[12:49:41.845] 138,170,244
[12:49:41.847] 139,168,286
[12:49:41.850] 140,153,273
[12:49:41.854] 141,142,241
[12:49:41.856] 142,138,273
[12:49:41.864] 143,140,236
[12:49:41.864] 144,122,256
[12:49:41.865] 145,134,246
[12:49:41.876] 146,128,233
[12:49:41.880] 147,144,230
[12:49:41.880] 148,147,207
[12:49:41.883] 149,148,244
[12:49:41.886] 150,136,232
[12:49:41.891] 151,60,218
[12:49:41.892] 152,0,190
[12:49:41.906] 153,0,182
[12:49:41.906] 154,0,192
[12:49:41.906] 155,0,176
[12:49:41.906] 156,0,220
[12:49:41.910] 157,136,226
[12:49:41.919] 158,382,230
[12:49:41.919] 159,566,235
[12:49:41.920] 160,680,205
[12:49:41.924] 161,708,201
[12:49:41.931] 162,662,198
[12:49:41.931] 163,559,218
[12:49:41.932] 164,438,246
[12:49:41.934] 165,350,244
[12:49:41.937] 166,314,251
[12:49:41.940] 167,302,257
[12:49:41.947] 168,310,266
[12:49:41.948] 169,333,249
[12:49:41.950] 170,358,241
[12:49:41.952] 171,379,233
[12:49:41.955] 172,378,221
[12:49:41.957] 173,372,214
[12:49:41.966] 174,354,230
[12:49:41.966] 175,338,238
[12:49:41.966] 176,311,221
[12:49:41.978] 177,299,227
[12:49:41.978] 178,283,221
[12:49:41.980] 179,284,198
[12:49:41.986] 180,289,204
[12:49:41.988] 181,309,186
[12:49:41.995] 182,325,201
[12:49:42.005] 183,324,204
[12:49:42.005] 184,319,194
[12:49:42.006] 185,294,191
[12:49:42.016] 186,285,165
[12:49:42.016] 187,280,188
[12:49:42.017] 188,276,166
[12:49:42.017] 189,232,195
[12:49:42.021] 190,173,172
[12:49:42.024] 191,143,166
[12:49:42.027] 192,142,174
[12:49:42.029] 193,167,176
[12:49:42.032] 194,154,208
[12:49:42.034] 195,190,185
[12:49:42.039] 196,252,198
[12:49:42.043] 197,314,190
[12:49:42.045] 198,346,187
[12:49:42.051] 199,328,214
[12:49:42.068] [SysEx TX] F0 00 7D 00 05 03 00 00 06 06 F7
[12:49:42.069] [SCOPE] input=0 pad_type=2 head_ch=1 rim_ch=0 head_peak=400 rim_peak=90 decision=HEAD samples=200
[12:49:42.070] T,H,R
[12:49:42.083] 0,33,78
[12:49:42.090] 1,76,75
[12:49:42.099] 2,108,86
[12:49:42.099] 3,189,90
[12:49:42.099] 4,241,82
[12:49:42.101] 5,249,73
[12:49:42.109] 6,249,58
[12:49:42.109] 7,233,70
[12:49:42.110] 8,220,69
[12:49:42.111] 9,216,72
[12:49:42.118] 10,197,73
[12:49:42.119] 11,181,49
[12:49:42.119] 12,191,57
[12:49:42.122] 13,168,47
[12:49:42.125] 14,158,54
[12:49:42.128] 15,137,43
[12:49:42.131] 16,131,57
[12:49:42.136] 17,131,60
[12:49:42.136] 18,138,50
[12:49:42.141] 19,126,57
[12:49:42.141] 20,174,53
[12:49:42.143] 21,205,65
[12:49:42.147] 22,223,61
[12:49:42.149] 23,225,56
[12:49:42.153] 24,207,71
[12:49:42.154] 25,183,59
[12:49:42.157] 26,144,59
[12:49:42.167] 27,105,65
[12:49:42.167] 28,92,74
[12:49:42.174] 29,91,70
[12:49:42.175] 30,105,57
[12:49:42.188] 31,105,57
[12:49:42.189] 32,113,45
[12:49:42.192] 33,57,52
[12:49:42.203] 34,0,54
[12:49:42.203] 35,0,58
[12:49:42.204] 36,0,40
[12:49:42.211] 37,0,33
[12:49:42.211] 38,0,52
[12:49:42.212] 39,0,57
[12:49:42.220] 40,117,74
[12:49:42.220] 41,255,56
[12:49:42.221] 42,349,22
[12:49:42.222] 43,399,26
[12:49:42.227] 44,400,38
[12:49:42.231] 45,379,41
[12:49:42.233] 46,330,47
[12:49:42.235] 47,265,40
[12:49:42.240] 48,187,34
[12:49:42.242] 49,151,44
[12:49:42.245] 50,136,40
[12:49:42.245] 51,154,37
[12:49:42.251] 52,175,43
[12:49:42.252] 53,201,23
[12:49:42.254] 54,228,38
[12:49:42.257] 55,207,41
[12:49:42.260] 56,180,31
[12:49:42.262] 57,139,43
[12:49:42.271] 58,115,41
[12:49:42.272] 59,121,44
[12:49:42.274] 60,148,57
[12:49:42.274] 61,175,52
[12:49:42.288] 62,200,47
[12:49:42.288] 63,211,38
[12:49:42.290] 64,202,37
[12:49:42.308] 65,193,46
[12:49:42.308] 66,163,50
[12:49:42.308] 67,148,57
[12:49:42.308] 68,124,46
[12:49:42.314] 69,123,44
[12:49:42.315] 70,103,39
[12:49:42.325] 71,79,43
[12:49:42.326] 72,69,40
[12:49:42.326] 73,47,34
[12:49:42.326] 74,41,33
[12:49:42.331] 75,59,53
[12:49:42.334] 76,105,41
[12:49:42.336] 77,131,45
[12:49:42.339] 78,173,29
[12:49:42.342] 79,212,31
[12:49:42.345] 80,214,23
[12:49:42.347] 81,208,33
[12:49:42.351] 82,202,38
[12:49:42.353] 83,156,27
[12:49:42.356] 84,108,42
[12:49:42.358] 85,97,37
[12:49:42.363] 86,86,36
[12:49:42.364] 87,94,31
[12:49:42.367] 88,102,45
[12:49:42.375] 89,114,52
[12:49:42.375] 90,143,31
[12:49:42.375] 91,122,42
[12:49:42.376] 92,69,33
[12:49:42.391] 93,0,46
[12:49:42.393] 94,0,45
[12:49:42.394] 95,0,37
[12:49:42.396] 96,0,33
[12:49:42.399] 97,0,41
[12:49:42.405] 98,0,47
[12:49:42.406] 99,71,60
[12:49:42.406] 100,166,50
[12:49:42.411] 101,237,44
[12:49:42.415] 102,264,26
[12:49:42.417] 103,278,52
[12:49:42.418] 104,254,53
[12:49:42.420] 105,205,46
[12:49:42.426] 106,170,47
[12:49:42.426] 107,148,39
[12:49:42.430] 108,127,45
[12:49:42.430] 109,108,44
[12:49:42.433] 110,98,40
[12:49:42.436] 111,112,45
[12:49:42.442] 112,114,26
[12:49:42.443] 113,105,31
[12:49:42.444] 114,93,27
[12:49:42.447] 115,95,41
[12:49:42.450] 116,102,44
[12:49:42.452] 117,105,39
[12:49:42.455] 118,109,47
[12:49:42.458] 119,118,36
[12:49:42.461] 120,121,50
[12:49:42.464] 121,121,41
[12:49:42.469] 122,116,41
[12:49:42.469] 123,102,43
[12:49:42.477] 124,85,52
[12:49:42.478] 125,71,58
[12:49:42.478] 126,57,45
[12:49:42.479] 127,50,38
[12:49:42.491] 128,38,45
[12:49:42.497] 129,14,42
[12:49:42.500] 130,0,53
[12:49:42.502] 131,0,57
[12:49:42.506] 132,0,47
[12:49:42.506] 133,0,44
[12:49:42.510] 134,0,41
[12:49:42.524] 135,26,54
[12:49:42.524] 136,97,60
[12:49:42.524] 137,162,48
[12:49:42.524] 138,212,41
[12:49:42.532] 139,219,35
[12:49:42.532] 140,207,39
[12:49:42.535] 141,175,54
[12:49:42.538] 142,138,48
[12:49:42.540] 143,109,52
[12:49:42.544] 144,68,45
[12:49:42.546] 145,45,43
[12:49:42.550] 146,43,38
[12:49:42.551] 147,45,35
[12:49:42.554] 148,57,38
[12:49:42.558] 149,82,43
[12:49:42.563] 150,81,31
[12:49:42.563] 151,43,35
[12:49:42.565] 152,22,50
[12:49:42.568] 153,0,33
[12:49:42.571] 154,0,51
[12:49:42.580] 155,0,40
[12:49:42.581] 156,0,41
[12:49:42.581] 157,0,46
[12:49:42.581] 158,21,31
[12:49:42.594] 159,60,60
[12:49:42.597] 160,92,44
[12:49:42.599] 161,93,51
[12:49:42.601] 162,107,71
[12:49:42.608] 163,111,40
[12:49:42.609] 164,103,54
[12:49:42.610] 165,95,47
[12:49:42.611] 166,73,52
[12:49:42.615] 167,47,53
[12:49:42.620] 168,46,52
[12:49:42.620] 169,48,53
[12:49:42.622] 170,33,50
[12:49:42.631] 171,31,50
[12:49:42.631] 172,35,52
[12:49:42.632] 173,39,52
[12:49:42.634] 174,46,43
[12:49:42.637] 175,71,33
[12:49:42.640] 176,79,34
[12:49:42.643] 177,89,31
[12:49:42.646] 178,92,51
[12:49:42.649] 179,95,51
[12:49:42.652] 180,85,39
[12:49:42.654] 181,84,29
[12:49:42.657] 182,60,38
[12:49:42.660] 183,45,44
[12:49:42.662] 184,21,53
[12:49:42.666] 185,7,33
[12:49:42.670] 186,0,33
[12:49:42.671] 187,0,31
[12:49:42.674] 188,0,31
[12:49:42.682] 189,0,50
[12:49:42.682] 190,0,53
[12:49:42.683] 191,0,43
[12:49:42.684] 192,0,39
[12:49:42.697] 193,0,47
[12:49:42.697] 194,32,48
[12:49:42.698] 195,97,62
[12:49:42.698] 196,139,59
[12:49:42.703] 197,163,45
[12:49:42.706] 198,169,45
[12:49:42.712] 199,163,47
[12:49:42.722] [SysEx TX] F0 00 7D 00 05 03 01 00 02 02 F7
[12:49:44.419] [SysEx TX] F0 00 7D 00 05 03 00 00 03 03 F7
[12:49:44.424] [SCOPE] input=0 pad_type=2 head_ch=1 rim_ch=0 head_peak=4095 rim_peak=1705 decision=HEAD samples=200
[12:49:44.424] T,H,R
[12:49:44.425] 0,2,2
[12:49:44.439] 1,3,6
[12:49:44.439] 2,3,5
[12:49:44.441] 3,1,2
[12:49:44.442] 4,5,9
[12:49:44.446] 5,2,3
[12:49:44.452] 6,5,2
[12:49:44.453] 7,5,7
[12:49:44.454] 8,2,3
[12:49:44.456] 9,2,2
[12:49:44.463] 10,2,3
[12:49:44.464] 11,2,4
[12:49:44.464] 12,2,3
[12:49:44.467] 13,3,3
[12:49:44.478] 14,2,2
[12:49:44.481] 15,5,2
[12:49:44.483] 16,2,7
[12:49:44.485] 17,8,2
[12:49:44.490] 18,2,7
[12:49:44.490] 19,2,2
[12:49:44.497] 20,7,2
[12:49:44.497] 21,5,7
[12:49:44.498] 22,3,3
[12:49:44.500] 23,8,4
[12:49:44.506] 24,2,8
[12:49:44.506] 25,5,9
[12:49:44.510] 26,5,9
[12:49:44.514] 27,5,7
[12:49:44.522] 28,2,7
[12:49:44.522] 29,2,2
[12:49:44.525] 30,6,8
[12:49:44.525] 31,5,7
[12:49:44.527] 32,3,7
[12:49:44.537] 33,2,3
[12:49:44.537] 34,3,7
[12:49:44.549] 35,7,7
[12:49:44.554] 36,5,8
[12:49:44.554] 37,5,7
[12:49:44.555] 38,8,4
[12:49:44.561] 39,5,8
[12:49:44.565] 40,3,7
[12:49:44.566] 41,2,7
[12:49:44.566] 42,4,3
[12:49:44.574] 43,9,10
[12:49:44.574] 44,8,8
[12:49:44.575] 45,7,2
[12:49:44.576] 46,4,7
[12:49:44.580] 47,8,4
[12:49:44.583] 48,4,7
[12:49:44.587] 49,7,5
[12:49:44.588] 50,7,7
[12:49:44.591] 51,7,2
[12:49:44.594] 52,7,3
[12:49:44.598] 53,4,17
[12:49:44.599] 54,8,2
[12:49:44.602] 55,5,7
[12:49:44.605] 56,2,8
[12:49:44.608] 57,7,5
[12:49:44.611] 58,5,17
[12:49:44.613] 59,4,8
[12:49:44.617] 60,7,9
[12:49:44.619] 61,10,10
[12:49:44.628] 62,4,7
[12:49:44.629] 63,2,8
[12:49:44.630] 64,7,10
[12:49:44.630] 65,2,16
[12:49:44.647] 66,4,9
[12:49:44.649] 67,8,4
[12:49:44.652] 68,3,6
[12:49:44.656] 69,8,4
[12:49:44.656] 70,7,8
[12:49:44.660] 71,3,8
[12:49:44.663] 72,4,7
[12:49:44.667] 73,5,8
[12:49:44.668] 74,7,16
[12:49:44.670] 75,2,10
[12:49:44.680] 76,2,9
[12:49:44.681] 77,2,7
[12:49:44.682] 78,5,10
[12:49:44.686] 79,2,3
[12:49:44.688] 80,5,8
[12:49:44.691] 81,2,7
[12:49:44.694] 82,5,6
[12:49:44.696] 83,4,7
[12:49:44.701] 84,7,7
[12:49:44.701] 85,2,4
[12:49:44.704] 86,2,5
[12:49:44.708] 87,3,6
[12:49:44.711] 88,2,2
[12:49:44.713] 89,2,7
[12:49:44.718] 90,2,8
[12:49:44.719] 91,2,7
[12:49:44.723] 92,5,8
[12:49:44.726] 93,2,3
[12:49:44.732] 94,4,7
[12:49:44.732] 95,5,8
[12:49:44.732] 96,2,3
[12:49:44.745] 97,5,3
[12:49:44.746] 98,3,4
[12:49:44.747] 99,4,0
[12:49:44.750] 100,52,0
[12:49:44.759] 101,81,0
[12:49:44.760] 102,88,0
[12:49:44.762] 103,38,29
[12:49:44.763] 104,0,146
[12:49:44.764] 105,0,93
[12:49:44.768] 106,0,58
[12:49:44.770] 107,0,0
[12:49:44.772] 108,0,0
[12:49:44.780] 109,0,0
[12:49:44.782] 110,0,0
[12:49:44.782] 111,0,109
[12:49:44.783] 112,0,356
[12:49:44.788] 113,7,345
[12:49:44.791] 114,1396,1148
[12:49:44.792] 115,3764,1102
[12:49:44.795] 116,4095,1003
[12:49:44.799] 117,4095,414
[12:49:44.802] 118,4095,0
[12:49:44.803] 119,4095,0
[12:49:44.806] 120,4095,76
[12:49:44.808] 121,4095,935
[12:49:44.811] 122,4095,761
[12:49:44.814] 123,4095,1705
[12:49:44.817] 124,4095,1128
[12:49:44.819] 125,4095,508
[12:49:44.822] 126,4095,719
[12:49:44.834] 127,4095,345
[12:49:44.834] 128,4095,1110
[12:49:44.835] 129,3829,627
[12:49:44.836] 130,2228,782
[12:49:44.845] 131,1053,1285
[12:49:44.848] 132,252,758
[12:49:44.850] 133,303,1467
[12:49:44.853] 134,1235,918
[12:49:44.855] 135,2510,1244
[12:49:44.866] 136,4095,1006
[12:49:44.866] 137,4095,798
[12:49:44.867] 138,4095,1370
[12:49:44.868] 139,3478,873
[12:49:44.873] 140,2363,1455
[12:49:44.873] 141,1590,1263
[12:49:44.881] 142,1161,1197
[12:49:44.881] 143,1149,1403
[12:49:44.883] 144,1417,1118
[12:49:44.884] 145,1579,1562
[12:49:44.885] 146,1717,1081
[12:49:44.889] 147,1695,1052
[12:49:44.892] 148,1677,1076
[12:49:44.894] 149,1609,1006
[12:49:44.897] 150,1625,1310
[12:49:44.900] 151,1596,1036
[12:49:44.902] 152,1596,1238
[12:49:44.905] 153,550,751
[12:49:44.908] 154,0,793
[12:49:44.912] 155,73,914
[12:49:44.913] 156,181,747
[12:49:44.916] 157,422,1173
[12:49:44.919] 158,607,889
[12:49:44.922] 159,671,921
[12:49:44.925] 160,783,783
[12:49:44.930] 161,812,603
[12:49:44.935] 162,865,881
[12:49:44.935] 163,1145,837
[12:49:44.936] 164,1510,1225
[12:49:44.960] 165,1817,917
[12:49:44.960] 166,2023,778
[12:49:44.961] 167,2068,1082
[12:49:44.964] 168,1954,726
[12:49:44.966] 169,1813,889
[12:49:44.969] 170,1598,778
[12:49:44.974] 171,1517,916
[12:49:44.975] 172,1446,1134
[12:49:44.977] 173,1357,1146
[12:49:44.985] 174,1270,1139
[12:49:44.985] 175,1241,743
[12:49:44.985] 176,1238,927
[12:49:44.986] 177,1200,1014
[12:49:44.990] 178,1181,998
[12:49:44.993] 179,1157,1051
[12:49:44.997] 180,1163,757
[12:49:45.000] 181,1177,878
[12:49:45.001] 182,1167,798
[12:49:45.003] 183,1209,790
[12:49:45.008] 184,1206,955
[12:49:45.010] 185,1146,781
[12:49:45.013] 186,1179,734
[12:49:45.022] 187,1129,610
[12:49:45.023] 188,532,723
[12:49:45.023] 189,0,761
[12:49:45.026] 190,0,680
[12:49:45.028] 191,0,782
[12:49:45.036] 192,0,699
[12:49:45.037] 193,0,793
[12:49:45.038] 194,73,762
[12:49:45.038] 195,809,677
[12:49:45.042] 196,1766,793
[12:49:45.048] 197,2793,744
[12:49:45.050] 198,3799,750
[12:49:45.060] 199,4095,724
[12:49:45.066] [SysEx TX] F0 00 7D 00 05 03 00 00 7F 7F F7
[12:49:45.070] [SCOPE] input=0 pad_type=2 head_ch=1 rim_ch=0 head_peak=4095 rim_peak=1705 decision=HEAD samples=200
[12:49:45.072] T,H,R
[12:49:45.077] 0,8,4
[12:49:45.078] 1,5,8
[12:49:45.079] 2,3,7
[12:49:45.087] 3,2,7
[12:49:45.088] 4,4,3
[12:49:45.089] 5,9,10
[12:49:45.089] 6,8,8
[12:49:45.093] 7,7,2
[12:49:45.096] 8,4,7
[12:49:45.105] 9,8,4
[12:49:45.105] 10,4,7
[12:49:45.105] 11,7,5
[12:49:45.106] 12,7,7
[12:49:45.110] 13,7,2
[12:49:45.112] 14,7,3
[12:49:45.116] 15,4,17
[12:49:45.118] 16,8,2
[12:49:45.121] 17,5,7
[12:49:45.124] 18,2,8
[12:49:45.126] 19,7,5
[12:49:45.129] 20,5,17
[12:49:45.132] 21,4,8
[12:49:45.140] 22,7,9
[12:49:45.140] 23,10,10
[12:49:45.141] 24,4,7
[12:49:45.142] 25,2,8
[12:49:45.153] 26,7,10
[12:49:45.156] 27,2,16
[12:49:45.158] 28,4,9
[12:49:45.161] 29,8,4
[12:49:45.164] 30,3,6
[12:49:45.169] 31,8,4
[12:49:45.169] 32,7,8
[12:49:45.171] 33,3,8
[12:49:45.175] 34,4,7
[12:49:45.181] 35,5,8
[12:49:45.183] 36,7,16
[12:49:45.183] 37,2,10
[12:49:45.191] 38,2,9
[12:49:45.191] 39,2,7
[12:49:45.192] 40,5,10
[12:49:45.194] 41,2,3
[12:49:45.197] 42,5,8
[12:49:45.203] 43,2,7
[12:49:45.205] 44,5,6
[12:49:45.205] 45,4,7
[12:49:45.208] 46,7,7
[12:49:45.212] 47,2,4
[12:49:45.214] 48,2,5
[12:49:45.217] 49,3,6
[12:49:45.219] 50,2,2
[12:49:45.222] 51,2,7
[12:49:45.225] 52,2,8
[12:49:45.228] 53,2,7
[12:49:45.231] 54,5,8
[12:49:45.234] 55,2,3
[12:49:45.242] 56,4,7
[12:49:45.243] 57,5,8
[12:49:45.244] 58,2,3
[12:49:45.244] 59,5,3
[12:49:45.253] 60,3,4
[12:49:45.255] 61,4,0
[12:49:45.258] 62,52,0
[12:49:45.259] 63,81,0
[12:49:45.262] 64,88,0
[12:49:45.265] 65,38,29
[12:49:45.271] 66,0,146
[12:49:45.272] 67,0,93
[12:49:45.273] 68,0,58
[12:49:45.281] 69,0,0
[12:49:45.282] 70,0,0
[12:49:45.285] 71,0,0
[12:49:45.285] 72,0,0
[12:49:45.290] 73,0,109
[12:49:45.291] 74,0,356
[12:49:45.294] 75,7,345
[12:49:45.297] 76,1396,1148
[12:49:45.299] 77,3764,1102
[12:49:45.303] 78,4095,1003
[12:49:45.306] 79,4095,414
[12:49:45.309] 80,4095,0
[12:49:45.312] 81,4095,0
[12:49:45.315] 82,4095,76
[12:49:45.316] 83,4095,935
[12:49:45.319] 84,4095,761
[12:49:45.322] 85,4095,1705
[12:49:45.324] 86,4095,1128
[12:49:45.327] 87,4095,508
[12:49:45.330] 88,4095,719
[12:49:45.332] 89,4095,345
[12:49:45.336] 90,4095,1110
[12:49:45.345] 91,3829,627
[12:49:45.345] 92,2228,782
[12:49:45.346] 93,1053,1285
[12:49:45.348] 94,252,758
[12:49:45.359] 95,303,1467
[12:49:45.361] 96,1235,918
[12:49:45.362] 97,2510,1244
[12:49:45.367] 98,4095,1006
[12:49:45.369] 99,4095,798
[12:49:45.374] 100,4095,1370
[12:49:45.375] 101,3478,873
[12:49:45.376] 102,2363,1455
[12:49:45.379] 103,1590,1263
[12:49:45.384] 104,1161,1197
[12:49:45.385] 105,1149,1403
[12:49:45.387] 106,1417,1118
[12:49:45.395] 107,1579,1562
[12:49:45.406] 108,1717,1081
[12:49:45.406] 109,1695,1052
[12:49:45.406] 110,1677,1076
[12:49:45.406] 111,1609,1006
[12:49:45.412] 112,1625,1310
[12:49:45.414] 113,1596,1036
[12:49:45.417] 114,1596,1238
[12:49:45.419] 115,550,751
[12:49:45.428] 116,0,793
[12:49:45.428] 117,73,914
[12:49:45.429] 118,181,747
[12:49:45.430] 119,422,1173
[12:49:45.434] 120,607,889
[12:49:45.436] 121,671,921
[12:49:45.439] 122,783,783
[12:49:45.448] 123,812,603
[12:49:45.448] 124,865,881
[12:49:45.449] 125,1145,837
[12:49:45.463] 126,1510,1225
[12:49:45.468] 127,1817,917
[12:49:45.470] 128,2023,778
[12:49:45.476] 129,2068,1082
[12:49:45.476] 130,1954,726
[12:49:45.478] 131,1813,889
[12:49:45.480] 132,1598,778
[12:49:45.485] 133,1517,916
[12:49:45.488] 134,1446,1134
[12:49:45.489] 135,1357,1146
[12:49:45.496] 136,1270,1139
[12:49:45.499] 137,1241,743
[12:49:45.499] 138,1238,927
[12:49:45.501] 139,1200,1014
[12:49:45.501] 140,1181,998
[12:49:45.504] 141,1157,1051
[12:49:45.507] 142,1163,757
[12:49:45.512] 143,1177,878
[12:49:45.515] 144,1167,798
[12:49:45.516] 145,1209,790
[12:49:45.519] 146,1206,955
[12:49:45.522] 147,1146,781
[12:49:45.529] 148,1179,734
[12:49:45.529] 149,1129,610
[12:49:45.533] 150,532,723
[12:49:45.533] 151,0,761
[12:49:45.535] 152,0,680
[12:49:45.538] 153,0,782
[12:49:45.541] 154,0,699
[12:49:45.550] 155,0,793
[12:49:45.550] 156,73,762
[12:49:45.551] 157,809,677
[12:49:45.553] 158,1766,793
[12:49:45.564] 159,2793,744
[12:49:45.565] 160,3799,750
[12:49:45.568] 161,4095,724
[12:49:45.572] 162,4095,794
[12:49:45.575] 163,3622,914
[12:49:45.580] 164,2900,877
[12:49:45.580] 165,2401,818
[12:49:45.581] 166,2137,759
[12:49:45.584] 167,2108,878
[12:49:45.590] 168,2252,889
[12:49:45.590] 169,2425,826
[12:49:45.591] 170,2521,824
[12:49:45.601] 171,2508,718
[12:49:45.601] 172,2415,736
[12:49:45.602] 173,2286,681
[12:49:45.603] 174,2212,759
[12:49:45.606] 175,2187,722
[12:49:45.610] 176,2191,602
[12:49:45.613] 177,2153,618
[12:49:45.616] 178,1915,529
[12:49:45.619] 179,1503,571
[12:49:45.621] 180,1032,560
[12:49:45.623] 181,695,501
[12:49:45.626] 182,683,546
[12:49:45.629] 183,958,581
[12:49:45.632] 184,1277,635
[12:49:45.635] 185,1559,602
[12:49:45.637] 186,1767,566
[12:49:45.641] 187,1878,502
[12:49:45.643] 188,2032,463
[12:49:45.651] 189,2131,502
[12:49:45.651] 190,2142,526
[12:49:45.653] 191,2120,665
[12:49:45.653] 192,2058,713
[12:49:45.664] 193,1936,656
[12:49:45.664] 194,1830,650
[12:49:45.666] 195,1743,558
[12:49:45.670] 196,1677,620
[12:49:45.672] 197,1648,677
[12:49:45.675] 198,1660,683
[12:49:45.683] 199,1665,745
[12:49:45.692] [SysEx TX] F0 00 7D 00 05 03 00 00 7F 7F F7
[12:49:45.695] [SCOPE] input=0 pad_type=2 head_ch=1 rim_ch=0 head_peak=4095 rim_peak=1705 decision=HEAD samples=200
[12:49:45.708] T,H,R
[12:49:45.708] 0,88,0
[12:49:45.708] 1,38,29
[12:49:45.712] 2,0,146
[12:49:45.714] 3,0,93
[12:49:45.717] 4,0,58
[12:49:45.719] 5,0,0
[12:49:45.724] 6,0,0
[12:49:45.726] 7,0,0
[12:49:45.727] 8,0,0
[12:49:45.731] 9,0,109
[12:49:45.733] 10,0,356
[12:49:45.737] 11,7,345
[12:49:45.739] 12,1396,1148
[12:49:45.742] 13,3764,1102
[12:49:45.752] 14,4095,1003
[12:49:45.753] 15,4095,414
[12:49:45.753] 16,4095,0
[12:49:45.754] 17,4095,0
[12:49:45.756] 18,4095,76
[12:49:45.770] 19,4095,935
[12:49:45.770] 20,4095,761
[12:49:45.770] 21,4095,1705
[12:49:45.776] 22,4095,1128
[12:49:45.777] 23,4095,508
[12:49:45.785] 24,4095,719
[12:49:45.785] 25,4095,345
[12:49:45.785] 26,4095,1110
[12:49:45.787] 27,3829,627
[12:49:45.795] 28,2228,782
[12:49:45.796] 29,1053,1285
[12:49:45.798] 30,252,758
[12:49:45.798] 31,303,1467
[12:49:45.806] 32,1235,918
[12:49:45.807] 33,2510,1244
[12:49:45.807] 34,4095,1006
[12:49:45.810] 35,4095,798
[12:49:45.814] 36,4095,1370
[12:49:45.816] 37,3478,873
[12:49:45.818] 38,2363,1455
[12:49:45.821] 39,1590,1263
[12:49:45.824] 40,1161,1197
[12:49:45.827] 41,1149,1403
[12:49:45.829] 42,1417,1118
[12:49:45.831] 43,1579,1562
[12:49:45.835] 44,1717,1081
[12:49:45.837] 45,1695,1052
[12:49:45.840] 46,1677,1076
[12:49:45.843] 47,1609,1006
[12:49:45.845] 48,1625,1310
[12:49:45.856] 49,1596,1036
[12:49:45.856] 50,1596,1238
[12:49:45.857] 51,550,751
[12:49:45.857] 52,0,793
[12:49:45.870] 53,73,914
[12:49:45.873] 54,181,747
[12:49:45.876] 55,422,1173
[12:49:45.878] 56,607,889
[12:49:45.882] 57,671,921
[12:49:45.886] 58,783,783
[12:49:45.887] 59,812,603
[12:49:45.888] 60,865,881
[12:49:45.892] 61,1145,837
[12:49:45.897] 62,1510,1225
[12:49:45.899] 63,1817,917
[12:49:45.899] 64,2023,778
[12:49:45.908] 65,2068,1082
[12:49:45.910] 66,1954,726
[12:49:45.911] 67,1813,889
[12:49:45.912] 68,1598,778
[12:49:45.920] 69,1517,916
[12:49:45.921] 70,1446,1134
[12:49:45.921] 71,1357,1146
[12:49:45.922] 72,1270,1139
[12:49:45.925] 73,1241,743
[12:49:45.929] 74,1238,927
[12:49:45.930] 75,1200,1014
[12:49:45.933] 76,1181,998
[12:49:45.936] 77,1157,1051
[12:49:45.939] 78,1163,757
[12:49:45.942] 79,1177,878
[12:49:45.944] 80,1167,798
[12:49:45.947] 81,1209,790
[12:49:45.950] 82,1206,955
[12:49:45.959] 83,1146,781
[12:49:45.959] 84,1179,734
[12:49:45.960] 85,1129,610
[12:49:45.960] 86,532,723
[12:49:45.972] 87,0,761
[12:49:45.975] 88,0,680
[12:49:45.978] 89,0,782
[12:49:45.980] 90,0,699
[12:49:45.982] 91,0,793
[12:49:45.988] 92,73,762
[12:49:45.988] 93,809,677
[12:49:45.990] 94,1766,793
[12:49:45.992] 95,2793,744
[12:49:45.999] 96,3799,750
[12:49:46.000] 97,4095,724
[12:49:46.001] 98,4095,794
[12:49:46.003] 99,3622,914
[12:49:46.012] 100,2900,877
[12:49:46.012] 101,2401,818
[12:49:46.014] 102,2137,759
[12:49:46.014] 103,2108,878
[12:49:46.017] 104,2252,889
[12:49:46.020] 105,2425,826
[12:49:46.026] 106,2521,824
[12:49:46.027] 107,2508,718
[12:49:46.028] 108,2415,736
[12:49:46.031] 109,2286,681
[12:49:46.034] 110,2212,759
[12:49:46.036] 111,2187,722
[12:49:46.039] 112,2191,602
[12:49:46.042] 113,2153,618
[12:49:46.045] 114,1915,529
[12:49:46.048] 115,1503,571
[12:49:46.053] 116,1032,560
[12:49:46.054] 117,695,501
[12:49:46.061] 118,683,546
[12:49:46.061] 119,958,581
[12:49:46.062] 120,1277,635
[12:49:46.065] 121,1559,602
[12:49:46.073] 122,1767,566
[12:49:46.073] 123,1878,502
[12:49:46.074] 124,2032,463
[12:49:46.077] 125,2131,502
[12:49:46.080] 126,2142,526
[12:49:46.082] 127,2120,665
[12:49:46.086] 128,2058,713
[12:49:46.093] 129,1936,656
[12:49:46.093] 130,1830,650
[12:49:46.094] 131,1743,558
[12:49:46.097] 132,1677,620
[12:49:46.101] 133,1648,677
[12:49:46.102] 134,1660,683
[12:49:46.104] 135,1665,745
[12:49:46.112] 136,1633,645
[12:49:46.112] 137,1586,635
[12:49:46.114] 138,1520,699
[12:49:46.115] 139,1451,664
[12:49:46.117] 140,1428,639
[12:49:46.121] 141,1445,584
[12:49:46.123] 142,1497,567
[12:49:46.125] 143,1511,533
[12:49:46.129] 144,1515,482
[12:49:46.133] 145,1292,480
[12:49:46.134] 146,412,457
[12:49:46.136] 147,0,487
[12:49:46.139] 148,0,432
[12:49:46.142] 149,0,393
[12:49:46.145] 150,1,428
[12:49:46.147] 151,372,460
[12:49:46.151] 152,751,513
[12:49:46.154] 153,1052,460
[12:49:46.156] 154,1256,374
[12:49:46.164] 155,1492,337
[12:49:46.165] 156,1766,338
[12:49:46.166] 157,1958,416
[12:49:46.166] 158,2089,445
[12:49:46.176] 159,2127,517
[12:49:46.179] 160,1990,495
[12:49:46.182] 161,1776,446
[12:49:46.184] 162,1549,481
[12:49:46.187] 163,1406,461
[12:49:46.194] 164,1369,486
[12:49:46.194] 165,1401,505
[12:49:46.194] 166,1468,525
[12:49:46.198] 167,1517,557
[12:49:46.203] 168,1487,503
[12:49:46.204] 169,1447,485
[12:49:46.206] 170,1381,429
[12:49:46.214] 171,1348,475
[12:49:46.215] 172,1332,495
[12:49:46.215] 173,1305,441
[12:49:46.216] 174,1262,452
[12:49:46.219] 175,1209,401
[12:49:46.226] 176,1179,431
[12:49:46.227] 177,1135,414
[12:49:46.228] 178,1110,415
[12:49:46.231] 179,925,426
[12:49:46.233] 180,709,374
[12:49:46.238] 181,542,391
[12:49:46.238] 182,398,334
[12:49:46.240] 183,355,334
[12:49:46.245] 184,393,354
[12:49:46.249] 185,498,348
[12:49:46.250] 186,696,377
[12:49:46.252] 187,927,338
[12:49:46.262] 188,1131,341
[12:49:46.262] 189,1251,350
[12:49:46.267] 190,1343,334
[12:49:46.267] 191,1368,378
[12:49:46.276] 192,1294,365
[12:49:46.276] 193,1162,391
[12:49:46.283] 194,1043,398
[12:49:46.283] 195,948,411
[12:49:46.284] 196,899,415
[12:49:46.287] 197,890,406
[12:49:46.295] 198,916,444
[12:49:46.297] 199,963,412
[12:49:46.306] [SysEx TX] F0 00 7D 00 05 03 00 00 03 03 F7
[12:49:46.316] [SysEx TX] F0 00 7D 00 05 03 01 00 01 01 F7
[12:49:46.318] [SCOPE] input=0 pad_type=2 head_ch=1 rim_ch=0 head_peak=316 rim_peak=60 decision=HEAD samples=200
[12:49:46.322] T,H,R
[12:49:46.323] 0,105,29
[12:49:46.328] 1,46,31
[12:49:46.330] 2,38,27
[12:49:46.332] 3,57,33
[12:49:46.335] 4,80,19
[12:49:46.339] 5,125,28
[12:49:46.340] 6,172,27
[12:49:46.345] 7,217,31
[12:49:46.346] 8,270,35
[12:49:46.349] 9,297,34
[12:49:46.351] 10,300,41
[12:49:46.354] 11,307,46
[12:49:46.356] 12,297,54
[12:49:46.361] 13,292,46
[12:49:46.368] 14,275,46
[12:49:46.369] 15,233,51
[12:49:46.369] 16,185,60
[12:49:46.392] 17,156,55
[12:49:46.392] 18,159,51
[12:49:46.392] 19,158,43
[12:49:46.392] 20,168,56
[12:49:46.407] 21,180,51
[12:49:46.407] 22,188,51
[12:49:46.407] 23,187,45
[12:49:46.409] 24,200,33
[12:49:46.412] 25,187,20
[12:49:46.419] 26,176,20
[12:49:46.421] 27,179,36
[12:49:46.422] 28,128,30
[12:49:46.422] 29,67,22
[12:49:46.426] 30,0,32
[12:49:46.429] 31,0,20
[12:49:46.432] 32,0,10
[12:49:46.436] 33,0,17
[12:49:46.436] 34,0,20
[12:49:46.440] 35,0,40
[12:49:46.443] 36,65,20
[12:49:46.446] 37,147,20
[12:49:46.448] 38,219,20
[12:49:46.451] 39,270,25
[12:49:46.453] 40,299,32
[12:49:46.456] 41,316,32
[12:49:46.460] 42,299,33
[12:49:46.466] 43,267,30
[12:49:46.472] 44,208,42
[12:49:46.473] 45,144,41
[12:49:46.474] 46,112,46
[12:49:46.475] 47,118,45
[12:49:46.484] 48,112,31
[12:49:46.486] 49,124,47
[12:49:46.489] 50,142,31
[12:49:46.492] 51,161,41
[12:49:46.499] 52,163,41
[12:49:46.501] 53,159,23
[12:49:46.501] 54,153,43
[12:49:46.503] 55,137,31
[12:49:46.506] 56,125,33
[12:49:46.512] 57,129,36
[12:49:46.513] 58,133,27
[12:49:46.521] 59,102,30
[12:49:46.522] 60,90,13
[12:49:46.526] 61,62,23
[12:49:46.531] 62,22,22
[12:49:46.531] 63,0,22
[12:49:46.532] 64,0,23
[12:49:46.533] 65,0,10
[12:49:46.543] 66,0,17
[12:49:46.544] 67,0,26
[12:49:46.545] 68,5,20
[12:49:46.549] 69,86,30
[12:49:46.550] 70,169,23
[12:49:46.553] 71,226,31
[12:49:46.556] 72,246,31
[12:49:46.559] 73,254,27
[12:49:46.565] 74,245,28
[12:49:46.565] 75,217,23
[12:49:46.573] 76,173,39
[12:49:46.573] 77,133,45
[12:49:46.574] 78,77,41
[12:49:46.574] 79,68,51
[12:49:46.591] 80,60,34
[12:49:46.592] 81,82,30
[12:49:46.596] 82,92,47
[12:49:46.598] 83,105,50
[12:49:46.603] 84,118,41
[12:49:46.603] 85,130,25
[12:49:46.605] 86,109,27
[12:49:46.608] 87,98,29
[12:49:46.613] 88,86,33
[12:49:46.613] 89,61,34
[12:49:46.616] 90,26,26
[12:49:46.623] 91,0,22
[12:49:46.624] 92,0,19
[12:49:46.625] 93,0,24
[12:49:46.625] 94,0,26
[12:49:46.629] 95,0,17
[12:49:46.631] 96,0,23
[12:49:46.634] 97,2,19
[12:49:46.638] 98,53,18
[12:49:46.648] 99,109,31
[12:49:46.649] 100,163,29
[12:49:46.650] 101,185,26
[12:49:46.651] 102,200,26
[12:49:46.656] 103,205,25
[12:49:46.658] 104,190,31
[12:49:46.659] 105,170,34
[12:49:46.662] 106,155,31
[12:49:46.665] 107,124,26
[12:49:46.667] 108,114,30
[12:49:46.681] 109,78,36
[12:49:46.681] 110,57,33
[12:49:46.683] 111,52,27
[12:49:46.711] 112,56,30
[12:49:46.715] 113,63,42
[12:49:46.717] 114,76,37
[12:49:46.719] 115,87,36
[12:49:46.720] 116,79,33
[12:49:46.728] 117,80,27
[12:49:46.728] 118,79,34
[12:49:46.729] 119,72,23
[12:49:46.732] 120,44,26
[12:49:46.735] 121,19,37
[12:49:46.737] 122,0,23
[12:49:46.740] 123,0,27
[12:49:46.744] 124,0,31
[12:49:46.746] 125,0,24
[12:49:46.750] 126,0,22
[12:49:46.751] 127,0,27
[12:49:46.754] 128,0,20
[12:49:46.756] 129,0,23
[12:49:46.759] 130,26,33
[12:49:46.761] 131,89,21
[12:49:46.765] 132,150,30
[12:49:46.767] 133,171,13
[12:49:46.770] 134,188,33
[12:49:46.778] 135,201,26
[12:49:46.778] 136,185,24
[12:49:46.779] 137,171,30
[12:49:46.798] 138,149,26
[12:49:46.799] 139,107,41
[12:49:46.799] 140,61,31
[12:49:46.802] 141,36,33
[12:49:46.806] 142,34,33
[12:49:46.808] 143,31,22
[12:49:46.810] 144,50,42
[12:49:46.813] 145,66,33
[12:49:46.818] 146,84,31
[12:49:46.828] 147,84,31
[12:49:46.828] 148,78,31
[12:49:46.828] 149,64,33
[12:49:46.832] 150,40,31
[12:49:46.835] 151,20,41
[12:49:46.837] 152,0,10
[12:49:46.840] 153,0,22
[12:49:46.843] 154,0,27
[12:49:46.845] 155,0,30
[12:49:46.851] 156,0,34
[12:49:46.852] 157,0,35
[12:49:46.853] 158,0,30
[12:49:46.856] 159,0,23
[12:49:46.859] 160,0,26
[12:49:46.861] 161,43,35
[12:49:46.865] 162,89,31
[12:49:46.867] 163,124,46
[12:49:46.870] 164,154,33
[12:49:46.882] 165,167,23
[12:49:46.882] 166,166,30
[12:49:46.882] 167,155,36
[12:49:46.897] 168,152,41
[12:49:46.900] 169,138,30
[12:49:46.907] 170,118,36
[12:49:46.907] 171,98,33
[12:49:46.911] 172,60,27
[12:49:46.917] 173,31,41
[12:49:46.918] 174,15,31
[12:49:46.919] 175,26,41
[12:49:46.922] 176,41,27
[12:49:46.933] 177,53,39
[12:49:46.933] 178,62,30
[12:49:46.933] 179,73,28
[12:49:46.933] 180,69,34
[12:49:46.943] 181,45,22
[12:49:46.943] 182,18,40
[12:49:46.943] 183,0,34
[12:49:46.944] 184,0,34
[12:49:46.948] 185,0,31
[12:49:46.950] 186,0,31
[12:49:46.953] 187,0,30
[12:49:46.955] 188,0,27
[12:49:46.959] 189,0,35
[12:49:46.961] 190,0,33
[12:49:46.964] 191,16,30
[12:49:46.967] 192,74,45
[12:49:46.969] 193,121,31
[12:49:46.972] 194,147,41
[12:49:46.975] 195,167,30
[12:49:46.983] 196,161,31
[12:49:46.983] 197,162,31
[12:49:46.983] 198,156,27
[12:49:46.984] 199,154,49
[12:49:47.508] [SysEx TX] F0 00 7D 00 05 03 00 00 03 03 F7
[12:49:47.508] [SCOPE] input=0 pad_type=2 head_ch=1 rim_ch=0 head_peak=4095 rim_peak=1846 decision=HEAD samples=200
[12:49:47.509] T,H,R
[12:49:47.516] 0,6,8
[12:49:47.520] 1,3,7
[12:49:47.520] 2,2,3
[12:49:47.525] 3,5,2
[12:49:47.526] 4,2,5
[12:49:47.527] 5,2,4
[12:49:47.530] 6,3,2
[12:49:47.535] 7,2,2
[12:49:47.536] 8,6,5
[12:49:47.538] 9,3,6
[12:49:47.546] 10,2,2
[12:49:47.547] 11,2,5
[12:49:47.547] 12,1,4
[12:49:47.548] 13,3,7
[12:49:47.552] 14,0,3
[12:49:47.555] 15,2,5
[12:49:47.561] 16,2,2
[12:49:47.561] 17,3,5
[12:49:47.563] 18,2,3
[12:49:47.567] 19,4,2
[12:49:47.569] 20,2,5
[12:49:47.571] 21,0,2
[12:49:47.574] 22,5,8
[12:49:47.577] 23,0,2
[12:49:47.580] 24,4,2
[12:49:47.582] 25,4,7
[12:49:47.585] 26,3,5
[12:49:47.588] 27,0,2
[12:49:47.598] 28,4,7
[12:49:47.598] 29,2,3
[12:49:47.598] 30,0,2
[12:49:47.599] 31,0,2
[12:49:47.616] 32,4,2
[12:49:47.621] 33,2,5
[12:49:47.622] 34,0,2
[12:49:47.629] 35,5,7
[12:49:47.629] 36,2,2
[12:49:47.629] 37,2,2
[12:49:47.632] 38,5,7
[12:49:47.638] 39,1,5
[12:49:47.639] 40,5,0
[12:49:47.640] 41,3,3
[12:49:47.647] 42,2,5
[12:49:47.647] 43,5,7
[12:49:47.658] 44,1,2
[12:49:47.658] 45,2,5
[12:49:47.658] 46,2,2
[12:49:47.658] 47,2,3
[12:49:47.664] 48,5,8
[12:49:47.664] 49,2,5
[12:49:47.671] 50,2,2
[12:49:47.671] 51,5,8
[12:49:47.672] 52,2,5
[12:49:47.675] 53,2,2
[12:49:47.678] 54,5,2
[12:49:47.681] 55,5,8
[12:49:47.683] 56,2,3
[12:49:47.686] 57,2,2
[12:49:47.692] 58,5,2
[12:49:47.692] 59,4,3
[12:49:47.703] 60,3,2
[12:49:47.703] 61,3,9
[12:49:47.709] 62,6,3
[12:49:47.715] 63,2,2
[12:49:47.715] 64,2,3
[12:49:47.716] 65,5,2
[12:49:47.720] 66,8,2
[12:49:47.723] 67,2,5
[12:49:47.729] 68,2,4
[12:49:47.730] 69,2,5
[12:49:47.731] 70,1,8
[12:49:47.733] 71,5,2
[12:49:47.739] 72,5,3
[12:49:47.740] 73,2,3
[12:49:47.743] 74,7,5
[12:49:47.748] 75,3,7
[12:49:47.750] 76,8,3
[12:49:47.751] 77,7,8
[12:49:47.752] 78,3,9
[12:49:47.758] 79,5,2
[12:49:47.759] 80,8,2
[12:49:47.762] 81,5,2
[12:49:47.764] 82,3,7
[12:49:47.767] 83,2,4
[12:49:47.770] 84,5,3
[12:49:47.773] 85,4,7
[12:49:47.776] 86,6,4
[12:49:47.777] 87,8,3
[12:49:47.781] 88,7,3
[12:49:47.784] 89,4,7
[12:49:47.786] 90,2,8
[12:49:47.789] 91,7,8
[12:49:47.792] 92,2,3
[12:49:47.794] 93,7,2
[12:49:47.802] 94,8,3
[12:49:47.803] 95,4,5
[12:49:47.803] 96,2,4
[12:49:47.817] 97,6,4
[12:49:47.817] 98,2,8
[12:49:47.818] 99,33,0
[12:49:47.820] 100,94,0
[12:49:47.823] 101,108,0
[12:49:47.827] 102,105,7
[12:49:47.832] 103,68,93
[12:49:47.833] 104,0,187
[12:49:47.834] 105,0,166
[12:49:47.837] 106,0,23
[12:49:47.842] 107,0,0
[12:49:47.843] 108,0,0
[12:49:47.844] 109,0,0
[12:49:47.849] 110,0,0
[12:49:47.853] 111,0,0
[12:49:47.853] 112,0,84
[12:49:47.855] 113,0,1689
[12:49:47.858] 114,97,1487
[12:49:47.861] 115,1807,1158
[12:49:47.863] 116,4095,542
[12:49:47.866] 117,4095,286
[12:49:47.869] 118,4095,584
[12:49:47.873] 119,4095,530
[12:49:47.874] 120,4095,614
[12:49:47.878] 121,4095,383
[12:49:47.880] 122,4095,427
[12:49:47.883] 123,4095,998
[12:49:47.885] 124,4095,1060
[12:49:47.888] 125,4095,1227
[12:49:47.891] 126,3670,1296
[12:49:47.894] 127,2730,591
[12:49:47.897] 128,1832,482
[12:49:47.904] 129,0,361
[12:49:47.904] 130,0,880
[12:49:47.905] 131,0,1330
[12:49:47.915] 132,0,1327
[12:49:47.915] 133,662,1301
[12:49:47.916] 134,2932,940
[12:49:47.919] 135,4095,1101
[12:49:47.922] 136,4095,937
[12:49:47.925] 137,4095,1353
[12:49:47.928] 138,4095,1030
[12:49:47.929] 139,3017,1049
[12:49:47.935] 140,1741,1353
[12:49:47.936] 141,710,1030
[12:49:47.937] 142,163,1846
[12:49:47.944] 143,132,1569
[12:49:47.945] 144,393,1434
[12:49:47.945] 145,814,1181
[12:49:47.953] 146,1110,865
[12:49:47.954] 147,1227,1259
[12:49:47.954] 148,1241,1129
[12:49:47.955] 149,1089,1566
[12:49:47.960] 150,1021,1140
[12:49:47.963] 151,976,854
[12:49:47.965] 152,1087,806
[12:49:47.966] 153,1188,532
[12:49:47.969] 154,1075,1241
[12:49:47.977] 155,573,1158
[12:49:47.979] 156,0,1270
[12:49:47.979] 157,0,857
[12:49:47.980] 158,0,493
[12:49:47.983] 159,0,662
[12:49:47.986] 160,73,742
[12:49:47.989] 161,564,1173
[12:49:47.992] 162,860,1022
[12:49:47.995] 163,1017,1176
[12:49:47.997] 164,1335,745
[12:49:48.000] 165,1763,461
[12:49:48.006] 166,2227,875
[12:49:48.008] 167,2606,998
[12:49:48.008] 168,2642,1273
[12:49:48.015] 169,2512,835
[12:49:48.032] 170,2204,789
[12:49:48.036] 171,1913,1121
[12:49:48.036] 172,1604,935
[12:49:48.037] 173,1444,1113
[12:49:48.039] 174,859,867
[12:49:48.042] 175,1065,950
[12:49:48.047] 176,1510,988
[12:49:48.048] 177,1531,1073
[12:49:48.052] 178,1590,1228
[12:49:48.058] 179,1677,937
[12:49:48.059] 180,1748,829
[12:49:48.059] 181,1735,565
[12:49:48.061] 182,1594,728
[12:49:48.063] 183,1487,902
[12:49:48.067] 184,1441,912
[12:49:48.069] 185,1426,925
[12:49:48.073] 186,1434,704
[12:49:48.075] 187,891,823
[12:49:48.078] 188,0,795
[12:49:48.080] 189,0,656
[12:49:48.083] 190,0,694
[12:49:48.087] 191,20,446
[12:49:48.092] 192,934,822
[12:49:48.111] 193,2509,1004
[12:49:48.111] 194,4095,956
[12:49:48.111] 195,4095,953
[12:49:48.128] 196,4095,566
[12:49:48.130] 197,4095,537
[12:49:48.134] 198,3616,506
[12:49:48.134] 199,2867,857
[12:49:48.150] [SysEx TX] F0 00 7D 00 05 03 00 00 7F 7F F7
[12:49:48.170] [SCOPE] input=0 pad_type=2 head_ch=1 rim_ch=0 head_peak=4095 rim_peak=1846 decision=HEAD samples=200
[12:49:48.170] T,H,R
[12:49:48.170] 0,5,7
[12:49:48.171] 1,2,2
[12:49:48.176] 2,2,2
[12:49:48.182] 3,5,7
[12:49:48.184] 4,1,5
[12:49:48.184] 5,5,0
[12:49:48.185] 6,3,3
[12:49:48.190] 7,2,5
[12:49:48.195] 8,5,7
[12:49:48.200] 9,1,2
[12:49:48.201] 10,2,5
[12:49:48.201] 11,2,2
[12:49:48.201] 12,2,3
[12:49:48.212] 13,5,8
[12:49:48.212] 14,2,5
[12:49:48.213] 15,2,2
[12:49:48.214] 16,5,8
[12:49:48.227] 17,2,5
[12:49:48.229] 18,2,2
[12:49:48.232] 19,5,2
[12:49:48.234] 20,5,8
[12:49:48.240] 21,2,3
[12:49:48.242] 22,2,2
[12:49:48.243] 23,5,2
[12:49:48.245] 24,4,3
[12:49:48.251] 25,3,2
[12:49:48.252] 26,3,9
[12:49:48.253] 27,6,3
[12:49:48.260] 28,2,2
[12:49:48.260] 29,2,3
[12:49:48.260] 30,5,2
[12:49:48.265] 31,8,2
[12:49:48.266] 32,2,5
[12:49:48.268] 33,2,4
[12:49:48.272] 34,2,5
[12:49:48.274] 35,1,8
[12:49:48.277] 36,5,2
[12:49:48.280] 37,5,3
[12:49:48.283] 38,2,3
[12:49:48.285] 39,7,5
[12:49:48.288] 40,3,7
[12:49:48.290] 41,8,3
[12:49:48.295] 42,7,8
[12:49:48.296] 43,3,9
[12:49:48.299] 44,5,2
[12:49:48.303] 45,8,2
[12:49:48.304] 46,5,2
[12:49:48.306] 47,3,7
[12:49:48.314] 48,2,4
[12:49:48.314] 49,5,3
[12:49:48.315] 50,4,7
[12:49:48.316] 51,6,4
[12:49:48.325] 52,8,3
[12:49:48.325] 53,7,3
[12:49:48.326] 54,4,7
[12:49:48.330] 55,2,8
[12:49:48.332] 56,7,8
[12:49:48.335] 57,2,3
[12:49:48.338] 58,7,2
[12:49:48.356] 59,8,3
[12:49:48.358] 60,4,5
[12:49:48.358] 61,2,4
[12:49:48.359] 62,6,4
[12:49:48.369] 63,2,8
[12:49:48.381] 64,33,0
[12:49:48.381] 65,94,0
[12:49:48.381] 66,108,0
[12:49:48.381] 67,105,7
[12:49:48.389] 68,68,93
[12:49:48.406] 69,0,187
[12:49:48.406] 70,0,166
[12:49:48.406] 71,0,23
[12:49:48.407] 72,0,0
[12:49:48.417] 73,0,0
[12:49:48.437] 74,0,0
[12:49:48.437] 75,0,0
[12:49:48.437] 76,0,0
[12:49:48.438] 77,0,84
[12:49:48.460] 78,0,1689
[12:49:48.460] 79,97,1487
[12:49:48.462] 80,1807,1158
[12:49:48.462] 81,4095,542
[12:49:48.476] 82,4095,286
[12:49:48.477] 83,4095,584
[12:49:48.477] 84,4095,530
[12:49:48.477] 85,4095,614
[12:49:48.485] 86,4095,383
[12:49:48.488] 87,4095,427
[12:49:48.489] 88,4095,998
[12:49:48.491] 89,4095,1060
[12:49:48.495] 90,4095,1227
[12:49:48.497] 91,3670,1296
[12:49:48.502] 92,2730,591
[12:49:48.503] 93,1832,482
[12:49:48.503] 94,0,361
[12:49:48.505] 95,0,880
[12:49:48.509] 96,0,1330
[12:49:48.512] 97,0,1327
[12:49:48.519] 98,662,1301
[12:49:48.519] 99,2932,940
[12:49:48.519] 100,4095,1101
[12:49:48.520] 101,4095,937
[12:49:48.550] 102,4095,1353
[12:49:48.550] 103,4095,1030
[12:49:48.550] 104,3017,1049
[12:49:48.550] 105,1741,1353
[12:49:48.558] 106,710,1030
[12:49:48.560] 107,163,1846
[12:49:48.560] 108,132,1569
[12:49:48.569] 109,393,1434
[12:49:48.569] 110,814,1181
[12:49:48.570] 111,1110,865
[12:49:48.570] 112,1227,1259
[12:49:48.580] 113,1241,1129
[12:49:48.580] 114,1089,1566
[12:49:48.580] 115,1021,1140
[12:49:48.593] 116,976,854
[12:49:48.593] 117,1087,806
[12:49:48.594] 118,1188,532
[12:49:48.594] 119,1075,1241
[12:49:48.599] 120,573,1158
[12:49:48.601] 121,0,1270
[12:49:48.604] 122,0,857
[12:49:48.606] 123,0,493
[12:49:48.611] 124,0,662
[12:49:48.614] 125,73,742
[12:49:48.621] 126,564,1173
[12:49:48.621] 127,860,1022
[12:49:48.623] 128,1017,1176
[12:49:48.623] 129,1335,745
[12:49:48.637] 130,1763,461
[12:49:48.638] 131,2227,875
[12:49:48.640] 132,2606,998
[12:49:48.643] 133,2642,1273
[12:49:48.647] 134,2512,835
[12:49:48.652] 135,2204,789
[12:49:48.653] 136,1913,1121
[12:49:48.653] 137,1604,935
[12:49:48.655] 138,1444,1113
[12:49:48.662] 139,859,867
[12:49:48.662] 140,1065,950
[12:49:48.663] 141,1510,988
[12:49:48.669] 142,1531,1073
[12:49:48.673] 143,1590,1228
[12:49:48.673] 144,1677,937
[12:49:48.674] 145,1748,829
[12:49:48.678] 146,1735,565
[12:49:48.680] 147,1594,728
[12:49:48.683] 148,1487,902
[12:49:48.686] 149,1441,912
[12:49:48.689] 150,1426,925
[12:49:48.690] 151,1434,704
[12:49:48.695] 152,891,823
[12:49:48.696] 153,0,795
[12:49:48.699] 154,0,656
[12:49:48.703] 155,0,694
[12:49:48.705] 156,20,446
[12:49:48.708] 157,934,822
[12:49:48.710] 158,2509,1004
[12:49:48.714] 159,4095,956
[12:49:48.716] 160,4095,953
[12:49:48.727] 161,4095,566
[12:49:48.727] 162,4095,537
[12:49:48.727] 163,3616,506
[12:49:48.727] 164,2867,857
[12:49:48.737] 165,2337,1106
[12:49:48.743] 166,2147,975
[12:49:48.744] 167,2133,1007
[12:49:48.744] 168,2165,758
[12:49:48.747] 169,2274,787
[12:49:48.753] 170,2375,841
[12:49:48.754] 171,2430,806
[12:49:48.755] 172,2378,888
[12:49:48.758] 173,2329,665
[12:49:48.764] 174,2317,694
[12:49:48.764] 175,2259,758
[12:49:48.765] 176,2182,749
[12:49:48.773] 177,2089,747
[12:49:48.773] 178,2014,678
[12:49:48.773] 179,2029,574
[12:49:48.775] 180,1120,393
[12:49:48.780] 181,0,542
[12:49:48.781] 182,44,655
[12:49:48.784] 183,569,425
[12:49:48.787] 184,1045,510
[12:49:48.790] 185,2134,665
[12:49:48.792] 186,3321,713
[12:49:48.796] 187,4095,714
[12:49:48.798] 188,4095,527
[12:49:48.800] 189,4095,378
[12:49:48.803] 190,3376,281
[12:49:48.810] 191,2794,422
[12:49:48.810] 192,2486,714
[12:49:48.812] 193,2442,813
[12:49:48.814] 194,2488,810
[12:49:48.817] 195,2530,662
[12:49:48.826] 196,2525,527
[12:49:48.828] 197,2512,537
[12:49:48.829] 198,2497,601
[12:49:48.830] 199,2486,726
[12:49:48.850] [SysEx TX] F0 00 7D 00 05 03 00 00 56 56 F7
[12:49:48.856] [SCOPE] input=0 pad_type=2 head_ch=1 rim_ch=0 head_peak=4095 rim_peak=1273 decision=HEAD samples=200
[12:49:48.858] T,H,R
[12:49:48.858] 0,573,1158
[12:49:48.862] 1,0,1270
[12:49:48.871] 2,0,857
[12:49:48.871] 3,0,493
[12:49:48.872] 4,0,662
[12:49:48.892] 5,73,742
[12:49:48.892] 6,564,1173
[12:49:48.892] 7,860,1022
[12:49:48.892] 8,1017,1176
[12:49:48.902] 9,1335,745
[12:49:48.902] 10,1763,461
[12:49:48.902] 11,2227,875
[12:49:48.903] 12,2606,998
[12:49:48.906] 13,2642,1273
[12:49:48.909] 14,2512,835
[12:49:48.912] 15,2204,789
[12:49:48.915] 16,1913,1121
[12:49:48.917] 17,1604,935
[12:49:48.920] 18,1444,1113
[12:49:48.938] 19,859,867
[12:49:48.938] 20,1065,950
[12:49:48.938] 21,1510,988
[12:49:48.946] 22,1531,1073
[12:49:48.948] 23,1590,1228
[12:49:48.952] 24,1677,937
[12:49:48.954] 25,1748,829
[12:49:48.957] 26,1735,565
[12:49:48.958] 27,1594,728
[12:49:48.962] 28,1487,902
[12:49:48.964] 29,1441,912
[12:49:48.969] 30,1426,925
[12:49:48.970] 31,1434,704
[12:49:48.977] 32,891,823
[12:49:48.978] 33,0,795
[12:49:48.978] 34,0,656
[12:49:48.978] 35,0,694
[12:49:48.983] 36,20,446
[12:49:48.985] 37,934,822
[12:49:48.987] 38,2509,1004
[12:49:48.991] 39,4095,956
[12:49:48.994] 40,4095,953
[12:49:48.996] 41,4095,566
[12:49:49.000] 42,4095,537
[12:49:49.002] 43,3616,506
[12:49:49.005] 44,2867,857
[12:49:49.007] 45,2337,1106
[12:49:49.010] 46,2147,975
[12:49:49.012] 47,2133,1007
[12:49:49.017] 48,2165,758
[12:49:49.019] 49,2274,787
[12:49:49.021] 50,2375,841
[12:49:49.032] 51,2430,806
[12:49:49.032] 52,2378,888
[12:49:49.032] 53,2329,665
[12:49:49.032] 54,2317,694
[12:49:49.043] 55,2259,758
[12:49:49.046] 56,2182,749
[12:49:49.048] 57,2089,747
[12:49:49.051] 58,2014,678
[12:49:49.054] 59,2029,574
[12:49:49.060] 60,1120,393
[12:49:49.063] 61,0,542
[12:49:49.064] 62,44,655
[12:49:49.065] 63,569,425
[12:49:49.067] 64,1045,510
[12:49:49.073] 65,2134,665
[12:49:49.073] 66,3321,713
[12:49:49.081] 67,4095,714
[12:49:49.081] 68,4095,527
[12:49:49.082] 69,4095,378
[12:49:49.085] 70,3376,281
[12:49:49.088] 71,2794,422
[12:49:49.090] 72,2486,714
[12:49:49.093] 73,2442,813
[12:49:49.097] 74,2488,810
[12:49:49.098] 75,2530,662
[12:49:49.102] 76,2525,527
[12:49:49.104] 77,2512,537
[12:49:49.106] 78,2497,601
[12:49:49.110] 79,2486,726
[12:49:49.113] 80,2452,747
[12:49:49.115] 81,2322,797
[12:49:49.118] 82,2151,786
[12:49:49.121] 83,2024,659
[12:49:49.123] 84,1990,649
[12:49:49.126] 85,1996,667
[12:49:49.133] 86,2026,715
[12:49:49.134] 87,2095,507
[12:49:49.134] 88,2138,472
[12:49:49.141] 89,2133,645
[12:49:49.143] 90,2045,703
[12:49:49.144] 91,1737,662
[12:49:49.148] 92,793,422
[12:49:49.151] 93,205,378
[12:49:49.153] 94,0,427
[12:49:49.157] 95,25,449
[12:49:49.167] 96,457,523
[12:49:49.168] 97,1184,447
[12:49:49.168] 98,1931,437
[12:49:49.169] 99,2230,470
[12:49:49.173] 100,2297,479
[12:49:49.174] 101,2228,352
[12:49:49.178] 102,2057,270
[12:49:49.181] 103,1853,316
[12:49:49.184] 104,1804,413
[12:49:49.186] 105,1827,544
[12:49:49.188] 106,1848,550
[12:49:49.192] 107,1840,406
[12:49:49.194] 108,1748,468
[12:49:49.199] 109,1657,499
[12:49:49.200] 110,1594,523
[12:49:49.202] 111,1565,527
[12:49:49.206] 112,1605,441
[12:49:49.208] 113,1638,441
[12:49:49.211] 114,1630,478
[12:49:49.214] 115,1580,564
[12:49:49.217] 116,1507,573
[12:49:49.219] 117,1437,480
[12:49:49.222] 118,1397,443
[12:49:49.225] 119,1364,455
[12:49:49.228] 120,1225,462
[12:49:49.235] 121,1102,476
[12:49:49.235] 122,1054,500
[12:49:49.237] 123,1011,489
[12:49:49.237] 124,1083,462
[12:49:49.249] 125,1182,428
[12:49:49.249] 126,1040,397
[12:49:49.249] 127,775,372
[12:49:49.251] 128,709,390
[12:49:49.258] 129,755,356
[12:49:49.261] 130,859,362
[12:49:49.264] 131,1060,380
[12:49:49.265] 132,1305,432
[12:49:49.266] 133,1492,467
[12:49:49.269] 134,1480,404
[12:49:49.276] 135,1327,299
[12:49:49.277] 136,1193,281
[12:49:49.277] 137,1059,346
[12:49:49.278] 138,990,427
[12:49:49.287] 139,1020,443
[12:49:49.287] 140,1068,423
[12:49:49.288] 141,1096,416
[12:49:49.291] 142,1101,384
[12:49:49.294] 143,1073,381
[12:49:49.297] 144,1022,397
[12:49:49.299] 145,1009,398
[12:49:49.302] 146,1000,435
[12:49:49.304] 147,1006,420
[12:49:49.308] 148,987,430
[12:49:49.312] 149,960,414
[12:49:49.313] 150,952,369
[12:49:49.316] 151,910,398
[12:49:49.319] 152,728,377
[12:49:49.324] 153,368,352
[12:49:49.326] 154,244,352
[12:49:49.327] 155,219,297
[12:49:49.330] 156,172,331
[12:49:49.336] 157,156,343
[12:49:49.339] 158,155,380
[12:49:49.339] 159,230,350
[12:49:49.340] 160,372,282
[12:49:49.354] 161,470,256
[12:49:49.354] 162,620,273
[12:49:49.361] 163,793,308
[12:49:49.367] 164,917,316
[12:49:49.367] 165,1025,338
[12:49:49.369] 166,1065,334
[12:49:49.371] 167,987,297
[12:49:49.378] 168,873,302
[12:49:49.379] 169,785,284
[12:49:49.380] 170,743,323
[12:49:49.386] 171,729,316
[12:49:49.387] 172,753,320
[12:49:49.387] 173,755,359
[12:49:49.389] 174,750,345
[12:49:49.392] 175,743,387
[12:49:49.395] 176,717,355
[12:49:49.398] 177,686,345
[12:49:49.401] 178,681,344
[12:49:49.404] 179,667,334
[12:49:49.406] 180,672,371
[12:49:49.412] 181,648,339
[12:49:49.413] 182,634,358
[12:49:49.415] 183,612,332
[12:49:49.418] 184,586,326
[12:49:49.420] 185,595,334
[12:49:49.423] 186,616,315
[12:49:49.425] 187,610,321
[12:49:49.429] 188,415,298
[12:49:49.432] 189,113,297
[12:49:49.438] 190,0,310
[12:49:49.441] 191,0,268
[12:49:49.442] 192,0,254
[12:49:49.442] 193,0,241
[12:49:49.453] 194,168,275
[12:49:49.456] 195,442,300
[12:49:49.458] 196,680,251
[12:49:49.461] 197,844,243
[12:49:49.465] 198,921,204
[12:49:49.470] 199,927,208
[12:49:49.483] [SysEx TX] F0 00 7D 00 05 03 00 00 0C 0C F7
[12:49:49.483] [SCOPE] input=0 pad_type=2 head_ch=1 rim_ch=0 head_peak=738 rim_peak=222 decision=HEAD samples=200
[12:49:49.490] T,H,R
[12:49:49.491] 0,10,190
[12:49:49.492] 1,0,191
[12:49:49.495] 2,0,185
[12:49:49.499] 3,0,211
[12:49:49.501] 4,163,219
[12:49:49.504] 5,381,217
[12:49:49.508] 6,598,222
[12:49:49.510] 7,699,201
[12:49:49.513] 8,738,173
[12:49:49.515] 9,702,160
[12:49:49.518] 10,629,175
[12:49:49.522] 11,574,201
[12:49:49.523] 12,534,212
[12:49:49.526] 13,483,201
[12:49:49.530] 14,443,185
[12:49:49.532] 15,435,166
[12:49:49.544] 16,425,160
[12:49:49.544] 17,420,168
[12:49:49.545] 18,429,181
[12:49:49.546] 19,438,168
[12:49:49.561] 20,441,165
[12:49:49.563] 21,436,150
[12:49:49.566] 22,426,142
[12:49:49.572] 23,406,158
[12:49:49.573] 24,409,156
[12:49:49.574] 25,409,153
[12:49:49.576] 26,422,128
[12:49:49.583] 27,430,137
[12:49:49.584] 28,428,153
[12:49:49.585] 29,391,164
[12:49:49.586] 30,201,175
[12:49:49.595] 31,0,178
[12:49:49.595] 32,0,163
[12:49:49.595] 33,0,146
[12:49:49.598] 34,0,159
[12:49:49.601] 35,0,189
[12:49:49.604] 36,8,210
[12:49:49.608] 37,121,198
[12:49:49.609] 38,274,185
[12:49:49.612] 39,441,169
[12:49:49.616] 40,553,185
[12:49:49.617] 41,601,205
[12:49:49.621] 42,606,196
[12:49:49.623] 43,565,182
[12:49:49.626] 44,470,169
[12:49:49.629] 45,371,174
[12:49:49.631] 46,304,190
[12:49:49.634] 47,283,165
[12:49:49.637] 48,292,166
[12:49:49.649] 49,329,167
[12:49:49.649] 50,362,148
[12:49:49.649] 51,374,150
[12:49:49.649] 52,383,137
[12:49:49.665] 53,366,124
[12:49:49.666] 54,354,132
[12:49:49.666] 55,348,135
[12:49:49.667] 56,341,140
[12:49:49.674] 57,348,125
[12:49:49.675] 58,342,118
[12:49:49.676] 59,317,121
[12:49:49.678] 60,249,121
[12:49:49.681] 61,147,137
[12:49:49.684] 62,44,137
[12:49:49.686] 63,0,134
[12:49:49.690] 64,0,146
[12:49:49.693] 65,0,141
[12:49:49.697] 66,22,160
[12:49:49.698] 67,122,156
[12:49:49.700] 68,243,167
[12:49:49.703] 69,323,158
[12:49:49.706] 70,355,171
[12:49:49.709] 71,372,162
[12:49:49.713] 72,366,175
[12:49:49.715] 73,357,181
[12:49:49.718] 74,314,178
[12:49:49.719] 75,277,184
[12:49:49.737] 76,222,180
[12:49:49.740] 77,195,185
[12:49:49.747] 78,175,160
[12:49:49.748] 79,174,150
[12:49:49.748] 80,185,157
[12:49:49.750] 81,204,161
[12:49:49.763] 82,211,169
[12:49:49.766] 83,219,146
[12:49:49.768] 84,217,153
[12:49:49.770] 85,205,139
[12:49:49.780] 86,203,126
[12:49:49.782] 87,205,138
[12:49:49.782] 88,210,118
[12:49:49.782] 89,222,116
[12:49:49.788] 90,198,119
[12:49:49.788] 91,102,126
[12:49:49.790] 92,0,137
[12:49:49.799] 93,0,121
[12:49:49.799] 94,0,116
[12:49:49.800] 95,0,121
[12:49:49.800] 96,0,141
[12:49:49.805] 97,1,153
[12:49:49.808] 98,77,159
[12:49:49.815] 99,184,158
[12:49:49.815] 100,284,140
[12:49:49.815] 101,350,151
[12:49:49.820] 102,388,151
[12:49:49.821] 103,395,168
[12:49:49.824] 104,397,169
[12:49:49.827] 105,378,168
[12:49:49.831] 106,294,173
[12:49:49.832] 107,214,161
[12:49:49.835] 108,174,158
[12:49:49.837] 109,169,154
[12:49:49.841] 110,170,175
[12:49:49.850] 111,187,161
[12:49:49.851] 112,217,153
[12:49:49.851] 113,222,152
[12:49:49.851] 114,216,126
[12:49:49.860] 115,223,126
[12:49:49.865] 116,213,121
[12:49:49.867] 117,217,126
[12:49:49.869] 118,214,121
[12:49:49.872] 119,217,110
[12:49:49.875] 120,205,116
[12:49:49.880] 121,180,93
[12:49:49.880] 122,162,102
[12:49:49.882] 123,125,104
[12:49:49.884] 124,84,118
[12:49:49.891] 125,41,105
[12:49:49.892] 126,0,116
[12:49:49.892] 127,0,121
[12:49:49.897] 128,0,118
[12:49:49.901] 129,0,137
[12:49:49.901] 130,0,126
[12:49:49.903] 131,40,137
[12:49:49.906] 132,137,145
[12:49:49.909] 133,219,144
[12:49:49.914] 134,295,162
[12:49:49.914] 135,334,160
[12:49:49.922] 136,334,141
[12:49:49.923] 137,292,146
[12:49:49.923] 138,216,141
[12:49:49.926] 139,144,157
[12:49:49.928] 140,104,149
[12:49:49.932] 141,99,143
[12:49:49.934] 142,104,128
[12:49:49.937] 143,129,122
[12:49:49.944] 144,149,133
[12:49:49.944] 145,169,129
[12:49:49.946] 146,169,118
[12:49:49.953] 147,172,94
[12:49:49.953] 148,169,86
[12:49:49.953] 149,160,88
[12:49:49.964] 150,171,92
[12:49:49.968] 151,169,98
[12:49:49.971] 152,150,94
[12:49:49.974] 153,111,79
[12:49:49.976] 154,26,82
[12:49:49.983] 155,0,74
[12:49:49.983] 156,0,80
[12:49:49.984] 157,0,83
[12:49:49.986] 158,0,86
[12:49:49.992] 159,0,84
[12:49:49.993] 160,61,80
[12:49:49.994] 161,206,105
[12:49:50.002] 162,326,101
[12:49:50.002] 163,414,96
[12:49:50.002] 164,441,111
[12:49:50.004] 165,425,94
[12:49:50.008] 166,384,113
[12:49:50.011] 167,317,117
[12:49:50.014] 168,233,123
[12:49:50.016] 169,180,123
[12:49:50.022] 170,166,114
[12:49:50.022] 171,170,117
[12:49:50.025] 172,183,103
[12:49:50.027] 173,200,108
[12:49:50.030] 174,227,98
[12:49:50.033] 175,230,96
[12:49:50.035] 176,233,103
[12:49:50.037] 177,214,78
[12:49:50.040] 178,201,89
[12:49:50.043] 179,202,86
[12:49:50.046] 180,197,75
[12:49:50.054] 181,205,77
[12:49:50.055] 182,214,58
[12:49:50.055] 183,214,61
[12:49:50.056] 184,188,48
[12:49:50.066] 185,116,58
[12:49:50.070] 186,24,58
[12:49:50.071] 187,0,54
[12:49:50.074] 188,0,53
[12:49:50.077] 189,0,44
[12:49:50.079] 190,0,52
[12:49:50.084] 191,40,57
[12:49:50.085] 192,141,62
[12:49:50.089] 193,219,73
[12:49:50.094] 194,288,58
[12:49:50.095] 195,326,68
[12:49:50.096] 196,339,63
[12:49:50.098] 197,328,72
[12:49:50.105] 198,315,69
[12:49:50.105] 199,296,70
=== Session ended 2026-07-11T12:49:51.223890 ===
