
=== Session started 2026-07-11T10:43:21.337518 (192.168.1.168:23) ===
[10:43:21.341] [dev] eDrum telnet console
[10:43:27.956] [HIT] t=1806939 i=0 note=38 vel=12 raw=12 truepeak=321 ch=10 rescues=0 thresh=-1.000 peak=-1.000 mask=-1 decay=-1 decaylen=-1 xfilt=-1.000 xfiltdecay=-1.000 loopt=0 piezodc=152.0 dchead=6.4 spikerej=108 rcstate=2 lcp=321 refrise=0
[10:43:27.966] [SysEx TX] F0 00 7D 00 05 03 00 00 0C 0C F7
[10:43:27.969] [SCOPE] input=0 pad_type=2 head_ch=1 rim_ch=0 head_peak=358 rim_peak=23 decision=HEAD samples=200
[10:43:27.981] T,H,R
[10:43:27.981] 0,2,3
[10:43:27.995] 1,0,5
[10:43:27.997] 2,6,8
[10:43:28.000] 3,3,5
[10:43:28.002] 4,2,8
[10:43:28.006] 5,2,2
[10:43:28.012] 6,5,6
[10:43:28.013] 7,2,3
[10:43:28.014] 8,5,2
[10:43:28.018] 9,2,7
[10:43:28.021] 10,2,8
[10:43:28.023] 11,7,5
[10:43:28.026] 12,3,4
[10:43:28.029] 13,4,3
[10:43:28.031] 14,7,6
[10:43:28.037] 15,2,3
[10:43:28.042] 16,5,2
[10:43:28.042] 17,4,3
[10:43:28.044] 18,6,2
[10:43:28.047] 19,3,7
[10:43:28.050] 20,3,4
[10:43:28.053] 21,8,4
[10:43:28.056] 22,7,6
[10:43:28.058] 23,7,8
[10:43:28.061] 24,4,7
[10:43:28.064] 25,2,2
[10:43:28.070] 26,3,7
[10:43:28.071] 27,6,8
[10:43:28.073] 28,5,6
[10:43:28.080] 29,7,7
[10:43:28.081] 30,2,4
[10:43:28.082] 31,7,7
[10:43:28.083] 32,8,3
[10:43:28.086] 33,7,4
[10:43:28.091] 34,7,2
[10:43:28.093] 35,4,5
[10:43:28.097] 36,8,6
[10:43:28.099] 37,7,3
[10:43:28.103] 38,4,5
[10:43:28.105] 39,7,2
[10:43:28.107] 40,4,7
[10:43:28.113] 41,9,2
[10:43:28.113] 42,5,7
[10:43:28.116] 43,7,8
[10:43:28.119] 44,10,4
[10:43:28.122] 45,7,3
[10:43:28.125] 46,6,8
[10:43:28.128] 47,10,10
[10:43:28.131] 48,8,7
[10:43:28.133] 49,16,9
[10:43:28.146] 50,7,8
[10:43:28.146] 51,6,4
[10:43:28.147] 52,10,7
[10:43:28.148] 53,4,3
[10:43:28.150] 54,10,7
[10:43:28.153] 55,7,8
[10:43:28.156] 56,7,8
[10:43:28.159] 57,8,5
[10:43:28.161] 58,10,7
[10:43:28.167] 59,7,10
[10:43:28.169] 60,7,4
[10:43:28.172] 61,7,10
[10:43:28.173] 62,2,10
[10:43:28.175] 63,8,16
[10:43:28.183] 64,4,9
[10:43:28.184] 65,7,14
[10:43:28.186] 66,4,9
[10:43:28.186] 67,4,7
[10:43:28.200] 68,6,6
[10:43:28.203] 69,4,7
[10:43:28.205] 70,3,7
[10:43:28.207] 71,7,8
[10:43:28.214] 72,3,4
[10:43:28.215] 73,4,7
[10:43:28.215] 74,7,8
[10:43:28.217] 75,4,3
[10:43:28.221] 76,6,6
[10:43:28.224] 77,7,9
[10:43:28.226] 78,7,8
[10:43:28.229] 79,10,7
[10:43:28.231] 80,3,2
[10:43:28.234] 81,0,10
[10:43:28.237] 82,0,7
[10:43:28.251] 83,0,2
[10:43:28.251] 84,0,3
[10:43:28.251] 85,0,0
[10:43:28.255] 86,0,2
[10:43:28.258] 87,0,4
[10:43:28.259] 88,0,5
[10:43:28.262] 89,0,10
[10:43:28.265] 90,0,2
[10:43:28.268] 91,0,1
[10:43:28.274] 92,0,0
[10:43:28.275] 93,0,0
[10:43:28.275] 94,0,5
[10:43:28.285] 95,0,2
[10:43:28.285] 96,0,3
[10:43:28.285] 97,16,5
[10:43:28.286] 98,18,5
[10:43:28.297] 99,21,1
[10:43:28.297] 100,34,0
[10:43:28.297] 101,77,2
[10:43:28.299] 102,114,1
[10:43:28.303] 103,125,10
[10:43:28.306] 104,137,7
[10:43:28.308] 105,118,0
[10:43:28.311] 106,89,16
[10:43:28.318] 107,50,4
[10:43:28.318] 108,24,0
[10:43:28.319] 109,20,0
[10:43:28.322] 110,10,0
[10:43:28.325] 111,19,7
[10:43:28.327] 112,22,2
[10:43:28.331] 113,28,5
[10:43:28.333] 114,31,0
[10:43:28.336] 115,33,1
[10:43:28.340] 116,36,1
[10:43:28.342] 117,50,5
[10:43:28.350] 118,57,2
[10:43:28.351] 119,89,5
[10:43:28.351] 120,102,2
[10:43:28.356] 121,89,4
[10:43:28.362] 122,97,7
[10:43:28.363] 123,96,8
[10:43:28.364] 124,126,5
[10:43:28.366] 125,190,6
[10:43:28.369] 126,265,16
[10:43:28.372] 127,326,8
[10:43:28.378] 128,352,12
[10:43:28.378] 129,358,10
[10:43:28.380] 130,329,5
[10:43:28.387] 131,281,2
[10:43:28.388] 132,242,5
[10:43:28.389] 133,217,7
[10:43:28.398] 134,205,10
[10:43:28.399] 135,207,23
[10:43:28.400] 136,206,10
[10:43:28.401] 137,203,7
[10:43:28.404] 138,184,2
[10:43:28.406] 139,175,3
[10:43:28.409] 140,182,10
[10:43:28.412] 141,166,10
[10:43:28.415] 142,153,17
[10:43:28.420] 143,158,10
[10:43:28.423] 144,175,16
[10:43:28.426] 145,208,20
[10:43:28.426] 146,221,8
[10:43:28.428] 147,217,9
[10:43:28.432] 148,174,8
[10:43:28.435] 149,118,2
[10:43:28.439] 150,77,4
[10:43:28.441] 151,57,7
[10:43:28.443] 152,63,8
[10:43:28.452] 153,80,18
[10:43:28.452] 154,128,23
[10:43:28.452] 155,158,12
[10:43:28.453] 156,187,7
[10:43:28.458] 157,176,3
[10:43:28.460] 158,158,1
[10:43:28.464] 159,125,16
[10:43:28.465] 160,102,18
[10:43:28.468] 161,97,12
[10:43:28.472] 162,93,12
[10:43:28.479] 163,93,5
[10:43:28.479] 164,91,8
[10:43:28.480] 165,82,3
[10:43:28.495] 166,86,4
[10:43:28.495] 167,86,3
[10:43:28.495] 168,103,7
[10:43:28.495] 169,108,10
[10:43:28.508] 170,113,12
[10:43:28.513] 171,105,10
[10:43:28.514] 172,102,5
[10:43:28.524] 173,110,2
[10:43:28.538] 174,107,0
[10:43:28.544] 175,105,8
[10:43:28.544] 176,104,5
[10:43:28.545] 177,77,10
[10:43:28.553] 178,54,16
[10:43:28.554] 179,30,5
[10:43:28.554] 180,41,5
[10:43:28.556] 181,45,3
[10:43:28.559] 182,59,10
[10:43:28.562] 183,80,6
[10:43:28.566] 184,110,10
[10:43:28.568] 185,110,3
[10:43:28.570] 186,93,3
[10:43:28.574] 187,72,6
[10:43:28.576] 188,57,7
[10:43:28.582] 189,33,17
[10:43:28.583] 190,34,8
[10:43:28.583] 191,35,6
[10:43:28.592] 192,45,2
[10:43:28.593] 193,70,3
[10:43:28.593] 194,76,5
[10:43:28.594] 195,78,10
[10:43:28.619] 196,85,9
[10:43:28.619] 197,85,7
[10:43:28.620] 198,54,6
[10:43:28.628] 199,63,7
[10:43:28.631] [RCEXIT] t=1807615 i=0 exit=0 lcp=50 dur=1ms margin=30
[10:43:28.645] [HIT] t=1807621 i=0 note=38 vel=1 raw=1 truepeak=42 ch=10 rescues=0 thresh=-1.000 peak=-1.000 mask=-1 decay=-1 decaylen=-1 xfilt=-1.000 xfiltdecay=-1.000 loopt=0 piezodc=-4.0 dchead=7.9 spikerej=108 rcstate=2 lcp=42 refrise=0
[10:43:28.663] [SysEx TX] F0 00 7D 00 05 03 00 00 01 01 F7
[10:43:28.663] [SCOPE] input=0 pad_type=2 head_ch=1 rim_ch=0 head_peak=221 rim_peak=23 decision=HEAD samples=200
[10:43:28.670] T,H,R
[10:43:28.671] 0,205,10
[10:43:28.674] 1,207,23
[10:43:28.684] 2,206,10
[10:43:28.685] 3,203,7
[10:43:28.686] 4,184,2
[10:43:28.687] 5,175,3
[10:43:28.709] 6,182,10
[10:43:28.710] 7,166,10
[10:43:28.710] 8,153,17
[10:43:28.711] 9,158,10
[10:43:28.716] 10,175,16
[10:43:28.717] 11,208,20
[10:43:28.723] 12,221,8
[10:43:28.723] 13,217,9
[10:43:28.727] 14,174,8
[10:43:28.728] 15,118,2
[10:43:28.730] 16,77,4
[10:43:28.735] 17,57,7
[10:43:28.736] 18,63,8
[10:43:28.738] 19,80,18
[10:43:28.741] 20,128,23
[10:43:28.745] 21,158,12
[10:43:28.747] 22,187,7
[10:43:28.750] 23,176,3
[10:43:28.754] 24,158,1
[10:43:28.761] 25,125,16
[10:43:28.761] 26,102,18
[10:43:28.761] 27,97,12
[10:43:28.763] 28,93,12
[10:43:28.767] 29,93,5
[10:43:28.770] 30,91,8
[10:43:28.774] 31,82,3
[10:43:28.777] 32,86,4
[10:43:28.779] 33,86,3
[10:43:28.782] 34,103,7
[10:43:28.788] 35,108,10
[10:43:28.789] 36,113,12
[10:43:28.797] 37,105,10
[10:43:28.799] 38,102,5
[10:43:28.799] 39,110,2
[10:43:28.799] 40,107,0
[10:43:28.808] 41,105,8
[10:43:28.811] 42,104,5
[10:43:28.815] 43,77,10
[10:43:28.817] 44,54,16
[10:43:28.821] 45,30,5
[10:43:28.823] 46,41,5
[10:43:28.829] 47,45,3
[10:43:28.830] 48,59,10
[10:43:28.832] 49,80,6
[10:43:28.832] 50,110,10
[10:43:28.837] 51,110,3
[10:43:28.838] 52,93,3
[10:43:28.842] 53,72,6
[10:43:28.845] 54,57,7
[10:43:28.848] 55,33,17
[10:43:28.850] 56,34,8
[10:43:28.853] 57,35,6
[10:43:28.856] 58,45,2
[10:43:28.863] 59,70,3
[10:43:28.863] 60,76,5
[10:43:28.864] 61,78,10
[10:43:28.866] 62,85,9
[10:43:28.869] 63,85,7
[10:43:28.872] 64,54,6
[10:43:28.875] 65,63,7
[10:43:28.878] 66,72,7
[10:43:28.881] 67,70,8
[10:43:28.883] 68,58,9
[10:43:28.890] 69,54,3
[10:43:28.890] 70,55,2
[10:43:28.890] 71,43,4
[10:43:28.899] 72,41,8
[10:43:28.900] 73,39,3
[10:43:28.900] 74,28,11
[10:43:28.901] 75,37,10
[10:43:28.914] 76,46,7
[10:43:28.914] 77,62,11
[10:43:28.915] 78,58,0
[10:43:28.915] 79,52,16
[10:43:28.925] 80,58,10
[10:43:28.926] 81,49,7
[10:43:28.931] 82,25,10
[10:43:28.935] 83,21,8
[10:43:28.937] 84,31,3
[10:43:28.938] 85,50,2
[10:43:28.939] 86,45,7
[10:43:28.943] 87,57,3
[10:43:28.946] 88,44,2
[10:43:28.948] 89,35,3
[10:43:28.951] 90,33,5
[10:43:28.954] 91,44,8
[10:43:28.957] 92,49,2
[10:43:28.965] 93,53,7
[10:43:28.966] 94,55,11
[10:43:28.966] 95,43,3
[10:43:28.967] 96,31,8
[10:43:28.970] 97,16,2
[10:43:28.973] 98,21,10
[10:43:28.979] 99,26,5
[10:43:28.979] 100,32,6
[10:43:28.981] 101,30,8
[10:43:28.983] 102,31,0
[10:43:28.987] 103,42,3
[10:43:28.992] 104,31,5
[10:43:28.992] 105,36,0
[10:43:28.994] 106,30,6
[10:43:29.002] 107,35,3
[10:43:29.002] 108,31,1
[10:43:29.003] 109,31,10
[10:43:29.004] 110,23,2
[10:43:29.017] 111,18,5
[10:43:29.017] 112,6,10
[10:43:29.018] 113,8,3
[10:43:29.024] 114,16,2
[10:43:29.026] 115,23,4
[10:43:29.029] 116,27,2
[10:43:29.034] 117,37,0
[10:43:29.035] 118,39,0
[10:43:29.036] 119,44,0
[10:43:29.040] 120,50,3
[10:43:29.042] 121,37,2
[10:43:29.045] 122,30,1
[10:43:29.048] 123,10,0
[10:43:29.051] 124,3,2
[10:43:29.054] 125,0,1
[10:43:29.056] 126,2,0
[10:43:29.060] 127,14,0
[10:43:29.062] 128,26,1
[10:43:29.070] 129,31,2
[10:43:29.071] 130,45,1
[10:43:29.072] 131,39,3
[10:43:29.072] 132,32,0
[10:43:29.078] 133,9,0
[10:43:29.078] 134,3,0
[10:43:29.082] 135,0,3
[10:43:29.085] 136,4,6
[10:43:29.089] 137,10,0
[10:43:29.094] 138,10,2
[10:43:29.094] 139,22,0
[10:43:29.095] 140,17,0
[10:43:29.104] 141,22,0
[10:43:29.105] 142,19,0
[10:43:29.105] 143,11,2
[10:43:29.106] 144,21,0
[10:43:29.115] 145,26,1
[10:43:29.119] 146,17,0
[10:43:29.123] 147,19,0
[10:43:29.124] 148,9,0
[10:43:29.128] 149,7,4
[10:43:29.129] 150,3,0
[10:43:29.138] 151,0,0
[10:43:29.138] 152,0,1
[10:43:29.138] 153,2,2
[10:43:29.140] 154,2,5
[10:43:29.144] 155,9,0
[10:43:29.146] 156,16,0
[10:43:29.149] 157,33,1
[10:43:29.152] 158,34,1
[10:43:29.155] 159,23,0
[10:43:29.158] 160,12,2
[10:43:29.160] 161,4,0
[10:43:29.168] 162,4,1
[10:43:29.169] 163,0,2
[10:43:29.169] 164,0,0
[10:43:29.170] 165,0,3
[10:43:29.176] 166,5,1
[10:43:29.176] 167,6,4
[10:43:29.181] 168,11,0
[10:43:29.183] 169,6,0
[10:43:29.186] 170,11,0
[10:43:29.192] 171,18,0
[10:43:29.192] 172,12,2
[10:43:29.196] 173,7,1
[10:43:29.197] 174,2,4
[10:43:29.199] 175,3,1
[10:43:29.206] 176,2,4
[10:43:29.207] 177,0,1
[10:43:29.207] 178,0,0
[10:43:29.208] 179,0,3
[10:43:29.223] 180,1,0
[10:43:29.223] 181,4,1
[10:43:29.223] 182,14,1
[10:43:29.223] 183,12,2
[10:43:29.242] 184,21,2
[10:43:29.246] 185,22,8
[10:43:29.246] 186,20,0
[10:43:29.246] 187,5,1
[10:43:29.250] 188,8,2
[10:43:29.256] 189,2,2
[10:43:29.256] 190,4,6
[10:43:29.256] 191,0,3
[10:43:29.258] 192,0,2
[10:43:29.263] 193,0,2
[10:43:29.272] 194,0,2
[10:43:29.273] 195,4,5
[10:43:29.273] 196,16,5
[10:43:29.273] 197,10,3
[10:43:29.279] 198,18,5
[10:43:29.283] 199,20,7
[10:43:29.284] [RCEXIT] t=1808267 i=0 exit=0 lcp=42 dur=0ms margin=30
[10:43:29.291] [HIT] t=1808274 i=0 note=38 vel=1 raw=1 truepeak=22 ch=10 rescues=0 thresh=-1.000 peak=-1.000 mask=-1 decay=-1 decaylen=-1 xfilt=-1.000 xfiltdecay=-1.000 loopt=0 piezodc=-1.0 dchead=7.7 spikerej=108 rcstate=2 lcp=22 refrise=0
[10:43:29.299] [SysEx TX] F0 00 7D 00 05 03 00 00 01 01 F7
[10:43:29.309] [SCOPE] input=0 pad_type=2 head_ch=1 rim_ch=0 head_peak=32 rim_peak=13 decision=HEAD samples=200
[10:43:29.310] T,H,R
[10:43:29.310] 0,18,9
[10:43:29.310] 1,15,4
[10:43:29.323] 2,26,6
[10:43:29.325] 3,21,6
[10:43:29.330] 4,28,6
[10:43:29.336] 5,26,7
[10:43:29.336] 6,30,9
[10:43:29.336] 7,30,8
[10:43:29.341] 8,26,4
[10:43:29.343] 9,24,9
[10:43:29.347] 10,28,4
[10:43:29.349] 11,32,4
[10:43:29.351] 12,22,2
[10:43:29.354] 13,15,4
[10:43:29.357] 14,20,5
[10:43:29.361] 15,18,7
[10:43:29.362] 16,22,13
[10:43:29.366] 17,23,2
[10:43:29.375] 18,26,5
[10:43:29.375] 19,28,7
[10:43:29.375] 20,27,6
[10:43:29.380] 21,18,6
[10:43:29.382] 22,16,6
[10:43:29.385] 23,2,4
[10:43:29.387] 24,0,2
[10:43:29.390] 25,0,3
[10:43:29.393] 26,4,3
[10:43:29.402] 27,5,4
[10:43:29.403] 28,11,2
[10:43:29.403] 29,22,9
[10:43:29.419] 30,32,2
[10:43:29.420] 31,15,2
[10:43:29.420] 32,20,5
[10:43:29.420] 33,18,2
[10:43:29.432] 34,18,5
[10:43:29.435] 35,20,2
[10:43:29.438] 36,15,4
[10:43:29.450] 37,18,7
[10:43:29.451] 38,22,8
[10:43:29.451] 39,15,2
[10:43:29.453] 40,8,5
[10:43:29.456] 41,10,5
[10:43:29.458] 42,15,2
[10:43:29.464] 43,15,4
[10:43:29.465] 44,16,6
[10:43:29.467] 45,23,8
[10:43:29.475] 46,31,4
[10:43:29.476] 47,11,4
[10:43:29.476] 48,4,3
[10:43:29.480] 49,4,9
[10:43:29.483] 50,2,4
[10:43:29.487] 51,7,3
[10:43:29.488] 52,10,4
[10:43:29.491] 53,22,2
[10:43:29.494] 54,22,2
[10:43:29.497] 55,24,4
[10:43:29.499] 56,11,5
[10:43:29.504] 57,17,0
[10:43:29.505] 58,7,2
[10:43:29.514] 59,12,5
[10:43:29.515] 60,10,3
[10:43:29.515] 61,8,3
[10:43:29.516] 62,10,3
[10:43:29.536] 63,11,8
[10:43:29.538] 64,14,1
[10:43:29.540] 65,9,3
[10:43:29.543] 66,10,4
[10:43:29.548] 67,16,3
[10:43:29.549] 68,10,10
[10:43:29.552] 69,6,4
[10:43:29.554] 70,4,3
[10:43:29.557] 71,8,3
[10:43:29.560] 72,14,2
[10:43:29.562] 73,9,1
[10:43:29.565] 74,26,7
[10:43:29.567] 75,20,2
[10:43:29.569] 76,18,8
[10:43:29.579] 77,18,5
[10:43:29.579] 78,16,2
[10:43:29.580] 79,12,7
[10:43:29.584] 80,17,2
[10:43:29.586] 81,10,5
[10:43:29.590] 82,8,5
[10:43:29.593] 83,3,4
[10:43:29.594] 84,3,4
[10:43:29.597] 85,6,6
[10:43:29.600] 86,9,8
[10:43:29.606] 87,10,10
[10:43:29.607] 88,20,5
[10:43:29.607] 89,25,2
[10:43:29.616] 90,17,6
[10:43:29.617] 91,7,2
[10:43:29.617] 92,1,2
[10:43:29.618] 93,0,3
[10:43:29.630] 94,2,3
[10:43:29.632] 95,5,1
[10:43:29.636] 96,7,2
[10:43:29.638] 97,6,3
[10:43:29.640] 98,7,5
[10:43:29.643] 99,24,2
[10:43:29.650] 100,30,0
[10:43:29.650] 101,23,1
[10:43:29.651] 102,22,8
[10:43:29.654] 103,17,2
[10:43:29.656] 104,8,2
[10:43:29.658] 105,3,2
[10:43:29.662] 106,0,0
[10:43:29.664] 107,6,4
[10:43:29.667] 108,10,2
[10:43:29.670] 109,12,6
[10:43:29.673] 110,12,2
[10:43:29.675] 111,6,8
[10:43:29.683] 112,5,5
[10:43:29.683] 113,0,1
[10:43:29.683] 114,0,5
[10:43:29.687] 115,0,8
[10:43:29.689] 116,0,8
[10:43:29.698] 117,0,2
[10:43:29.698] 118,0,5
[10:43:29.698] 119,0,3
[10:43:29.703] 120,0,2
[10:43:29.709] 121,0,0
[10:43:29.709] 122,0,2
[10:43:29.709] 123,0,8
[10:43:29.721] 124,0,2
[10:43:29.721] 125,0,3
[10:43:29.721] 126,0,0
[10:43:29.721] 127,0,1
[10:43:29.732] 128,0,2
[10:43:29.734] 129,0,3
[10:43:29.744] 130,2,2
[10:43:29.744] 131,5,4
[10:43:29.744] 132,17,3
[10:43:29.745] 133,10,4
[10:43:29.753] 134,5,0
[10:43:29.753] 135,0,2
[10:43:29.753] 136,0,2
[10:43:29.758] 137,0,2
[10:43:29.759] 138,0,9
[10:43:29.763] 139,0,3
[10:43:29.766] 140,0,3
[10:43:29.770] 141,0,7
[10:43:29.774] 142,1,5
[10:43:29.775] 143,0,2
[10:43:29.783] 144,0,2
[10:43:29.783] 145,0,0
[10:43:29.784] 146,0,0
[10:43:29.784] 147,0,2
[10:43:29.788] 148,0,6
[10:43:29.791] 149,0,3
[10:43:29.796] 150,0,2
[10:43:29.797] 151,4,5
[10:43:29.799] 152,7,2
[10:43:29.802] 153,2,4
[10:43:29.805] 154,7,5
[10:43:29.812] 155,3,7
[10:43:29.812] 156,0,0
[10:43:29.813] 157,2,2
[10:43:29.821] 158,10,5
[10:43:29.822] 159,21,8
[10:43:29.822] 160,21,2
[10:43:29.831] 161,23,2
[10:43:29.835] 162,21,6
[10:43:29.838] 163,21,2
[10:43:29.841] 164,5,5
[10:43:29.842] 165,6,3
[10:43:29.845] 166,6,3
[10:43:29.848] 167,17,1
[10:43:29.866] 168,7,0
[10:43:29.866] 169,10,1
[10:43:29.866] 170,2,2
[10:43:29.871] 171,8,2
[10:43:29.873] 172,2,2
[10:43:29.875] 173,8,6
[10:43:29.877] 174,3,1
[10:43:29.886] 175,10,8
[10:43:29.886] 176,9,0
[10:43:29.886] 177,18,4
[10:43:29.887] 178,19,7
[10:43:29.891] 179,20,4
[10:43:29.896] 180,18,4
[10:43:29.897] 181,10,6
[10:43:29.900] 182,8,3
[10:43:29.902] 183,10,6
[10:43:29.913] 184,11,5
[10:43:29.914] 185,10,1
[10:43:29.914] 186,26,6
[10:43:29.915] 187,23,4
[10:43:29.923] 188,19,2
[10:43:29.924] 189,22,4
[10:43:29.924] 190,17,2
[10:43:29.925] 191,6,5
[10:43:29.949] 192,5,2
[10:43:29.959] 193,5,7
[10:43:29.959] 194,6,1
[10:43:29.960] 195,10,2
[10:43:29.961] 196,4,3
[10:43:29.963] 197,4,1
[10:43:29.967] 198,0,4
[10:43:29.969] 199,0,5
[10:43:29.975] [RCEXIT] t=1808956 i=0 exit=0 lcp=22 dur=0ms margin=30
[10:43:29.979] [HIT] t=1808962 i=0 note=38 vel=1 raw=1 truepeak=23 ch=10 rescues=0 thresh=-1.000 peak=-1.000 mask=-1 decay=-1 decaylen=-1 xfilt=-1.000 xfiltdecay=-1.000 loopt=0 piezodc=-1.0 dchead=7.3 spikerej=108 rcstate=2 lcp=23 refrise=0
[10:43:29.990] [SysEx TX] F0 00 7D 00 05 03 00 00 01 01 F7
[10:43:29.992] [SCOPE] input=0 pad_type=2 head_ch=1 rim_ch=0 head_peak=31 rim_peak=16 decision=HEAD samples=200
[10:43:29.998] T,H,R
[10:43:29.999] 0,0,7
[10:43:30.001] 1,0,3
[10:43:30.006] 2,1,6
[10:43:30.006] 3,6,2
[10:43:30.009] 4,6,10
[10:43:30.015] 5,3,8
[10:43:30.016] 6,2,2
[10:43:30.016] 7,7,7
[10:43:30.025] 8,2,6
[10:43:30.027] 9,7,0
[10:43:30.027] 10,3,5
[10:43:30.028] 11,6,2
[10:43:30.038] 12,3,2
[10:43:30.040] 13,4,4
[10:43:30.046] 14,3,4
[10:43:30.046] 15,2,0
[10:43:30.048] 16,0,4
[10:43:30.051] 17,0,0
[10:43:30.054] 18,0,5
[10:43:30.059] 19,1,2
[10:43:30.060] 20,0,2
[10:43:30.064] 21,0,0
[10:43:30.065] 22,0,5
[10:43:30.067] 23,0,8
[10:43:30.072] 24,2,5
[10:43:30.073] 25,0,3
[10:43:30.077] 26,1,4
[10:43:30.079] 27,1,7
[10:43:30.082] 28,0,3
[10:43:30.089] 29,3,2
[10:43:30.090] 30,4,2
[10:43:30.090] 31,3,0
[10:43:30.098] 32,3,2
[10:43:30.099] 33,1,3
[10:43:30.099] 34,4,5
[10:43:30.101] 35,7,1
[10:43:30.105] 36,8,6
[10:43:30.110] 37,4,3
[10:43:30.111] 38,4,7
[10:43:30.112] 39,8,10
[10:43:30.118] 40,6,2
[10:43:30.119] 41,5,4
[10:43:30.120] 42,10,7
[10:43:30.129] 43,11,3
[10:43:30.129] 44,6,2
[10:43:30.129] 45,8,6
[10:43:30.130] 46,5,4
[10:43:30.140] 47,2,2
[10:43:30.140] 48,1,6
[10:43:30.140] 49,2,2
[10:43:30.143] 50,2,3
[10:43:30.147] 51,2,5
[10:43:30.149] 52,3,5
[10:43:30.152] 53,0,7
[10:43:30.155] 54,3,9
[10:43:30.162] 55,0,0
[10:43:30.162] 56,5,2
[10:43:30.163] 57,5,6
[10:43:30.164] 58,11,2
[10:43:30.168] 59,8,9
[10:43:30.170] 60,8,7
[10:43:30.173] 61,5,2
[10:43:30.176] 62,4,4
[10:43:30.179] 63,17,4
[10:43:30.182] 64,17,8
[10:43:30.185] 65,12,1
[10:43:30.191] 66,11,4
[10:43:30.191] 67,8,3
[10:43:30.193] 68,13,6
[10:43:30.196] 69,9,3
[10:43:30.199] 70,5,0
[10:43:30.202] 71,17,5
[10:43:30.205] 72,9,5
[10:43:30.208] 73,20,2
[10:43:30.211] 74,6,3
[10:43:30.215] 75,7,10
[10:43:30.216] 76,7,5
[10:43:30.221] 77,3,6
[10:43:30.221] 78,3,4
[10:43:30.224] 79,8,2
[10:43:30.231] 80,6,6
[10:43:30.231] 81,7,7
[10:43:30.231] 82,8,8
[10:43:30.233] 83,8,4
[10:43:30.246] 84,5,16
[10:43:30.247] 85,9,4
[10:43:30.247] 86,2,6
[10:43:30.247] 87,5,10
[10:43:30.253] 88,6,8
[10:43:30.254] 89,7,6
[10:43:30.257] 90,10,8
[10:43:30.262] 91,6,2
[10:43:30.263] 92,10,2
[10:43:30.265] 93,16,4
[10:43:30.268] 94,7,7
[10:43:30.271] 95,3,0
[10:43:30.274] 96,5,5
[10:43:30.276] 97,7,4
[10:43:30.279] 98,6,6
[10:43:30.282] 99,11,2
[10:43:30.285] 100,31,10
[10:43:30.289] 101,16,11
[10:43:30.297] 102,18,4
[10:43:30.298] 103,9,8
[10:43:30.298] 104,10,2
[10:43:30.298] 105,8,16
[10:43:30.306] 106,3,8
[10:43:30.306] 107,4,4
[10:43:30.308] 108,2,7
[10:43:30.309] 109,3,5
[10:43:30.313] 110,5,4
[10:43:30.316] 111,16,3
[10:43:30.323] 112,7,3
[10:43:30.323] 113,5,3
[10:43:30.324] 114,2,6
[10:43:30.333] 115,2,5
[10:43:30.333] 116,2,2
[10:43:30.333] 117,6,2
[10:43:30.334] 118,2,3
[10:43:30.344] 119,3,3
[10:43:30.344] 120,3,3
[10:43:30.345] 121,6,10
[10:43:30.346] 122,1,2
[10:43:30.349] 123,2,2
[10:43:30.352] 124,6,0
[10:43:30.362] 125,5,7
[10:43:30.362] 126,5,2
[10:43:30.362] 127,5,4
[10:43:30.365] 128,6,2
[10:43:30.370] 129,8,5
[10:43:30.371] 130,2,2
[10:43:30.374] 131,6,0
[10:43:30.377] 132,3,4
[10:43:30.380] 133,3,2
[10:43:30.384] 134,3,2
[10:43:30.385] 135,3,4
[10:43:30.390] 136,3,0
[10:43:30.396] 137,8,0
[10:43:30.397] 138,2,2
[10:43:30.398] 139,6,10
[10:43:30.398] 140,2,5
[10:43:30.402] 141,2,2
[10:43:30.406] 142,2,2
[10:43:30.410] 143,1,2
[10:43:30.411] 144,2,2
[10:43:30.414] 145,0,2
[10:43:30.419] 146,2,2
[10:43:30.425] 147,2,1
[10:43:30.425] 148,2,3
[10:43:30.426] 149,0,2
[10:43:30.428] 150,2,2
[10:43:30.436] 151,3,2
[10:43:30.436] 152,3,3
[10:43:30.437] 153,2,3
[10:43:30.438] 154,2,3
[10:43:30.447] 155,2,5
[10:43:30.449] 156,2,0
[10:43:30.449] 157,2,0
[10:43:30.457] 158,0,1
[10:43:30.459] 159,5,1
[10:43:30.461] 160,5,0
[10:43:30.467] 161,6,8
[10:43:30.470] 162,3,2
[10:43:30.471] 163,5,8
[10:43:30.471] 164,2,5
[10:43:30.475] 165,0,0
[10:43:30.478] 166,3,0
[10:43:30.480] 167,0,3
[10:43:30.483] 168,3,3
[10:43:30.486] 169,1,2
[10:43:30.489] 170,1,5
[10:43:30.492] 171,2,0
[10:43:30.500] 172,0,2
[10:43:30.500] 173,1,5
[10:43:30.501] 174,2,2
[10:43:30.502] 175,1,1
[10:43:30.506] 176,0,2
[10:43:30.508] 177,2,3
[10:43:30.512] 178,1,2
[10:43:30.514] 179,1,2
[10:43:30.517] 180,1,2
[10:43:30.520] 181,2,2
[10:43:30.523] 182,4,2
[10:43:30.528] 183,3,1
[10:43:30.528] 184,4,2
[10:43:30.531] 185,0,2
[10:43:30.539] 186,8,2
[10:43:30.539] 187,3,1
[10:43:30.540] 188,3,4
[10:43:30.540] 189,6,2
[10:43:30.552] 190,4,2
[10:43:30.554] 191,8,0
[10:43:30.557] 192,1,5
[10:43:30.560] 193,1,3
[10:43:30.564] 194,4,2
[10:43:30.569] 195,2,0
[10:43:30.570] 196,3,2
[10:43:30.571] 197,3,4
[10:43:30.575] 198,2,7
[10:43:30.576] 199,5,2
[10:43:30.579] [RCEXIT] t=1809562 i=0 exit=0 lcp=23 dur=0ms margin=30
[10:43:30.589] [HIT] t=1809572 i=0 note=38 vel=1 raw=1 truepeak=24 ch=10 rescues=0 thresh=-1.000 peak=-1.000 mask=-1 decay=-1 decaylen=-1 xfilt=-1.000 xfiltdecay=-1.000 loopt=0 piezodc=1.0 dchead=6.3 spikerej=108 rcstate=2 lcp=24 refrise=0
[10:43:30.601] [SysEx TX] F0 00 7D 00 05 03 00 00 01 01 F7
[10:43:30.602] [SCOPE] input=0 pad_type=2 head_ch=1 rim_ch=0 head_peak=31 rim_peak=16 decision=HEAD samples=200
[10:43:30.604] T,H,R
[10:43:30.607] 0,6,5
[10:43:30.611] 1,5,5
[10:43:30.614] 2,5,0
[10:43:30.616] 3,2,3
[10:43:30.618] 4,1,1
[10:43:30.621] 5,8,7
[10:43:30.626] 6,7,7
[10:43:30.631] 7,7,6
[10:43:30.631] 8,4,2
[10:43:30.633] 9,8,2
[10:43:30.651] 10,4,2
[10:43:30.651] 11,3,2
[10:43:30.652] 12,8,4
[10:43:30.656] 13,4,8
[10:43:30.662] 14,6,7
[10:43:30.663] 15,8,6
[10:43:30.663] 16,8,3
[10:43:30.667] 17,11,7
[10:43:30.686] 18,5,6
[10:43:30.686] 19,3,13
[10:43:30.686] 20,9,6
[10:43:30.690] 21,8,3
[10:43:30.692] 22,10,7
[10:43:30.695] 23,3,7
[10:43:30.704] 24,4,5
[10:43:30.713] 25,7,8
[10:43:30.714] 26,6,8
[10:43:30.718] 27,16,4
[10:43:30.718] 28,6,3
[10:43:30.721] 29,6,4
[10:43:30.723] 30,8,11
[10:43:30.733] 31,5,9
[10:43:30.733] 32,7,7
[10:43:30.733] 33,7,6
[10:43:30.735] 34,3,7
[10:43:30.743] 35,10,5
[10:43:30.744] 36,6,7
[10:43:30.744] 37,4,2
[10:43:30.756] 38,8,3
[10:43:30.758] 39,3,6
[10:43:30.762] 40,10,5
[10:43:30.763] 41,6,6
[10:43:30.766] 42,10,2
[10:43:30.769] 43,7,4
[10:43:30.777] 44,8,3
[10:43:30.777] 45,8,8
[10:43:30.777] 46,12,3
[10:43:30.782] 47,5,7
[10:43:30.785] 48,8,7
[10:43:30.789] 49,3,3
[10:43:30.790] 50,7,3
[10:43:30.792] 51,5,7
[10:43:30.795] 52,3,6
[10:43:30.798] 53,5,5
[10:43:30.807] 54,2,10
[10:43:30.808] 55,0,1
[10:43:30.808] 56,3,4
[10:43:30.808] 57,1,5
[10:43:30.812] 58,3,4
[10:43:30.815] 59,7,3
[10:43:30.819] 60,4,8
[10:43:30.820] 61,11,0
[10:43:30.822] 62,3,6
[10:43:30.825] 63,4,2
[10:43:30.829] 64,5,3
[10:43:30.835] 65,6,7
[10:43:30.836] 66,4,4
[10:43:30.836] 67,3,3
[10:43:30.847] 68,4,6
[10:43:30.847] 69,6,6
[10:43:30.847] 70,2,5
[10:43:30.848] 71,7,5
[10:43:30.858] 72,3,8
[10:43:30.861] 73,4,5
[10:43:30.864] 74,2,4
[10:43:30.866] 75,6,2
[10:43:30.868] 76,3,4
[10:43:30.871] 77,2,8
[10:43:30.878] 78,0,0
[10:43:30.878] 79,5,7
[10:43:30.880] 80,2,2
[10:43:30.883] 81,5,8
[10:43:30.885] 82,2,6
[10:43:30.888] 83,5,2
[10:43:30.891] 84,2,2
[10:43:30.894] 85,5,5
[10:43:30.897] 86,1,6
[10:43:30.899] 87,4,8
[10:43:30.908] 88,4,2
[10:43:30.908] 89,8,3
[10:43:30.909] 90,2,2
[10:43:30.913] 91,5,2
[10:43:30.916] 92,5,10
[10:43:30.919] 93,2,2
[10:43:30.921] 94,4,2
[10:43:30.924] 95,5,2
[10:43:30.926] 96,3,4
[10:43:30.929] 97,1,0
[10:43:30.932] 98,3,3
[10:43:30.938] 99,4,2
[10:43:30.938] 100,31,0
[10:43:30.939] 101,2,2
[10:43:30.947] 102,2,5
[10:43:30.948] 103,3,4
[10:43:30.948] 104,5,2
[10:43:30.954] 105,2,2
[10:43:30.962] 106,0,0
[10:43:30.968] 107,1,1
[10:43:30.968] 108,0,3
[10:43:30.983] 109,0,3
[10:43:30.983] 110,0,1
[10:43:30.983] 111,0,8
[10:43:30.984] 112,2,0
[10:43:30.987] 113,3,0
[10:43:30.990] 114,2,2
[10:43:30.992] 115,2,5
[10:43:30.995] 116,2,5
[10:43:30.999] 117,2,3
[10:43:31.000] 118,0,0
[10:43:31.004] 119,6,0
[10:43:31.006] 120,1,0
[10:43:31.012] 121,5,4
[10:43:31.015] 122,2,1
[10:43:31.015] 123,4,0
[10:43:31.016] 124,3,2
[10:43:31.021] 125,5,2
[10:43:31.022] 126,2,1
[10:43:31.024] 127,1,2
[10:43:31.028] 128,5,7
[10:43:31.031] 129,4,2
[10:43:31.033] 130,2,0
[10:43:31.035] 131,3,4
[10:43:31.042] 132,2,3
[10:43:31.050] 133,8,0
[10:43:31.051] 134,6,2
[10:43:31.051] 135,2,1
[10:43:31.052] 136,5,4
[10:43:31.063] 137,3,8
[10:43:31.066] 138,4,1
[10:43:31.069] 139,4,0
[10:43:31.071] 140,1,4
[10:43:31.074] 141,2,2
[10:43:31.076] 142,2,2
[10:43:31.082] 143,5,1
[10:43:31.082] 144,4,6
[10:43:31.084] 145,8,8
[10:43:31.087] 146,10,4
[10:43:31.091] 147,2,2
[10:43:31.093] 148,4,0
[10:43:31.096] 149,5,3
[10:43:31.099] 150,2,2
[10:43:31.102] 151,5,2
[10:43:31.104] 152,8,5
[10:43:31.114] 153,8,0
[10:43:31.114] 154,2,6
[10:43:31.114] 155,3,2
[10:43:31.116] 156,2,10
[10:43:31.122] 157,8,3
[10:43:31.123] 158,2,4
[10:43:31.126] 159,2,7
[10:43:31.128] 160,5,5
[10:43:31.130] 161,4,0
[10:43:31.134] 162,7,2
[10:43:31.137] 163,7,8
[10:43:31.143] 164,7,0
[10:43:31.143] 165,3,6
[10:43:31.144] 166,6,2
[10:43:31.152] 167,6,8
[10:43:31.153] 168,5,7
[10:43:31.154] 169,4,4
[10:43:31.154] 170,3,16
[10:43:31.164] 171,6,6
[10:43:31.164] 172,4,0
[10:43:31.167] 173,16,3
[10:43:31.171] 174,5,5
[10:43:31.173] 175,5,8
[10:43:31.176] 176,8,2
[10:43:31.178] 177,7,2
[10:43:31.186] 178,8,8
[10:43:31.187] 179,7,2
[10:43:31.187] 180,8,9
[10:43:31.197] 181,7,10
[10:43:31.198] 182,7,7
[10:43:31.199] 183,10,5
[10:43:31.201] 184,11,3
[10:43:31.205] 185,4,5
[10:43:31.211] 186,6,10
[10:43:31.212] 187,4,16
[10:43:31.217] 188,8,8
[10:43:31.217] 189,7,6
[10:43:31.218] 190,8,0
[10:43:31.221] 191,7,8
[10:43:31.224] 192,10,3
[10:43:31.228] 193,9,1
[10:43:31.229] 194,10,2
[10:43:31.232] 195,11,5
[10:43:31.235] 196,7,4
[10:43:31.244] 197,2,1
[10:43:31.245] 198,2,5
[10:43:31.245] 199,10,8
[10:43:31.255] [RCEXIT] t=1810228 i=0 exit=0 lcp=24 dur=0ms margin=30
[10:43:31.266] [HIT] t=1810246 i=0 note=38 vel=1 raw=1 truepeak=25 ch=10 rescues=0 thresh=-1.000 peak=-1.000 mask=-1 decay=-1 decaylen=-1 xfilt=-1.000 xfiltdecay=-1.000 loopt=0 piezodc=-3.0 dchead=5.4 spikerej=108 rcstate=2 lcp=25 refrise=0
[10:43:31.273] [SysEx TX] F0 00 7D 00 05 03 00 00 01 01 F7
[10:43:31.276] [SCOPE] input=0 pad_type=2 head_ch=1 rim_ch=0 head_peak=31 rim_peak=16 decision=HEAD samples=200
[10:43:31.278] T,H,R
[10:43:31.281] 0,0,6
[10:43:31.287] 1,5,4
[10:43:31.288] 2,5,2
[10:43:31.289] 3,2,4
[10:43:31.293] 4,2,7
[10:43:31.302] 5,2,2
[10:43:31.302] 6,4,4
[10:43:31.302] 7,1,2
[10:43:31.302] 8,0,2
[10:43:31.309] 9,4,2
[10:43:31.310] 10,5,4
[10:43:31.323] 11,1,2
[10:43:31.323] 12,2,4
[10:43:31.323] 13,2,1
[10:43:31.324] 14,2,3
[10:43:31.328] 15,2,5
[10:43:31.330] 16,5,2
[10:43:31.333] 17,2,5
[10:43:31.336] 18,5,2
[10:43:31.339] 19,2,2
[10:43:31.342] 20,2,4
[10:43:31.347] 21,4,8
[10:43:31.347] 22,5,2
[10:43:31.349] 23,0,4
[10:43:31.357] 24,2,2
[10:43:31.357] 25,5,2
[10:43:31.357] 26,1,4
[10:43:31.359] 27,2,4
[10:43:31.371] 28,2,5
[10:43:31.371] 29,5,2
[10:43:31.372] 30,8,2
[10:43:31.374] 31,2,2
[10:43:31.377] 32,5,5
[10:43:31.380] 33,2,2
[10:43:31.382] 34,2,6
[10:43:31.389] 35,7,0
[10:43:31.389] 36,5,7
[10:43:31.389] 37,1,5
[10:43:31.395] 38,2,7
[10:43:31.396] 39,2,5
[10:43:31.399] 40,4,3
[10:43:31.402] 41,1,4
[10:43:31.405] 42,4,5
[10:43:31.408] 43,6,2
[10:43:31.411] 44,5,4
[10:43:31.413] 45,3,6
[10:43:31.427] 46,4,0
[10:43:31.437] 47,6,3
[10:43:31.437] 48,3,2
[10:43:31.437] 49,1,5
[10:43:31.438] 50,4,2
[10:43:31.442] 51,4,4
[10:43:31.449] 52,7,4
[10:43:31.449] 53,2,8
[10:43:31.450] 54,3,2
[10:43:31.452] 55,4,8
[10:43:31.459] 56,8,4
[10:43:31.459] 57,7,8
[10:43:31.459] 58,6,5
[10:43:31.462] 59,4,5
[10:43:31.471] 60,2,0
[10:43:31.472] 61,3,0
[10:43:31.473] 62,4,1
[10:43:31.479] 63,7,2
[10:43:31.480] 64,1,2
[10:43:31.485] 65,0,8
[10:43:31.486] 66,6,6
[10:43:31.491] 67,6,2
[10:43:31.494] 68,4,10
[10:43:31.495] 69,4,0
[10:43:31.497] 70,7,3
[10:43:31.499] 71,7,2
[10:43:31.504] 72,1,10
[10:43:31.505] 73,10,5
[10:43:31.507] 74,6,8
[10:43:31.511] 75,6,8
[10:43:31.514] 76,3,4
[10:43:31.516] 77,10,5
[10:43:31.523] 78,7,3
[10:43:31.523] 79,7,6
[10:43:31.523] 80,8,4
[10:43:31.532] 81,4,7
[10:43:31.532] 82,5,4
[10:43:31.533] 83,4,4
[10:43:31.537] 84,10,3
[10:43:31.538] 85,3,6
[10:43:31.543] 86,10,7
[10:43:31.543] 87,4,8
[10:43:31.547] 88,7,10
[10:43:31.553] 89,5,3
[10:43:31.553] 90,7,10
[10:43:31.553] 91,7,8
[10:43:31.563] 92,16,10
[10:43:31.563] 93,7,10
[10:43:31.564] 94,7,7
[10:43:31.564] 95,3,5
[10:43:31.576] 96,8,10
[10:43:31.578] 97,8,8
[10:43:31.581] 98,5,6
[10:43:31.584] 99,8,6
[10:43:31.595] 100,31,7
[10:43:31.595] 101,4,3
[10:43:31.595] 102,7,2
[10:43:31.596] 103,1,5
[10:43:31.602] 104,5,7
[10:43:31.605] 105,8,3
[10:43:31.606] 106,16,7
[10:43:31.609] 107,10,1
[10:43:31.613] 108,5,8
[10:43:31.615] 109,7,11
[10:43:31.618] 110,7,10
[10:43:31.626] 111,10,6
[10:43:31.627] 112,7,5
[10:43:31.627] 113,5,4
[10:43:31.628] 114,8,10
[10:43:31.632] 115,5,8
[10:43:31.635] 116,7,2
[10:43:31.638] 117,2,6
[10:43:31.643] 118,3,6
[10:43:31.647] 119,4,9
[10:43:31.661] 120,8,8
[10:43:31.661] 121,2,8
[10:43:31.661] 122,4,10
[10:43:31.661] 123,4,3
[10:43:31.683] 124,3,1
[10:43:31.683] 125,7,7
[10:43:31.683] 126,5,10
[10:43:31.684] 127,2,2
[10:43:31.688] 128,3,6
[10:43:31.692] 129,0,4
[10:43:31.698] 130,2,6
[10:43:31.698] 131,3,3
[10:43:31.699] 132,2,8
[10:43:31.701] 133,0,3
[10:43:31.709] 134,3,2
[10:43:31.709] 135,2,4
[10:43:31.709] 136,0,2
[10:43:31.712] 137,6,1
[10:43:31.715] 138,7,11
[10:43:31.718] 139,5,6
[10:43:31.721] 140,4,3
[10:43:31.727] 141,9,8
[10:43:31.728] 142,2,0
[10:43:31.728] 143,2,9
[10:43:31.729] 144,6,3
[10:43:31.734] 145,5,5
[10:43:31.737] 146,5,5
[10:43:31.741] 147,1,0
[10:43:31.742] 148,8,2
[10:43:31.744] 149,2,2
[10:43:31.747] 150,2,2
[10:43:31.756] 151,2,2
[10:43:31.756] 152,0,1
[10:43:31.756] 153,5,3
[10:43:31.758] 154,2,5
[10:43:31.767] 155,5,2
[10:43:31.768] 156,0,1
[10:43:31.768] 157,4,0
[10:43:31.770] 158,5,2
[10:43:31.780] 159,2,2
[10:43:31.785] 160,2,3
[10:43:31.787] 161,0,4
[10:43:31.789] 162,5,2
[10:43:31.793] 163,1,6
[10:43:31.799] 164,3,0
[10:43:31.799] 165,4,4
[10:43:31.800] 166,5,3
[10:43:31.803] 167,2,2
[10:43:31.806] 168,0,5
[10:43:31.809] 169,3,0
[10:43:31.812] 170,5,7
[10:43:31.814] 171,2,2
[10:43:31.818] 172,1,5
[10:43:31.820] 173,4,0
[10:43:31.823] 174,3,0
[10:43:31.832] 175,6,1
[10:43:31.832] 176,5,7
[10:43:31.832] 177,3,7
[10:43:31.833] 178,2,2
[10:43:31.837] 179,2,3
[10:43:31.840] 180,3,2
[10:43:31.843] 181,2,0
[10:43:31.846] 182,2,8
[10:43:31.848] 183,2,3
[10:43:31.854] 184,2,5
[10:43:31.854] 185,5,2
[10:43:31.859] 186,3,2
[10:43:31.859] 187,0,3
[10:43:31.862] 188,5,3
[10:43:31.884] 189,3,1
[10:43:31.884] 190,3,3
[10:43:31.885] 191,0,2
[10:43:31.885] 192,5,7
[10:43:31.893] 193,3,3
[10:43:31.894] 194,5,16
[10:43:31.895] 195,0,4
[10:43:31.901] 196,5,6
[10:43:31.902] 197,6,3
[10:43:31.903] 198,3,4
[10:43:31.907] 199,2,8
[10:43:31.919] [RCEXIT] t=1810892 i=0 exit=0 lcp=25 dur=0ms margin=30
=== Session ended 2026-07-11T10:43:38.006431 ===
