
=== Session started 2026-07-11T12:45:13.021420 (192.168.1.168:23) ===
[12:45:13.022] [dev] eDrum telnet console
[12:45:13.030] [SysEx TX] F0 00 7D 00 05 03 00 00 01 01 F7
[12:45:13.521] [CHOKE] i=1 note=57 ch=10
[12:45:20.672] [w] input=0 scan=1 OK
[12:45:20.781] [SysEx TX] F0 00 7D 00 05 01 01 06 00 F7
[12:45:21.303] [CHOKE] i=1 note=57 ch=10
[12:45:22.178] [Config]
[12:45:22.179]   [0] en=1 type=2 note=38 ch=10 z2note=40 z2ch=10 thresh=20 sens=3250 scan=1 mask=8 ratio=40 chokethresh=50 choke=1 curve=0 retrig=30 seeds=-1 builds=-1
[12:45:22.192]   [1] en=1 type=1 note=57 ch=10 z2note=40 z2ch=10 thresh=20 sens=1023 scan=3 mask=39 ratio=40 chokethresh=50 choke=1 curve=0 retrig=50 seeds=-1 builds=-1
[12:45:22.193]   [2] en=0 type=1 note=42 ch=10 z2note=46 z2ch=10 thresh=20 sens=800 scan=3 mask=80 ratio=40 chokethresh=50 choke=1 curve=4 retrig=50 seeds=-1 builds=-1
[12:45:22.201]   [3] en=1 type=2 note=60 ch=10 z2note=53 z2ch=10 thresh=149 sens=152 scan=3 mask=80 ratio=40 chokethresh=50 choke=1 curve=0 retrig=0 seeds=-1 builds=-1
[12:45:22.201]   [4] en=1 type=1 note=44 ch=10 z2note=44 z2ch=10 thresh=20 sens=800 scan=3 mask=80 ratio=40 chokethresh=50 choke=1 curve=4 retrig=50 seeds=-1 builds=-1
[12:45:22.210] [SysEx TX] F0 00 7D 00 05 03 00 00 01 01 F7
[12:45:22.226] [SysEx TX] F0 00 7D 00 05 03 00 00 01 01 F7
[12:45:23.791] [CHOKE] i=1 note=57 ch=10
[12:45:31.873] [CHOKE] i=1 note=57 ch=10
[12:45:36.843] [SysEx TX] F0 00 7D 00 05 03 00 00 01 01 F7
[12:45:36.857] [SysEx TX] F0 00 7D 00 05 03 00 00 01 01 F7
[12:45:36.869] [SysEx TX] F0 00 7D 00 05 03 01 00 01 01 F7
[12:45:36.881] [SysEx TX] F0 00 7D 00 05 03 00 00 01 01 F7
[12:45:36.895] [SysEx TX] F0 00 7D 00 05 03 00 00 01 01 F7
[12:45:36.905] [SysEx TX] F0 00 7D 00 05 03 00 00 01 01 F7
[12:45:36.922] [SysEx TX] F0 00 7D 00 05 03 00 00 01 01 F7
[12:45:36.940] [SysEx TX] F0 00 7D 00 05 03 00 00 01 01 F7
[12:45:36.951] [SysEx TX] F0 00 7D 00 05 03 00 00 01 01 F7
[12:45:36.999] [SysEx TX] F0 00 7D 00 05 03 00 00 01 01 F7
[12:45:37.008] [SysEx TX] F0 00 7D 00 05 03 00 00 01 01 F7
[12:45:37.021] [SysEx TX] F0 00 7D 00 05 03 00 00 01 01 F7
[12:45:37.038] [SysEx TX] F0 00 7D 00 05 03 00 00 01 01 F7
[12:45:37.053] [SysEx TX] F0 00 7D 00 05 03 00 00 02 02 F7
[12:45:37.061] [SysEx TX] F0 00 7D 00 05 03 00 00 01 01 F7
[12:45:37.086] [SysEx TX] F0 00 7D 00 05 03 00 00 01 01 F7
[12:45:37.099] [SysEx TX] F0 00 7D 00 05 03 01 00 0C 0C F7
[12:45:37.160] [SysEx TX] F0 00 7D 00 05 03 00 00 01 01 F7
[12:45:37.176] [SysEx TX] F0 00 7D 00 05 03 00 00 01 01 F7
[12:45:37.187] [SysEx TX] F0 00 7D 00 05 03 00 00 03 03 F7
[12:45:37.204] [SysEx TX] F0 00 7D 00 05 03 00 00 01 01 F7
[12:45:37.208] [CHOKE] i=1 note=57 ch=10
[12:45:37.219] [SysEx TX] F0 00 7D 00 05 03 01 00 23 23 F7
[12:45:37.231] [SysEx TX] F0 00 7D 00 05 03 00 00 01 01 F7
[12:45:37.253] [SysEx TX] F0 00 7D 00 05 03 00 00 01 01 F7
[12:45:37.256] [CHOKE] i=1 note=57 ch=10
[12:45:37.277] [SysEx TX] F0 00 7D 00 05 03 00 00 01 01 F7
[12:45:37.322] [SysEx TX] F0 00 7D 00 05 03 00 00 01 01 F7
[12:45:37.333] [SysEx TX] F0 00 7D 00 05 03 00 00 01 01 F7
[12:45:37.350] [SysEx TX] F0 00 7D 00 05 03 00 00 01 01 F7
[12:45:37.379] [SysEx TX] F0 00 7D 00 05 03 00 00 01 01 F7
[12:45:37.400] [SysEx TX] F0 00 7D 00 05 03 00 00 01 01 F7
[12:45:37.411] [SysEx TX] F0 00 7D 00 05 03 00 00 05 05 F7
[12:45:37.556] [SysEx TX] F0 00 7D 00 05 03 01 00 09 09 F7
[12:45:37.561] [CHOKE] i=1 note=57 ch=10
[12:45:37.612] [SysEx TX] F0 00 7D 00 05 03 01 00 11 11 F7
[12:45:37.628] [SysEx TX] F0 00 7D 00 05 03 03 00 7F 7F F7
[12:45:37.711] [SysEx TX] F0 00 7D 00 05 03 01 00 7F 7F F7
[12:45:37.717] [CHOKE] i=1 note=57 ch=10
[12:45:37.765] [SysEx TX] F0 00 7D 00 05 03 01 00 0C 0C F7
[12:45:37.816] [SysEx TX] F0 00 7D 00 05 03 01 00 04 04 F7
[12:45:38.154] [SysEx TX] F0 00 7D 00 05 03 00 00 03 03 F7
[12:45:38.219] [CHOKE] i=1 note=57 ch=10
[12:45:39.177] [SysEx TX] F0 00 7D 00 05 03 00 00 01 01 F7
[12:45:39.187] [SysEx TX] F0 00 7D 00 05 03 00 00 01 01 F7
[12:45:41.399] [SysEx TX] F0 00 7D 00 05 03 00 00 7F 7F F7
[12:45:41.403] [CHOKE] i=1 note=57 ch=10
[12:45:41.415] [SysEx TX] F0 00 7D 00 05 03 00 00 4B 4B F7
[12:45:41.428] [SysEx TX] F0 00 7D 00 05 03 00 00 2E 2E F7
[12:45:41.445] [SysEx TX] F0 00 7D 00 05 03 00 00 15 15 F7
[12:45:41.458] [SysEx TX] F0 00 7D 00 05 03 00 00 0D 0D F7
[12:45:41.461] [CHOKE] i=1 note=57 ch=10
[12:45:41.476] [SysEx TX] F0 00 7D 00 05 03 00 00 05 05 F7
[12:45:41.487] [SysEx TX] F0 00 7D 00 05 03 00 00 03 03 F7
[12:45:41.504] [SysEx TX] F0 00 7D 00 05 03 00 00 02 02 F7
[12:45:41.602] [SysEx TX] F0 00 7D 00 05 03 00 00 7F 7F F7
[12:45:41.612] [SysEx TX] F0 00 7D 00 05 03 00 00 67 67 F7
[12:45:41.627] [SysEx TX] F0 00 7D 00 05 03 00 00 52 52 F7
[12:45:41.641] [SysEx TX] F0 00 7D 00 05 03 00 00 1C 1C F7
[12:45:41.648] [CHOKE] i=1 note=57 ch=10
[12:45:41.661] [SysEx TX] F0 00 7D 00 05 03 00 00 19 19 F7
[12:45:41.661] [CHOKE] i=1 note=57 ch=10
[12:45:41.680] [SysEx TX] F0 00 7D 00 05 03 00 00 01 01 F7
[12:45:41.890] [CHOKE] i=1 note=57 ch=10
[12:45:41.991] [SysEx TX] F0 00 7D 00 05 03 00 00 7F 7F F7
[12:45:42.001] [SysEx TX] F0 00 7D 00 05 03 00 00 7F 7F F7
[12:45:42.021] [SysEx TX] F0 00 7D 00 05 03 00 00 15 15 F7
[12:45:42.032] [SysEx TX] F0 00 7D 00 05 03 00 00 13 13 F7
[12:45:42.060] [SysEx TX] F0 00 7D 00 05 03 00 00 13 13 F7
[12:45:42.070] [SysEx TX] F0 00 7D 00 05 03 00 00 06 06 F7
[12:45:42.086] [SysEx TX] F0 00 7D 00 05 03 00 00 03 03 F7
[12:45:43.159] [SysEx TX] F0 00 7D 00 05 03 00 00 7F 7F F7
[12:45:43.256] [SysEx TX] F0 00 7D 00 05 03 00 00 7F 7F F7
[12:45:43.256] [SysEx TX] F0 00 7D 00 05 03 00 00 56 56 F7
[12:45:43.256] [SysEx TX] F0 00 7D 00 05 03 00 00 2A 2A F7
[12:45:43.256] [SysEx TX] F0 00 7D 00 05 03 00 00 08 08 F7
[12:45:43.579] [SysEx TX] F0 00 7D 00 05 03 00 00 3B 3B F7
[12:45:43.596] [SysEx TX] F0 00 7D 00 05 03 00 00 0D 0D F7
[12:45:43.608] [SysEx TX] F0 00 7D 00 05 03 00 00 03 03 F7
[12:45:43.627] [SysEx TX] F0 00 7D 00 05 03 00 00 01 01 F7
[12:45:43.934] [SysEx TX] F0 00 7D 00 05 03 00 00 7F 7F F7
[12:45:43.936] [CHOKE] i=1 note=57 ch=10
[12:45:43.954] [SysEx TX] F0 00 7D 00 05 03 00 00 21 21 F7
[12:45:43.966] [SysEx TX] F0 00 7D 00 05 03 00 00 13 13 F7
[12:45:43.978] [SysEx TX] F0 00 7D 00 05 03 00 00 16 16 F7
[12:45:43.989] [SysEx TX] F0 00 7D 00 05 03 00 00 06 06 F7
[12:45:44.012] [SysEx TX] F0 00 7D 00 05 03 00 00 03 03 F7
[12:45:44.022] [SysEx TX] F0 00 7D 00 05 03 00 00 01 01 F7
[12:45:44.350] [SysEx TX] F0 00 7D 00 05 03 00 00 7F 7F F7
[12:45:44.365] [SysEx TX] F0 00 7D 00 05 03 00 00 7F 7F F7
[12:45:44.376] [SysEx TX] F0 00 7D 00 05 03 00 00 3D 3D F7
[12:45:44.389] [SysEx TX] F0 00 7D 00 05 03 00 00 28 28 F7
[12:45:44.401] [SysEx TX] F0 00 7D 00 05 03 00 00 12 12 F7
[12:45:44.414] [SysEx TX] F0 00 7D 00 05 03 00 00 07 07 F7
[12:45:44.425] [SysEx TX] F0 00 7D 00 05 03 00 00 02 02 F7
[12:45:44.984] [SysEx TX] F0 00 7D 00 05 03 00 00 01 01 F7
[12:45:44.996] [SysEx TX] F0 00 7D 00 05 03 00 00 01 01 F7
[12:45:45.000] [CHOKE] i=1 note=57 ch=10
[12:45:45.313] [SysEx TX] F0 00 7D 00 05 03 00 00 02 02 F7
[12:45:45.331] [SysEx TX] F0 00 7D 00 05 03 00 00 01 01 F7
[12:45:45.342] [SysEx TX] F0 00 7D 00 05 03 00 00 01 01 F7
[12:45:45.359] [SysEx TX] F0 00 7D 00 05 03 00 00 01 01 F7
[12:45:45.362] [CHOKE] i=1 note=57 ch=10
[12:45:45.700] [SysEx TX] F0 00 7D 00 05 03 00 00 10 10 F7
[12:45:45.712] [SysEx TX] F0 00 7D 00 05 03 00 00 15 15 F7
[12:45:45.777] [SysEx TX] F0 00 7D 00 05 03 00 00 01 01 F7
[12:45:45.791] [SysEx TX] F0 00 7D 00 05 03 00 00 01 01 F7
[12:45:46.341] [SysEx TX] F0 00 7D 00 05 03 00 00 01 01 F7
[12:45:46.355] [SysEx TX] F0 00 7D 00 05 03 00 00 02 02 F7
[12:45:46.366] [SysEx TX] F0 00 7D 00 05 03 00 00 01 01 F7
[12:45:46.605] [SysEx TX] F0 00 7D 00 05 03 00 00 10 10 F7
[12:45:46.617] [SysEx TX] F0 00 7D 00 05 03 00 00 08 08 F7
[12:45:46.678] [SysEx TX] F0 00 7D 00 05 03 00 00 02 02 F7
[12:45:46.698] [SysEx TX] F0 00 7D 00 05 03 00 00 01 01 F7
[12:45:47.916] [SysEx TX] F0 00 7D 00 05 03 01 00 01 01 F7
[12:45:47.971] [SysEx TX] F0 00 7D 00 05 03 01 00 01 01 F7
[12:45:47.974] [CHOKE] i=1 note=57 ch=10
[12:45:48.414] [SysEx TX] F0 00 7D 00 05 03 00 00 01 01 F7
[12:45:48.428] [SysEx TX] F0 00 7D 00 05 03 00 00 7F 7F F7
[12:45:48.440] [SysEx TX] F0 00 7D 00 05 03 00 00 2C 2C F7
[12:45:48.452] [SysEx TX] F0 00 7D 00 05 03 00 00 1F 1F F7
[12:45:48.465] [SysEx TX] F0 00 7D 00 05 03 00 00 0F 0F F7
[12:45:48.475] [SysEx TX] F0 00 7D 00 05 03 00 00 0A 0A F7
[12:45:48.487] [SysEx TX] F0 00 7D 00 05 03 00 00 07 07 F7
[12:45:48.521] [SysEx TX] F0 00 7D 00 05 03 00 00 02 02 F7
[12:45:48.534] [SysEx TX] F0 00 7D 00 05 03 00 00 01 01 F7
[12:45:50.719] [SysEx TX] F0 00 7D 00 05 03 00 00 01 01 F7
[12:45:50.732] [SysEx TX] F0 00 7D 00 05 03 00 00 56 56 F7
[12:45:50.748] [SysEx TX] F0 00 7D 00 05 03 00 00 26 26 F7
[12:45:50.762] [SysEx TX] F0 00 7D 00 05 03 00 00 19 19 F7
[12:45:50.774] [SysEx TX] F0 00 7D 00 05 03 00 00 0F 0F F7
[12:45:50.786] [SysEx TX] F0 00 7D 00 05 03 00 00 09 09 F7
[12:45:50.799] [SysEx TX] F0 00 7D 00 05 03 00 00 06 06 F7
[12:45:50.834] [SysEx TX] F0 00 7D 00 05 03 00 00 01 01 F7
[12:45:51.134] [SysEx TX] F0 00 7D 00 05 03 00 00 7F 7F F7
[12:45:51.137] [CHOKE] i=1 note=57 ch=10
[12:45:51.149] [SysEx TX] F0 00 7D 00 05 03 00 00 25 25 F7
[12:45:51.169] [SysEx TX] F0 00 7D 00 05 03 00 00 17 17 F7
[12:45:51.176] [SysEx TX] F0 00 7D 00 05 03 00 00 11 11 F7
[12:45:51.189] [SysEx TX] F0 00 7D 00 05 03 00 00 0D 0D F7
[12:45:51.225] [SysEx TX] F0 00 7D 00 05 03 00 00 01 01 F7
[12:45:53.021] [SysEx TX] F0 00 7D 00 05 03 00 00 2E 2E F7
[12:45:53.041] [SysEx TX] F0 00 7D 00 05 03 00 00 14 14 F7
[12:45:53.075] [SysEx TX] F0 00 7D 00 05 03 00 00 07 07 F7
[12:45:53.123] [SysEx TX] F0 00 7D 00 05 03 00 00 01 01 F7
[12:45:53.135] [SysEx TX] F0 00 7D 00 05 03 00 00 01 01 F7
[12:45:53.558] [SysEx TX] F0 00 7D 00 05 03 00 00 27 27 F7
[12:45:53.580] [SysEx TX] F0 00 7D 00 05 03 00 00 14 14 F7
[12:45:53.660] [SysEx TX] F0 00 7D 00 05 03 00 00 01 01 F7
[12:45:53.670] [SysEx TX] F0 00 7D 00 05 03 00 00 01 01 F7
[12:45:54.255] [SysEx TX] F0 00 7D 00 05 03 00 00 0C 0C F7
[12:45:54.273] [SysEx TX] F0 00 7D 00 05 03 00 00 13 13 F7
[12:45:54.348] [SysEx TX] F0 00 7D 00 05 03 00 00 01 01 F7
[12:45:54.359] [SysEx TX] F0 00 7D 00 05 03 00 00 01 01 F7
[12:45:54.379] [SysEx TX] F0 00 7D 00 05 03 01 00 02 02 F7
[12:45:58.065] [SysEx TX] F0 00 7D 00 05 03 00 00 01 01 F7
[12:45:58.075] [SysEx TX] F0 00 7D 00 05 03 00 00 0A 0A F7
[12:45:58.131] [SysEx TX] F0 00 7D 00 05 03 00 00 01 01 F7
[12:45:58.140] [SysEx TX] F0 00 7D 00 05 03 00 00 01 01 F7
[12:45:58.151] [SysEx TX] F0 00 7D 00 05 03 00 00 01 01 F7
[12:45:58.379] [SysEx TX] F0 00 7D 00 05 03 00 00 08 08 F7
[12:45:58.428] [SysEx TX] F0 00 7D 00 05 03 00 00 02 02 F7
[12:45:58.448] [SysEx TX] F0 00 7D 00 05 03 00 00 01 01 F7
[12:45:58.462] [SysEx TX] F0 00 7D 00 05 03 00 00 01 01 F7
[12:45:58.712] [SysEx TX] F0 00 7D 00 05 03 00 00 01 01 F7
[12:45:58.723] [SysEx TX] F0 00 7D 00 05 03 00 00 01 01 F7
[12:45:58.738] [SysEx TX] F0 00 7D 00 05 03 00 00 01 01 F7
[12:45:59.527] [SysEx TX] F0 00 7D 00 05 03 00 00 07 07 F7
[12:45:59.580] [SysEx TX] F0 00 7D 00 05 03 00 00 02 02 F7
[12:45:59.580] [CHOKE] i=1 note=57 ch=10
[12:45:59.596] [SysEx TX] F0 00 7D 00 05 03 00 00 01 01 F7
[12:45:59.606] [SysEx TX] F0 00 7D 00 05 03 00 00 01 01 F7
[12:46:00.825] [SysEx TX] F0 00 7D 00 05 03 00 00 7E 7E F7
[12:46:00.842] [SysEx TX] F0 00 7D 00 05 03 00 00 10 10 F7
[12:46:00.867] [SysEx TX] F0 00 7D 00 05 03 00 00 01 01 F7
[12:46:00.889] [SysEx TX] F0 00 7D 00 05 03 00 00 02 02 F7
[12:46:00.903] [SysEx TX] F0 00 7D 00 05 03 00 00 01 01 F7
[12:46:03.086] [SysEx TX] F0 00 7D 00 05 03 00 00 7F 7F F7
[12:46:03.099] [SysEx TX] F0 00 7D 00 05 03 00 00 54 54 F7
[12:46:03.111] [SysEx TX] F0 00 7D 00 05 03 00 00 26 26 F7
[12:46:03.114] [CHOKE] i=1 note=57 ch=10
[12:46:03.125] [SysEx TX] F0 00 7D 00 05 03 00 00 15 15 F7
[12:46:03.144] [SysEx TX] F0 00 7D 00 05 03 00 00 19 19 F7
[12:46:03.192] [SysEx TX] F0 00 7D 00 05 03 00 00 08 08 F7
[12:46:03.192] [CHOKE] i=1 note=57 ch=10
[12:46:03.198] [SysEx TX] F0 00 7D 00 05 03 00 00 05 05 F7
[12:46:03.216] [SysEx TX] F0 00 7D 00 05 03 00 00 01 01 F7
[12:46:03.472] [SysEx TX] F0 00 7D 00 05 03 00 00 7F 7F F7
[12:46:03.488] [SysEx TX] F0 00 7D 00 05 03 00 00 34 34 F7
[12:46:03.494] [SysEx TX] F0 00 7D 00 05 03 00 00 20 20 F7
[12:46:03.505] [SysEx TX] F0 00 7D 00 05 03 00 00 1A 1A F7
[12:46:03.519] [SysEx TX] F0 00 7D 00 05 03 00 00 0D 0D F7
[12:46:03.531] [SysEx TX] F0 00 7D 00 05 03 00 00 0A 0A F7
[12:46:03.547] [SysEx TX] F0 00 7D 00 05 03 00 00 03 03 F7
[12:46:03.580] [SysEx TX] F0 00 7D 00 05 03 00 00 01 01 F7
[12:46:05.186] [SysEx TX] F0 00 7D 00 05 03 00 00 7F 7F F7
[12:46:05.198] [SysEx TX] F0 00 7D 00 05 03 00 00 7F 7F F7
[12:46:05.214] [SysEx TX] F0 00 7D 00 05 03 00 00 47 47 F7
[12:46:05.231] [SysEx TX] F0 00 7D 00 05 03 00 00 19 19 F7
[12:46:05.239] [SysEx TX] F0 00 7D 00 05 03 00 00 04 04 F7
[12:46:05.253] [SysEx TX] F0 00 7D 00 05 03 00 00 09 09 F7
[12:46:05.262] [SysEx TX] F0 00 7D 00 05 03 00 00 02 02 F7
[12:46:05.519] [SysEx TX] F0 00 7D 00 05 03 00 00 7F 7F F7
[12:46:05.523] [SysEx TX] F0 00 7D 00 05 03 00 00 7F 7F F7
[12:46:05.535] [SysEx TX] F0 00 7D 00 05 03 00 00 3A 3A F7
[12:46:05.546] [SysEx TX] F0 00 7D 00 05 03 00 00 26 26 F7
[12:46:05.559] [SysEx TX] F0 00 7D 00 05 03 00 00 2A 2A F7
[12:46:05.571] [SysEx TX] F0 00 7D 00 05 03 00 00 16 16 F7
[12:46:05.583] [SysEx TX] F0 00 7D 00 05 03 00 00 0D 0D F7
[12:46:05.597] [SysEx TX] F0 00 7D 00 05 03 00 00 01 01 F7
[12:46:06.441] [SysEx TX] F0 00 7D 00 05 03 00 00 7F 7F F7
[12:46:06.449] [SysEx TX] F0 00 7D 00 05 03 00 00 4A 4A F7
[12:46:06.462] [SysEx TX] F0 00 7D 00 05 03 00 00 4E 4E F7
[12:46:06.474] [SysEx TX] F0 00 7D 00 05 03 00 00 25 25 F7
[12:46:06.487] [SysEx TX] F0 00 7D 00 05 03 00 00 09 09 F7
[12:46:06.497] [SysEx TX] F0 00 7D 00 05 03 00 00 0C 0C F7
[12:46:06.532] [SysEx TX] F0 00 7D 00 05 03 00 00 01 01 F7
[12:46:06.532] [CHOKE] i=1 note=57 ch=10
[12:46:06.841] [CHOKE] i=1 note=57 ch=10
[12:46:07.942] [SysEx TX] F0 00 7D 00 05 03 00 00 01 01 F7
[12:46:07.965] [SysEx TX] F0 00 7D 00 05 03 00 00 65 65 F7
[12:46:07.978] [SysEx TX] F0 00 7D 00 05 03 00 00 43 43 F7
[12:46:07.994] [SysEx TX] F0 00 7D 00 05 03 00 00 28 28 F7
[12:46:08.003] [SysEx TX] F0 00 7D 00 05 03 00 00 09 09 F7
[12:46:08.015] [SysEx TX] F0 00 7D 00 05 03 00 00 09 09 F7
[12:46:08.052] [SysEx TX] F0 00 7D 00 05 03 00 00 02 02 F7
[12:46:08.706] [SysEx TX] F0 00 7D 00 05 03 00 00 04 04 F7
[12:46:08.718] [SysEx TX] F0 00 7D 00 05 03 00 00 7F 7F F7
[12:46:08.730] [SysEx TX] F0 00 7D 00 05 03 00 00 52 52 F7
[12:46:08.745] [SysEx TX] F0 00 7D 00 05 03 00 00 1B 1B F7
[12:46:08.757] [SysEx TX] F0 00 7D 00 05 03 00 00 15 15 F7
[12:46:08.771] [SysEx TX] F0 00 7D 00 05 03 00 00 09 09 F7
[12:46:08.788] [SysEx TX] F0 00 7D 00 05 03 00 00 0A 0A F7
[12:46:08.800] [SysEx TX] F0 00 7D 00 05 03 00 00 03 03 F7
[12:46:09.475] [SysEx TX] F0 00 7D 00 05 03 00 00 7F 7F F7
[12:46:09.489] [SysEx TX] F0 00 7D 00 05 03 00 00 7F 7F F7
[12:46:09.501] [CHOKE] i=1 note=57 ch=10
[12:46:09.514] [SysEx TX] F0 00 7D 00 05 03 00 00 47 47 F7
[12:46:09.530] [SysEx TX] F0 00 7D 00 05 03 00 00 18 18 F7
[12:46:09.542] [SysEx TX] F0 00 7D 00 05 03 00 00 1C 1C F7
[12:46:09.554] [SysEx TX] F0 00 7D 00 05 03 00 00 0C 0C F7
[12:46:09.564] [SysEx TX] F0 00 7D 00 05 03 00 00 01 01 F7
[12:46:10.219] [SysEx TX] F0 00 7D 00 05 03 00 00 7F 7F F7
[12:46:10.219] [CHOKE] i=1 note=57 ch=10
[12:46:10.230] [SysEx TX] F0 00 7D 00 05 03 00 00 7F 7F F7
[12:46:10.231] [CHOKE] i=1 note=57 ch=10
[12:46:10.249] [SysEx TX] F0 00 7D 00 05 03 00 00 2E 2E F7
[12:46:10.256] [SysEx TX] F0 00 7D 00 05 03 00 00 1B 1B F7
[12:46:10.268] [SysEx TX] F0 00 7D 00 05 03 00 00 11 11 F7
[12:46:10.278] [SysEx TX] F0 00 7D 00 05 03 00 00 07 07 F7
[12:46:10.291] [SysEx TX] F0 00 7D 00 05 03 00 00 07 07 F7
[12:46:11.033] [SysEx TX] F0 00 7D 00 05 03 00 00 7F 7F F7
[12:46:11.042] [SysEx TX] F0 00 7D 00 05 03 00 00 7F 7F F7
[12:46:11.053] [SysEx TX] F0 00 7D 00 05 03 00 00 7F 7F F7
[12:46:11.069] [SysEx TX] F0 00 7D 00 05 03 00 00 3C 3C F7
[12:46:11.079] [SysEx TX] F0 00 7D 00 05 03 00 00 15 15 F7
[12:46:11.091] [SysEx TX] F0 00 7D 00 05 03 00 00 0B 0B F7
[12:46:11.106] [SysEx TX] F0 00 7D 00 05 03 00 00 03 03 F7
[12:46:11.663] [SysEx TX] F0 00 7D 00 05 03 00 00 0B 0B F7
[12:46:11.676] [SysEx TX] F0 00 7D 00 05 03 00 00 7F 7F F7
[12:46:11.685] [SysEx TX] F0 00 7D 00 05 03 00 00 7F 7F F7
[12:46:11.697] [SysEx TX] F0 00 7D 00 05 03 00 00 34 34 F7
[12:46:11.711] [SysEx TX] F0 00 7D 00 05 03 00 00 16 16 F7
[12:46:11.725] [SysEx TX] F0 00 7D 00 05 03 00 00 0D 0D F7
[12:46:11.739] [SysEx TX] F0 00 7D 00 05 03 00 00 03 03 F7
[12:46:12.368] [SysEx TX] F0 00 7D 00 05 03 00 00 7F 7F F7
[12:46:12.374] [CHOKE] i=1 note=57 ch=10
[12:46:12.384] [SysEx TX] F0 00 7D 00 05 03 00 00 7F 7F F7
[12:46:12.401] [SysEx TX] F0 00 7D 00 05 03 00 00 7C 7C F7
[12:46:12.409] [SysEx TX] F0 00 7D 00 05 03 00 00 1F 1F F7
[12:46:12.429] [SysEx TX] F0 00 7D 00 05 03 00 00 0E 0E F7
[12:46:12.434] [SysEx TX] F0 00 7D 00 05 03 00 00 07 07 F7
[12:46:12.447] [SysEx TX] F0 00 7D 00 05 03 00 00 01 01 F7
[12:46:13.429] [SysEx TX] F0 00 7D 00 05 03 00 00 7F 7F F7
[12:46:13.443] [SysEx TX] F0 00 7D 00 05 03 00 00 62 62 F7
[12:46:13.454] [SysEx TX] F0 00 7D 00 05 03 00 00 48 48 F7
[12:46:13.466] [SysEx TX] F0 00 7D 00 05 03 00 00 22 22 F7
[12:46:13.480] [SysEx TX] F0 00 7D 00 05 03 00 00 13 13 F7
[12:46:13.492] [SysEx TX] F0 00 7D 00 05 03 00 00 0C 0C F7
[12:46:13.509] [SysEx TX] F0 00 7D 00 05 03 00 00 07 07 F7
[12:46:13.514] [SysEx TX] F0 00 7D 00 05 03 00 00 04 04 F7
[12:46:19.277] [CHOKE] i=1 note=57 ch=10
[12:46:34.872] [CHOKE] i=1 note=57 ch=10
=== Session ended 2026-07-11T12:46:40.310436 ===
