
=== Session started 2026-07-06T19:48:00.476344 (192.168.1.168:23) ===
[19:48:00.482] [dev] eDrum telnet console
[19:48:08.636] [HIT] t=1921434 i=0 note=38 vel=127 raw=127 truepeak=4089 ch=10 rescues=0 thresh=-1.000 peak=-1.000 mask=-1 decay=-1 decaylen=-1 xfilt=-1.000 xfiltdecay=-1.000 loopt=0 piezodc=621.0 dchead=25.3 spikerej=2751
[19:48:08.641] [SysEx TX] F0 00 7D 00 05 03 00 00 7F 7F F7
[19:48:08.644] [SCOPE] input=0 pad_type=2 head_ch=1 rim_ch=0 head_peak=4095 rim_peak=1392 decision=HEAD samples=200
[19:48:08.646] T,H,R
[19:48:08.649] 0,2,2
[19:48:08.651] 1,2,2
[19:48:08.665] 2,3,5
[19:48:08.665] 3,5,6
[19:48:08.665] 4,4,3
[19:48:08.665] 5,2,3
[19:48:08.666] 6,2,2
[19:48:08.668] 7,2,3
[19:48:08.675] 8,2,5
[19:48:08.675] 9,5,14
[19:48:08.677] 10,2,2
[19:48:08.679] 11,2,2
[19:48:08.682] 12,2,3
[19:48:08.685] 13,0,2
[19:48:08.691] 14,2,3
[19:48:08.692] 15,3,5
[19:48:08.693] 16,2,3
[19:48:08.695] 17,17,5
[19:48:08.699] 18,3,2
[19:48:08.705] 19,6,2
[19:48:08.705] 20,2,2
[19:48:08.706] 21,5,7
[19:48:08.709] 22,4,2
[19:48:08.716] 23,2,8
[19:48:08.719] 24,5,8
[19:48:08.721] 25,8,2
[19:48:08.724] 26,2,2
[19:48:08.727] 27,2,5
[19:48:08.730] 28,5,7
[19:48:08.747] 29,2,3
[19:48:08.747] 30,3,5
[19:48:08.748] 31,3,7
[19:48:08.752] 32,5,2
[19:48:08.754] 33,6,8
[19:48:08.757] 34,0,2
[19:48:08.761] 35,2,3
[19:48:08.763] 36,5,5
[19:48:08.766] 37,6,1
[19:48:08.768] 38,2,3
[19:48:08.771] 39,5,2
[19:48:08.778] 40,5,2
[19:48:08.780] 41,5,2
[19:48:08.781] 42,2,2
[19:48:08.783] 43,0,2
[19:48:08.784] 44,2,3
[19:48:08.788] 45,1,2
[19:48:08.794] 46,2,2
[19:48:08.795] 47,2,3
[19:48:08.796] 48,2,3
[19:48:08.799] 49,2,5
[19:48:08.802] 50,3,7
[19:48:08.807] 51,5,2
[19:48:08.809] 52,2,2
[19:48:08.811] 53,5,7
[19:48:08.812] 54,5,2
[19:48:08.818] 55,2,2
[19:48:08.819] 56,2,2
[19:48:08.821] 57,0,2
[19:48:08.824] 58,2,2
[19:48:08.826] 59,2,5
[19:48:08.830] 60,1,5
[19:48:08.832] 61,0,2
[19:48:08.843] 62,2,3
[19:48:08.843] 63,2,5
[19:48:08.844] 64,2,5
[19:48:08.847] 65,3,7
[19:48:08.850] 66,4,6
[19:48:08.853] 67,2,2
[19:48:08.856] 68,1,0
[19:48:08.860] 69,0,2
[19:48:08.861] 70,2,5
[19:48:08.864] 71,0,2
[19:48:08.869] 72,5,2
[19:48:08.871] 73,1,5
[19:48:08.874] 74,2,5
[19:48:08.878] 75,0,3
[19:48:08.879] 76,0,2
[19:48:08.881] 77,2,3
[19:48:08.884] 78,0,5
[19:48:08.888] 79,2,5
[19:48:08.890] 80,0,3
[19:48:08.895] 81,0,3
[19:48:08.896] 82,0,3
[19:48:08.898] 83,0,3
[19:48:08.901] 84,0,3
[19:48:08.904] 85,4,1
[19:48:08.910] 86,1,2
[19:48:08.910] 87,2,2
[19:48:08.911] 88,4,1
[19:48:08.915] 89,1,0
[19:48:08.921] 90,1,2
[19:48:08.924] 91,0,8
[19:48:08.924] 92,0,2
[19:48:08.926] 93,0,50
[19:48:08.929] 94,16,198
[19:48:08.934] 95,54,84
[19:48:08.948] 96,84,116
[19:48:08.948] 97,116,86
[19:48:08.948] 98,128,100
[19:48:08.949] 99,175,160
[19:48:08.953] 100,199,91
[19:48:08.956] 101,238,41
[19:48:08.959] 102,180,0
[19:48:08.962] 103,271,0
[19:48:08.966] 104,0,0
[19:48:08.968] 105,0,0
[19:48:08.970] 106,0,126
[19:48:08.973] 107,0,306
[19:48:08.981] 108,0,208
[19:48:08.981] 109,0,335
[19:48:08.984] 110,0,850
[19:48:08.984] 111,0,1003
[19:48:08.986] 112,0,313
[19:48:08.991] 113,412,54
[19:48:08.992] 114,2484,445
[19:48:08.998] 115,4095,125
[19:48:08.999] 116,4095,14
[19:48:09.000] 117,4095,0
[19:48:09.003] 118,4095,0
[19:48:09.006] 119,4095,271
[19:48:09.012] 120,4095,553
[19:48:09.014] 121,4095,77
[19:48:09.014] 122,4095,0
[19:48:09.015] 123,4095,349
[19:48:09.018] 124,4095,201
[19:48:09.022] 125,4095,23
[19:48:09.025] 126,4095,0
[19:48:09.031] 127,4095,238
[19:48:09.032] 128,4095,451
[19:48:09.033] 129,4095,172
[19:48:09.035] 130,4095,0
[19:48:09.045] 131,3614,0
[19:48:09.045] 132,2354,0
[19:48:09.045] 133,889,256
[19:48:09.046] 134,0,406
[19:48:09.051] 135,0,0
[19:48:09.053] 136,0,0
[19:48:09.056] 137,0,5
[19:48:09.059] 138,0,46
[19:48:09.062] 139,0,285
[19:48:09.064] 140,0,301
[19:48:09.067] 141,173,214
[19:48:09.069] 142,609,393
[19:48:09.071] 143,583,400
[19:48:09.074] 144,537,559
[19:48:09.083] 145,395,937
[19:48:09.083] 146,591,1084
[19:48:09.084] 147,929,1121
[19:48:09.087] 148,1453,1392
[19:48:09.096] 149,1808,1176
[19:48:09.097] 150,1981,801
[19:48:09.100] 151,1981,691
[19:48:09.101] 152,1533,857
[19:48:09.104] 153,505,894
[19:48:09.108] 154,0,952
[19:48:09.113] 155,0,940
[19:48:09.114] 156,0,886
[19:48:09.116] 157,0,947
[19:48:09.118] 158,0,909
[19:48:09.121] 159,214,757
[19:48:09.123] 160,646,526
[19:48:09.126] 161,1121,657
[19:48:09.129] 162,1497,867
[19:48:09.132] 163,1569,900
[19:48:09.134] 164,1566,930
[19:48:09.138] 165,1927,1141
[19:48:09.154] 166,2766,914
[19:48:09.157] 167,4095,675
[19:48:09.159] 168,4095,742
[19:48:09.161] 169,4095,550
[19:48:09.163] 170,4095,273
[19:48:09.166] 171,4095,289
[19:48:09.169] 172,4095,205
[19:48:09.171] 173,4095,228
[19:48:09.174] 174,4095,284
[19:48:09.176] 175,4095,59
[19:48:09.180] 176,4095,0
[19:48:09.184] 177,3990,0
[19:48:09.187] 178,3240,0
[19:48:09.188] 179,2607,0
[19:48:09.191] 180,1742,0
[19:48:09.195] 181,681,6
[19:48:09.197] 182,0,17
[19:48:09.202] 183,0,63
[19:48:09.203] 184,0,139
[19:48:09.204] 185,0,227
[19:48:09.207] 186,0,388
[19:48:09.209] 187,0,438
[19:48:09.216] 188,0,424
[19:48:09.216] 189,0,476
[19:48:09.217] 190,0,611
[19:48:09.220] 191,0,756
[19:48:09.223] 192,0,709
[19:48:09.226] 193,238,540
[19:48:09.229] 194,1422,422
[19:48:09.232] 195,3369,402
[19:48:09.234] 196,4095,306
[19:48:09.237] 197,4095,329
[19:48:09.239] 198,4095,499
[19:48:09.249] 199,4095,436
[19:48:09.251] [HIT] t=1922051 i=0 note=38 vel=127 raw=127 truepeak=4065 ch=10 rescues=0 thresh=-1.000 peak=-1.000 mask=-1 decay=-1 decaylen=-1 xfilt=-1.000 xfiltdecay=-1.000 loopt=0 piezodc=-178.0 dchead=178.3 spikerej=2895
[19:48:09.259] [SysEx TX] F0 00 7D 00 05 03 00 00 7F 7F F7
[19:48:09.262] [SCOPE] input=0 pad_type=2 head_ch=1 rim_ch=0 head_peak=4095 rim_peak=1392 decision=HEAD samples=200
[19:48:09.265] T,H,R
[19:48:09.268] 0,2,3
[19:48:09.271] 1,2,5
[19:48:09.274] 2,2,5
[19:48:09.276] 3,3,7
[19:48:09.279] 4,4,6
[19:48:09.283] 5,2,2
[19:48:09.285] 6,1,0
[19:48:09.287] 7,0,2
[19:48:09.289] 8,2,5
[19:48:09.294] 9,0,2
[19:48:09.296] 10,5,2
[19:48:09.299] 11,1,5
[19:48:09.305] 12,2,5
[19:48:09.306] 13,0,3
[19:48:09.307] 14,0,2
[19:48:09.310] 15,2,3
[19:48:09.313] 16,0,5
[19:48:09.318] 17,2,5
[19:48:09.319] 18,0,3
[19:48:09.320] 19,0,3
[19:48:09.323] 20,0,3
[19:48:09.326] 21,0,3
[19:48:09.329] 22,0,3
[19:48:09.332] 23,4,1
[19:48:09.335] 24,1,2
[19:48:09.338] 25,2,2
[19:48:09.343] 26,4,1
[19:48:09.344] 27,1,0
[19:48:09.354] 28,1,2
[19:48:09.354] 29,0,8
[19:48:09.355] 30,0,2
[19:48:09.357] 31,0,50
[19:48:09.361] 32,16,198
[19:48:09.365] 33,54,84
[19:48:09.370] 34,84,116
[19:48:09.371] 35,116,86
[19:48:09.373] 36,128,100
[19:48:09.375] 37,175,160
[19:48:09.378] 38,199,91
[19:48:09.381] 39,238,41
[19:48:09.384] 40,180,0
[19:48:09.388] 41,271,0
[19:48:09.389] 42,0,0
[19:48:09.392] 43,0,0
[19:48:09.395] 44,0,126
[19:48:09.398] 45,0,306
[19:48:09.400] 46,0,208
[19:48:09.403] 47,0,335
[19:48:09.408] 48,0,850
[19:48:09.408] 49,0,1003
[19:48:09.411] 50,0,313
[19:48:09.414] 51,412,54
[19:48:09.420] 52,2484,445
[19:48:09.421] 53,4095,125
[19:48:09.423] 54,4095,14
[19:48:09.424] 55,4095,0
[19:48:09.427] 56,4095,0
[19:48:09.430] 57,4095,271
[19:48:09.433] 58,4095,553
[19:48:09.435] 59,4095,77
[19:48:09.438] 60,4095,0
[19:48:09.442] 61,4095,349
[19:48:09.445] 62,4095,201
[19:48:09.452] 63,4095,23
[19:48:09.453] 64,4095,0
[19:48:09.455] 65,4095,238
[19:48:09.458] 66,4095,451
[19:48:09.461] 67,4095,172
[19:48:09.463] 68,4095,0
[19:48:09.469] 69,3614,0
[19:48:09.470] 70,2354,0
[19:48:09.472] 71,889,256
[19:48:09.474] 72,0,406
[19:48:09.479] 73,0,0
[19:48:09.482] 74,0,0
[19:48:09.483] 75,0,5
[19:48:09.487] 76,0,46
[19:48:09.494] 77,0,285
[19:48:09.495] 78,0,301
[19:48:09.495] 79,173,214
[19:48:09.497] 80,609,393
[19:48:09.500] 81,583,400
[19:48:09.503] 82,537,559
[19:48:09.505] 83,395,937
[19:48:09.512] 84,591,1084
[19:48:09.513] 85,929,1121
[19:48:09.513] 86,1453,1392
[19:48:09.516] 87,1808,1176
[19:48:09.519] 88,1981,801
[19:48:09.526] 89,1981,691
[19:48:09.526] 90,1533,857
[19:48:09.527] 91,505,894
[19:48:09.529] 92,0,952
[19:48:09.532] 93,0,940
[19:48:09.535] 94,0,886
[19:48:09.537] 95,0,947
[19:48:09.541] 96,0,909
[19:48:09.544] 97,214,757
[19:48:09.547] 98,646,526
[19:48:09.556] 99,1121,657
[19:48:09.556] 100,1497,867
[19:48:09.557] 101,1569,900
[19:48:09.559] 102,1566,930
[19:48:09.563] 103,1927,1141
[19:48:09.565] 104,2766,914
[19:48:09.568] 105,4095,675
[19:48:09.571] 106,4095,742
[19:48:09.574] 107,4095,550
[19:48:09.576] 108,4095,273
[19:48:09.580] 109,4095,289
[19:48:09.582] 110,4095,205
[19:48:09.585] 111,4095,228
[19:48:09.587] 112,4095,284
[19:48:09.596] 113,4095,59
[19:48:09.596] 114,4095,0
[19:48:09.597] 115,3990,0
[19:48:09.598] 116,3240,0
[19:48:09.603] 117,2607,0
[19:48:09.607] 118,1742,0
[19:48:09.608] 119,681,6
[19:48:09.613] 120,0,17
[19:48:09.613] 121,0,63
[19:48:09.615] 122,0,139
[19:48:09.618] 123,0,227
[19:48:09.621] 124,0,388
[19:48:09.627] 125,0,438
[19:48:09.628] 126,0,424
[19:48:09.629] 127,0,476
[19:48:09.632] 128,0,611
[19:48:09.634] 129,0,756
[19:48:09.637] 130,0,709
[19:48:09.639] 131,238,540
[19:48:09.643] 132,1422,422
[19:48:09.646] 133,3369,402
[19:48:09.649] 134,4095,306
[19:48:09.653] 135,4095,329
[19:48:09.659] 136,4095,499
[19:48:09.661] 137,4095,436
[19:48:09.662] 138,4095,354
[19:48:09.663] 139,4095,505
[19:48:09.669] 140,4095,681
[19:48:09.670] 141,3733,819
[19:48:09.672] 142,2999,797
[19:48:09.676] 143,2422,754
[19:48:09.678] 144,1817,818
[19:48:09.681] 145,1534,736
[19:48:09.684] 146,1285,621
[19:48:09.686] 147,1080,697
[19:48:09.689] 148,948,681
[19:48:09.696] 149,820,606
[19:48:09.697] 150,803,575
[19:48:09.699] 151,833,559
[19:48:09.700] 152,941,538
[19:48:09.702] 153,1096,438
[19:48:09.705] 154,1392,341
[19:48:09.709] 155,1721,286
[19:48:09.714] 156,2065,244
[19:48:09.714] 157,2289,236
[19:48:09.716] 158,2425,345
[19:48:09.722] 159,2454,462
[19:48:09.723] 160,2306,483
[19:48:09.728] 161,2006,581
[19:48:09.729] 162,1561,668
[19:48:09.730] 163,1097,694
[19:48:09.733] 164,637,673
[19:48:09.735] 165,248,660
[19:48:09.738] 166,0,664
[19:48:09.742] 167,0,621
[19:48:09.744] 168,0,601
[19:48:09.747] 169,0,606
[19:48:09.749] 170,0,589
[19:48:09.752] 171,0,606
[19:48:09.761] 172,0,607
[19:48:09.762] 173,0,608
[19:48:09.763] 174,0,576
[19:48:09.765] 175,0,572
[19:48:09.768] 176,0,653
[19:48:09.771] 177,124,653
[19:48:09.776] 178,596,560
[19:48:09.778] 179,1382,482
[19:48:09.780] 180,2321,501
[19:48:09.783] 181,3614,537
[19:48:09.786] 182,4095,532
[19:48:09.788] 183,4095,532
[19:48:09.792] 184,4095,457
[19:48:09.795] 185,4095,360
[19:48:09.798] 186,4095,309
[19:48:09.802] 187,4095,301
[19:48:09.803] 188,4095,297
[19:48:09.805] 189,4095,276
[19:48:09.808] 190,4095,191
[19:48:09.811] 191,4095,81
[19:48:09.814] 192,3476,0
[19:48:09.819] 193,2969,0
[19:48:09.820] 194,2502,33
[19:48:09.821] 195,1909,33
[19:48:09.824] 196,1265,20
[19:48:09.830] 197,672,48
[19:48:09.832] 198,108,118
[19:48:09.833] 199,0,205
[19:48:09.838] [HIT] t=1922641 i=0 note=38 vel=127 raw=127 truepeak=3310 ch=10 rescues=0 thresh=-1.000 peak=-1.000 mask=-1 decay=-1 decaylen=-1 xfilt=-1.000 xfiltdecay=-1.000 loopt=0 piezodc=-87.0 dchead=242.3 spikerej=2944
[19:48:09.848] [SysEx TX] F0 00 7D 00 05 03 00 00 7F 7F F7
[19:48:09.852] [SCOPE] input=0 pad_type=2 head_ch=1 rim_ch=0 head_peak=4095 rim_peak=184 decision=HEAD samples=200
[19:48:09.854] T,H,R
[19:48:09.865] 0,2744,6
[19:48:09.865] 1,2749,7
[19:48:09.867] 2,2733,0
[19:48:09.870] 3,2684,0
[19:48:09.872] 4,2663,11
[19:48:09.875] 5,2599,5
[19:48:09.878] 6,2505,17
[19:48:09.881] 7,2377,45
[19:48:09.885] 8,2192,47
[19:48:09.887] 9,1956,89
[19:48:09.888] 10,1519,100
[19:48:09.892] 11,1117,116
[19:48:09.895] 12,606,122
[19:48:09.898] 13,47,124
[19:48:09.901] 14,0,127
[19:48:09.902] 15,0,128
[19:48:09.905] 16,0,153
[19:48:09.908] 17,0,153
[19:48:09.912] 18,0,148
[19:48:09.915] 19,0,152
[19:48:09.919] 20,0,145
[19:48:09.920] 21,233,157
[19:48:09.922] 22,638,157
[19:48:09.925] 23,1162,178
[19:48:09.928] 24,1769,177
[19:48:09.934] 25,2402,173
[19:48:09.935] 26,3022,174
[19:48:09.936] 27,3709,175
[19:48:09.938] 28,4095,182
[19:48:09.942] 29,4095,175
[19:48:09.944] 30,4095,178
[19:48:09.947] 31,4095,174
[19:48:09.949] 32,4095,153
[19:48:09.952] 33,4095,143
[19:48:09.955] 34,4095,137
[19:48:09.959] 35,4095,118
[19:48:09.971] 36,3887,112
[19:48:09.971] 37,3513,90
[19:48:09.973] 38,3132,77
[19:48:09.976] 39,2777,71
[19:48:09.980] 40,2430,75
[19:48:09.982] 41,2038,79
[19:48:09.985] 42,1686,96
[19:48:09.986] 43,1112,93
[19:48:09.989] 44,877,106
[19:48:09.993] 45,628,126
[19:48:09.995] 46,461,145
[19:48:09.998] 47,317,110
[19:48:10.002] 48,192,120
[19:48:10.006] 49,117,135
[19:48:10.007] 50,105,150
[19:48:10.010] 51,52,171
[19:48:10.013] 52,0,173
[19:48:10.015] 53,0,181
[19:48:10.018] 54,0,184
[19:48:10.024] 55,0,182
[19:48:10.026] 56,0,175
[19:48:10.026] 57,135,159
[19:48:10.028] 58,372,141
[19:48:10.034] 59,601,126
[19:48:10.035] 60,831,105
[19:48:10.035] 61,986,99
[19:48:10.038] 62,1066,94
[19:48:10.042] 63,1052,109
[19:48:10.045] 64,982,111
[19:48:10.048] 65,854,123
[19:48:10.052] 66,740,131
[19:48:10.053] 67,665,147
[19:48:10.056] 68,690,134
[19:48:10.059] 69,788,141
[19:48:10.068] 70,968,123
[19:48:10.068] 71,1193,89
[19:48:10.069] 72,1388,77
[19:48:10.073] 73,1581,83
[19:48:10.076] 74,1748,57
[19:48:10.078] 75,1885,53
[19:48:10.082] 76,2021,39
[19:48:10.083] 77,2151,14
[19:48:10.087] 78,2249,0
[19:48:10.089] 79,2347,0
[19:48:10.093] 80,2374,0
[19:48:10.095] 81,2401,0
[19:48:10.097] 82,2335,3
[19:48:10.101] 83,2171,5
[19:48:10.107] 84,1928,2
[19:48:10.109] 85,1599,23
[19:48:10.109] 86,1231,25
[19:48:10.111] 87,889,45
[19:48:10.114] 88,186,63
[19:48:10.120] 89,0,71
[19:48:10.121] 90,0,93
[19:48:10.124] 91,0,122
[19:48:10.125] 92,0,117
[19:48:10.127] 93,0,73
[19:48:10.138] 94,0,86
[19:48:10.138] 95,0,85
[19:48:10.138] 96,0,99
[19:48:10.141] 97,62,95
[19:48:10.144] 98,238,102
[19:48:10.146] 99,476,114
[19:48:10.150] 100,776,121
[19:48:10.152] 101,1065,116
[19:48:10.155] 102,1453,106
[19:48:10.157] 103,1880,107
[19:48:10.160] 104,2258,102
[19:48:10.171] 105,2616,97
[19:48:10.172] 106,2983,73
[19:48:10.172] 107,3288,80
[19:48:10.173] 108,3449,83
[19:48:10.177] 109,3494,78
[19:48:10.180] 110,3451,72
[19:48:10.182] 111,3368,69
[19:48:10.185] 112,3189,57
[19:48:10.189] 113,2991,45
[19:48:10.190] 114,2837,38
[19:48:10.195] 115,2708,33
[19:48:10.196] 116,2574,26
[19:48:10.198] 117,2413,10
[19:48:10.201] 118,2268,0
[19:48:10.211] 119,2105,0
[19:48:10.212] 120,1934,5
[19:48:10.213] 121,1788,0
[19:48:10.214] 122,1669,0
[19:48:10.216] 123,1545,0
[19:48:10.219] 124,1320,0
[19:48:10.222] 125,1150,0
[19:48:10.230] 126,1023,8
[19:48:10.231] 127,969,20
[19:48:10.231] 128,893,15
[19:48:10.232] 129,829,5
[19:48:10.235] 130,758,2
[19:48:10.242] 131,696,10
[19:48:10.242] 132,623,33
[19:48:10.243] 133,553,23
[19:48:10.247] 134,438,28
[19:48:10.248] 135,341,14
[19:48:10.251] 136,245,0
[19:48:10.254] 137,178,3
[19:48:10.256] 138,139,10
[19:48:10.259] 139,108,5
[19:48:10.263] 140,47,0
[19:48:10.264] 141,0,8
[19:48:10.274] 142,0,8
[19:48:10.274] 143,0,13
[19:48:10.276] 144,0,28
[19:48:10.278] 145,0,37
[19:48:10.281] 146,29,34
[19:48:10.287] 147,303,14
[19:48:10.288] 148,698,16
[19:48:10.288] 149,1145,3
[19:48:10.293] 150,1615,0
[19:48:10.296] 151,2053,0
[19:48:10.298] 152,2381,0
[19:48:10.301] 153,2571,0
[19:48:10.305] 154,2624,0
[19:48:10.312] 155,2617,0
[19:48:10.312] 156,2552,0
[19:48:10.312] 157,2471,0
[19:48:10.315] 158,2386,0
[19:48:10.318] 159,2266,0
[19:48:10.320] 160,2105,0
[19:48:10.323] 161,1906,0
[19:48:10.329] 162,1664,0
[19:48:10.331] 163,1397,0
[19:48:10.331] 164,1088,0
[19:48:10.334] 165,510,0
[19:48:10.336] 166,188,0
[19:48:10.339] 167,0,1
[19:48:10.346] 168,0,13
[19:48:10.346] 169,0,27
[19:48:10.347] 170,0,7
[19:48:10.350] 171,0,21
[19:48:10.353] 172,0,46
[19:48:10.355] 173,0,53
[19:48:10.358] 174,17,40
[19:48:10.362] 175,94,40
[19:48:10.364] 176,185,41
[19:48:10.367] 177,279,45
[19:48:10.378] 178,350,46
[19:48:10.379] 179,414,52
[19:48:10.379] 180,517,43
[19:48:10.384] 181,678,30
[19:48:10.386] 182,906,29
[19:48:10.389] 183,1161,27
[19:48:10.393] 184,1427,2
[19:48:10.395] 185,1700,1
[19:48:10.397] 186,1895,4
[19:48:10.401] 187,1998,12
[19:48:10.403] 188,1975,18
[19:48:10.406] 189,1853,19
[19:48:10.409] 190,1695,28
[19:48:10.414] 191,1571,38
[19:48:10.416] 192,1462,34
[19:48:10.417] 193,1413,18
[19:48:10.423] 194,1424,1
[19:48:10.425] 195,1478,2
[19:48:10.427] 196,1529,0
[19:48:10.432] 197,1580,0
[19:48:10.433] 198,1591,0
[19:48:10.434] 199,1561,0
[19:48:10.444] [HIT] t=1923244 i=0 note=38 vel=15 raw=15 truepeak=527 ch=10 rescues=0 thresh=-1.000 peak=-1.000 mask=-1 decay=-1 decaylen=-1 xfilt=-1.000 xfiltdecay=-1.000 loopt=0 piezodc=-216.0 dchead=224.4 spikerej=2944
[19:48:10.452] [SysEx TX] F0 00 7D 00 05 03 00 00 0F 0F F7
[19:48:10.454] [SCOPE] input=0 pad_type=2 head_ch=1 rim_ch=0 head_peak=809 rim_peak=31 decision=HEAD samples=200
[19:48:10.458] T,H,R
[19:48:10.461] 0,249,0
[19:48:10.463] 1,198,0
[19:48:10.466] 2,137,1
[19:48:10.469] 3,84,3
[19:48:10.479] 4,26,0
[19:48:10.479] 5,0,2
[19:48:10.480] 6,0,2
[19:48:10.484] 7,0,6
[19:48:10.489] 8,0,9
[19:48:10.489] 9,0,3
[19:48:10.492] 10,0,17
[19:48:10.493] 11,0,9
[19:48:10.496] 12,0,3
[19:48:10.499] 13,0,8
[19:48:10.502] 14,0,7
[19:48:10.504] 15,0,7
[19:48:10.509] 16,16,4
[19:48:10.511] 17,89,2
[19:48:10.513] 18,174,0
[19:48:10.516] 19,272,0
[19:48:10.520] 20,374,0
[19:48:10.524] 21,464,0
[19:48:10.526] 22,565,0
[19:48:10.529] 23,640,0
[19:48:10.530] 24,711,4
[19:48:10.534] 25,758,0
[19:48:10.535] 26,793,0
[19:48:10.537] 27,807,0
[19:48:10.541] 28,806,0
[19:48:10.547] 29,809,0
[19:48:10.547] 30,793,0
[19:48:10.548] 31,763,0
[19:48:10.552] 32,712,0
[19:48:10.554] 33,654,0
[19:48:10.557] 34,573,0
[19:48:10.561] 35,486,0
[19:48:10.563] 36,383,0
[19:48:10.566] 37,270,0
[19:48:10.570] 38,149,0
[19:48:10.571] 39,31,0
[19:48:10.583] 40,0,0
[19:48:10.583] 41,0,2
[19:48:10.583] 42,0,1
[19:48:10.584] 43,0,6
[19:48:10.589] 44,0,14
[19:48:10.591] 45,0,5
[19:48:10.594] 46,0,10
[19:48:10.598] 47,0,7
[19:48:10.600] 48,0,7
[19:48:10.605] 49,0,7
[19:48:10.606] 50,0,10
[19:48:10.608] 51,0,18
[19:48:10.612] 52,26,12
[19:48:10.617] 53,68,16
[19:48:10.618] 54,121,6
[19:48:10.621] 55,182,7
[19:48:10.624] 56,265,10
[19:48:10.626] 57,326,1
[19:48:10.631] 58,387,0
[19:48:10.632] 59,421,0
[19:48:10.637] 60,434,0
[19:48:10.639] 61,450,0
[19:48:10.639] 62,457,5
[19:48:10.643] 63,471,1
[19:48:10.648] 64,487,0
[19:48:10.651] 65,509,0
[19:48:10.652] 66,526,0
[19:48:10.652] 67,562,0
[19:48:10.655] 68,594,0
[19:48:10.659] 69,603,0
[19:48:10.663] 70,598,0
[19:48:10.664] 71,585,0
[19:48:10.667] 72,569,0
[19:48:10.670] 73,525,0
[19:48:10.673] 74,483,0
[19:48:10.684] 75,436,0
[19:48:10.686] 76,382,0
[19:48:10.687] 77,334,0
[19:48:10.687] 78,286,2
[19:48:10.693] 79,227,1
[19:48:10.697] 80,155,5
[19:48:10.698] 81,89,5
[19:48:10.702] 82,13,4
[19:48:10.704] 83,0,5
[19:48:10.707] 84,0,10
[19:48:10.709] 85,0,10
[19:48:10.720] 86,0,18
[19:48:10.720] 87,0,20
[19:48:10.720] 88,0,19
[19:48:10.721] 89,0,19
[19:48:10.725] 90,0,22
[19:48:10.728] 91,0,22
[19:48:10.731] 92,0,20
[19:48:10.734] 93,7,20
[19:48:10.741] 94,64,20
[19:48:10.742] 95,118,20
[19:48:10.743] 96,181,19
[19:48:10.744] 97,237,14
[19:48:10.748] 98,315,24
[19:48:10.752] 99,401,31
[19:48:10.752] 100,484,18
[19:48:10.757] 101,563,17
[19:48:10.757] 102,636,11
[19:48:10.759] 103,694,11
[19:48:10.763] 104,744,10
[19:48:10.766] 105,769,9
[19:48:10.769] 106,760,6
[19:48:10.772] 107,745,4
[19:48:10.774] 108,707,3
[19:48:10.778] 109,654,3
[19:48:10.792] 110,595,7
[19:48:10.793] 111,539,4
[19:48:10.793] 112,489,4
[19:48:10.796] 113,430,4
[19:48:10.799] 114,376,7
[19:48:10.802] 115,326,9
[19:48:10.805] 116,265,6
[19:48:10.808] 117,199,10
[19:48:10.810] 118,145,10
[19:48:10.813] 119,89,14
[19:48:10.816] 120,35,7
[19:48:10.821] 121,4,13
[19:48:10.826] 122,0,14
[19:48:10.826] 123,0,13
[19:48:10.828] 124,0,17
[19:48:10.830] 125,0,18
[19:48:10.833] 126,0,20
[19:48:10.836] 127,0,25
[19:48:10.843] 128,0,15
[19:48:10.843] 129,0,18
[19:48:10.844] 130,0,11
[19:48:10.848] 131,0,18
[19:48:10.849] 132,0,20
[19:48:10.854] 133,0,13
[19:48:10.854] 134,0,16
[19:48:10.859] 135,0,18
[19:48:10.860] 136,20,8
[19:48:10.862] 137,64,6
[19:48:10.865] 138,118,4
[19:48:10.868] 139,177,4
[19:48:10.870] 140,226,4
[19:48:10.873] 141,273,9
[19:48:10.876] 142,312,5
[19:48:10.883] 143,356,2
[19:48:10.892] 144,405,1
[19:48:10.892] 145,439,0
[19:48:10.893] 146,472,0
[19:48:10.895] 147,502,0
[19:48:10.899] 148,526,0
[19:48:10.901] 149,539,0
[19:48:10.904] 150,534,0
[19:48:10.908] 151,516,0
[19:48:10.909] 152,479,0
[19:48:10.913] 153,440,0
[19:48:10.915] 154,384,1
[19:48:10.918] 155,339,0
[19:48:10.921] 156,271,1
[19:48:10.924] 157,189,1
[19:48:10.929] 158,121,1
[19:48:10.930] 159,40,2
[19:48:10.932] 160,0,2
[19:48:10.935] 161,0,2
[19:48:10.938] 162,0,5
[19:48:10.942] 163,0,0
[19:48:10.944] 164,0,9
[19:48:10.946] 165,0,10
[19:48:10.949] 166,0,12
[19:48:10.956] 167,0,18
[19:48:10.957] 168,0,18
[19:48:10.958] 169,0,21
[19:48:10.959] 170,0,10
[19:48:10.963] 171,0,17
[19:48:10.966] 172,4,12
[19:48:10.969] 173,49,16
[19:48:10.971] 174,105,11
[19:48:10.974] 175,169,11
[19:48:10.977] 176,217,10
[19:48:10.980] 177,273,10
[19:48:10.989] 178,313,8
[19:48:10.989] 179,374,0
[19:48:10.991] 180,417,10
[19:48:10.992] 181,443,4
[19:48:10.997] 182,463,6
[19:48:10.999] 183,489,3
[19:48:11.002] 184,498,8
[19:48:11.005] 185,491,2
[19:48:11.008] 186,486,1
[19:48:11.011] 187,472,0
[19:48:11.014] 188,448,1
[19:48:11.016] 189,437,0
[19:48:11.019] 190,399,0
[19:48:11.022] 191,383,1
[19:48:11.025] 192,358,0
[19:48:11.029] 193,331,1
[19:48:11.030] 194,308,0
[19:48:11.033] 195,280,1
[19:48:11.035] 196,246,1
[19:48:11.038] 197,210,2
[19:48:11.041] 198,189,2
[19:48:11.046] 199,143,2
=== Session ended 2026-07-06T19:48:12.995305 ===
