
=== Session started 2026-07-06T19:28:48.091126 (192.168.1.168:23) ===
[19:28:48.092] [dev] eDrum telnet console
[19:28:59.640] [SCOPE] Active: input=0 floor=15
[19:29:05.021] [RIM] t=777803 i=0 note=40 vel=6 raw=6 truepeak=316 ch=10 rescues=0 thresh=-1.000 peak=-1.000 mask=-1 decay=-1 decaylen=-1 xfilt=-1.000 xfiltdecay=-1.000 loopt=0 piezodc=2890.0 dchead=19.9 spikerej=1582
[19:29:05.037] [SysEx TX] F0 00 7D 00 05 03 00 01 06 06 F7
[19:29:05.038] [SCOPE] input=0 pad_type=0 head_ch=1 rim_ch=0 head_peak=4095 rim_peak=1505 decision=RIM samples=200
[19:29:05.039] T,H,R
[19:29:05.054] 0,0,0
[19:29:05.054] 1,0,2
[19:29:05.054] 2,4,3
[19:29:05.054] 3,0,2
[19:29:05.060] 4,1,5
[19:29:05.060] 5,2,6
[19:29:05.061] 6,0,2
[19:29:05.062] 7,1,2
[19:29:05.066] 8,0,0
[19:29:05.071] 9,1,3
[19:29:05.072] 10,0,0
[19:29:05.074] 11,1,4
[19:29:05.077] 12,0,5
[19:29:05.080] 13,0,2
[19:29:05.083] 14,0,2
[19:29:05.085] 15,2,2
[19:29:05.091] 16,4,2
[19:29:05.091] 17,5,2
[19:29:05.093] 18,4,2
[19:29:05.095] 19,0,0
[19:29:05.101] 20,1,5
[19:29:05.101] 21,3,2
[19:29:05.103] 22,4,6
[19:29:05.107] 23,4,1
[19:29:05.109] 24,5,2
[19:29:05.112] 25,4,6
[19:29:05.115] 26,5,1
[19:29:05.118] 27,4,2
[19:29:05.120] 28,0,3
[19:29:05.124] 29,0,3
[19:29:05.126] 30,0,3
[19:29:05.129] 31,2,3
[19:29:05.136] 32,0,2
[19:29:05.139] 33,0,2
[19:29:05.139] 34,0,2
[19:29:05.141] 35,0,3
[19:29:05.145] 36,4,1
[19:29:05.148] 37,4,0
[19:29:05.150] 38,4,2
[19:29:05.153] 39,0,2
[19:29:05.157] 40,1,2
[19:29:05.164] 41,2,2
[19:29:05.165] 42,2,2
[19:29:05.165] 43,0,2
[19:29:05.166] 44,2,3
[19:29:05.169] 45,0,0
[19:29:05.174] 46,2,3
[19:29:05.175] 47,2,5
[19:29:05.178] 48,2,3
[19:29:05.181] 49,2,3
[19:29:05.183] 50,2,5
[19:29:05.187] 51,3,5
[19:29:05.192] 52,2,2
[19:29:05.193] 53,1,2
[19:29:05.194] 54,6,2
[19:29:05.196] 55,2,8
[19:29:05.202] 56,5,2
[19:29:05.204] 57,5,5
[19:29:05.205] 58,5,6
[19:29:05.208] 59,3,7
[19:29:05.211] 60,2,2
[19:29:05.216] 61,1,2
[19:29:05.217] 62,0,2
[19:29:05.219] 63,1,0
[19:29:05.222] 64,4,2
[19:29:05.226] 65,3,5
[19:29:05.227] 66,3,5
[19:29:05.231] 67,3,5
[19:29:05.244] 68,1,2
[19:29:05.244] 69,1,2
[19:29:05.245] 70,1,5
[19:29:05.246] 71,0,2
[19:29:05.249] 72,2,2
[19:29:05.252] 73,5,0
[19:29:05.254] 74,5,3
[19:29:05.257] 75,2,5
[19:29:05.265] 76,3,2
[19:29:05.265] 77,3,7
[19:29:05.267] 78,2,2
[19:29:05.268] 79,0,2
[19:29:05.271] 80,2,6
[19:29:05.275] 81,4,5
[19:29:05.277] 82,2,3
[19:29:05.280] 83,2,2
[19:29:05.288] 84,2,3
[19:29:05.289] 85,2,2
[19:29:05.289] 86,2,2
[19:29:05.293] 87,2,8
[19:29:05.295] 88,5,2
[19:29:05.296] 89,3,7
[19:29:05.299] 90,3,5
[19:29:05.306] 91,2,5
[19:29:05.306] 92,4,2
[19:29:05.307] 93,5,2
[19:29:05.309] 94,5,5
[19:29:05.313] 95,2,5
[19:29:05.316] 96,2,3
[19:29:05.318] 97,0,2
[19:29:05.321] 98,2,2
[19:29:05.324] 99,39,153
[19:29:05.326] 100,180,319
[19:29:05.329] 101,354,70
[19:29:05.334] 102,319,166
[19:29:05.336] 103,355,114
[19:29:05.344] 104,409,164
[19:29:05.345] 105,430,153
[19:29:05.346] 106,409,47
[19:29:05.350] 107,473,45
[19:29:05.352] 108,473,0
[19:29:05.356] 109,221,0
[19:29:05.358] 110,0,0
[19:29:05.360] 111,0,0
[19:29:05.367] 112,0,225
[19:29:05.368] 113,0,267
[19:29:05.368] 114,0,481
[19:29:05.374] 115,0,523
[19:29:05.375] 116,0,335
[19:29:05.378] 117,0,749
[19:29:05.381] 118,0,1193
[19:29:05.384] 119,2058,235
[19:29:05.386] 120,4095,73
[19:29:05.389] 121,4095,285
[19:29:05.392] 122,4095,0
[19:29:05.397] 123,4095,0
[19:29:05.398] 124,4095,379
[19:29:05.399] 125,4095,441
[19:29:05.402] 126,4095,563
[19:29:05.408] 127,4095,433
[19:29:05.408] 128,4095,486
[19:29:05.409] 129,4095,436
[19:29:05.413] 130,4095,114
[19:29:05.415] 131,4095,262
[19:29:05.418] 132,4095,551
[19:29:05.422] 133,4095,0
[19:29:05.423] 134,4095,1
[19:29:05.426] 135,2910,0
[19:29:05.429] 136,736,0
[19:29:05.431] 137,0,585
[19:29:05.435] 138,0,363
[19:29:05.445] 139,0,0
[19:29:05.447] 140,0,0
[19:29:05.448] 141,0,116
[19:29:05.449] 142,0,217
[19:29:05.452] 143,534,253
[19:29:05.456] 144,1705,481
[19:29:05.459] 145,2972,224
[19:29:05.461] 146,3071,39
[19:29:05.472] 147,3164,43
[19:29:05.472] 148,2857,482
[19:29:05.472] 149,3131,1148
[19:29:05.472] 150,3721,1505
[19:29:05.477] 151,4095,1401
[19:29:05.478] 152,4095,1334
[19:29:05.481] 153,4095,1117
[19:29:05.483] 154,4095,971
[19:29:05.487] 155,4095,1161
[19:29:05.490] 156,4075,1160
[19:29:05.492] 157,2744,982
[19:29:05.495] 158,944,932
[19:29:05.499] 159,0,1238
[19:29:05.500] 160,0,1158
[19:29:05.503] 161,0,985
[19:29:05.506] 162,0,1120
[19:29:05.511] 163,0,966
[19:29:05.512] 164,397,498
[19:29:05.514] 165,832,429
[19:29:05.516] 166,1256,764
[19:29:05.519] 167,1638,916
[19:29:05.522] 168,2069,1129
[19:29:05.525] 169,2333,1320
[19:29:05.527] 170,2839,1425
[19:29:05.531] 171,3939,1173
[19:29:05.533] 172,4095,854
[19:29:05.536] 173,4095,742
[19:29:05.539] 174,4095,684
[19:29:05.553] 175,4095,598
[19:29:05.553] 176,4095,585
[19:29:05.553] 177,4095,431
[19:29:05.561] 178,4095,254
[19:29:05.561] 179,4095,245
[19:29:05.562] 180,4095,115
[19:29:05.565] 181,4095,0
[19:29:05.575] 182,4095,0
[19:29:05.576] 183,3474,0
[19:29:05.576] 184,2413,0
[19:29:05.576] 185,1352,0
[19:29:05.580] 186,31,76
[19:29:05.582] 187,0,235
[19:29:05.584] 188,0,303
[19:29:05.587] 189,0,337
[19:29:05.589] 190,0,360
[19:29:05.593] 191,0,538
[19:29:05.596] 192,0,655
[19:29:05.601] 193,0,622
[19:29:05.602] 194,0,674
[19:29:05.604] 195,0,792
[19:29:05.607] 196,0,980
[19:29:05.613] 197,0,980
[19:29:05.614] 198,118,733
[19:29:05.615] 199,1693,421
[19:29:05.621] [HIT] t=778402 i=0 note=38 vel=127 raw=127 truepeak=4068 ch=10 rescues=0 thresh=-1.000 peak=-1.000 mask=-1 decay=-1 decaylen=-1 xfilt=-1.000 xfiltdecay=-1.000 loopt=0 piezodc=688.0 dchead=180.2 spikerej=1731
[19:29:05.631] [SysEx TX] F0 00 7D 00 05 03 00 00 7F 7F F7
[19:29:05.634] [SCOPE] input=0 pad_type=0 head_ch=1 rim_ch=0 head_peak=4095 rim_peak=1505 decision=HEAD samples=200
[19:29:05.636] T,H,R
[19:29:05.639] 0,4,0
[19:29:05.643] 1,4,2
[19:29:05.652] 2,0,2
[19:29:05.652] 3,1,2
[19:29:05.652] 4,2,2
[19:29:05.655] 5,2,2
[19:29:05.657] 6,0,2
[19:29:05.663] 7,2,3
[19:29:05.664] 8,0,0
[19:29:05.665] 9,2,3
[19:29:05.667] 10,2,5
[19:29:05.675] 11,2,3
[19:29:05.676] 12,2,3
[19:29:05.677] 13,2,5
[19:29:05.678] 14,3,5
[19:29:05.681] 15,2,2
[19:29:05.684] 16,1,2
[19:29:05.686] 17,6,2
[19:29:05.689] 18,2,8
[19:29:05.692] 19,5,2
[19:29:05.695] 20,5,5
[19:29:05.698] 21,5,6
[19:29:05.701] 22,3,7
[19:29:05.705] 23,2,2
[19:29:05.706] 24,1,2
[19:29:05.708] 25,0,2
[19:29:05.714] 26,1,0
[19:29:05.715] 27,4,2
[19:29:05.716] 28,3,5
[19:29:05.720] 29,3,5
[19:29:05.723] 30,3,5
[19:29:05.725] 31,1,2
[19:29:05.728] 32,1,2
[19:29:05.731] 33,1,5
[19:29:05.734] 34,0,2
[19:29:05.736] 35,2,2
[19:29:05.740] 36,5,0
[19:29:05.742] 37,5,3
[19:29:05.745] 38,2,5
[19:29:05.754] 39,3,2
[19:29:05.754] 40,3,7
[19:29:05.754] 41,2,2
[19:29:05.757] 42,0,2
[19:29:05.760] 43,2,6
[19:29:05.763] 44,4,5
[19:29:05.766] 45,2,3
[19:29:05.768] 46,2,2
[19:29:05.777] 47,2,3
[19:29:05.777] 48,2,2
[19:29:05.777] 49,2,2
[19:29:05.778] 50,2,8
[19:29:05.782] 51,5,2
[19:29:05.787] 52,3,7
[19:29:05.788] 53,3,5
[19:29:05.791] 54,2,5
[19:29:05.799] 55,4,2
[19:29:05.799] 56,5,2
[19:29:05.801] 57,5,5
[19:29:05.802] 58,2,5
[19:29:05.807] 59,2,3
[19:29:05.807] 60,0,2
[19:29:05.809] 61,2,2
[19:29:05.812] 62,39,153
[19:29:05.817] 63,180,319
[19:29:05.818] 64,354,70
[19:29:05.820] 65,319,166
[19:29:05.823] 66,355,114
[19:29:05.826] 67,409,164
[19:29:05.828] 68,430,153
[19:29:05.832] 69,409,47
[19:29:05.834] 70,473,45
[19:29:05.838] 71,473,0
[19:29:05.841] 72,221,0
[19:29:05.844] 73,0,0
[19:29:05.847] 74,0,0
[19:29:05.856] 75,0,225
[19:29:05.856] 76,0,267
[19:29:05.857] 77,0,481
[19:29:05.859] 78,0,523
[19:29:05.863] 79,0,335
[19:29:05.866] 80,0,749
[19:29:05.869] 81,0,1193
[19:29:05.872] 82,2058,235
[19:29:05.874] 83,4095,73
[19:29:05.882] 84,4095,285
[19:29:05.882] 85,4095,0
[19:29:05.883] 86,4095,0
[19:29:05.884] 87,4095,379
[19:29:05.888] 88,4095,441
[19:29:05.891] 89,4095,563
[19:29:05.894] 90,4095,433
[19:29:05.896] 91,4095,486
[19:29:05.899] 92,4095,436
[19:29:05.902] 93,4095,114
[19:29:05.905] 94,4095,262
[19:29:05.909] 95,4095,551
[19:29:05.909] 96,4095,0
[19:29:05.912] 97,4095,1
[19:29:05.915] 98,2910,0
[19:29:05.919] 99,736,0
[19:29:05.922] 100,0,585
[19:29:05.925] 101,0,363
[19:29:05.927] 102,0,0
[19:29:05.929] 103,0,0
[19:29:05.932] 104,0,116
[19:29:05.935] 105,0,217
[19:29:05.939] 106,534,253
[19:29:05.941] 107,1705,481
[19:29:05.943] 108,2972,224
[19:29:05.946] 109,3071,39
[19:29:05.949] 110,3164,43
[19:29:05.958] 111,2857,482
[19:29:05.959] 112,3131,1148
[19:29:05.959] 113,3721,1505
[19:29:05.962] 114,4095,1401
[19:29:05.967] 115,4095,1334
[19:29:05.968] 116,4095,1117
[19:29:05.972] 117,4095,971
[19:29:05.973] 118,4095,1161
[19:29:05.976] 119,4075,1160
[19:29:05.983] 120,2744,982
[19:29:05.983] 121,944,932
[19:29:05.984] 122,0,1238
[19:29:05.986] 123,0,1158
[19:29:05.991] 124,0,985
[19:29:05.992] 125,0,1120
[19:29:05.994] 126,0,966
[19:29:05.997] 127,397,498
[19:29:06.001] 128,832,429
[19:29:06.005] 129,1256,764
[19:29:06.007] 130,1638,916
[19:29:06.008] 131,2069,1129
[19:29:06.012] 132,2333,1320
[19:29:06.015] 133,2839,1425
[19:29:06.018] 134,3939,1173
[19:29:06.023] 135,4095,854
[19:29:06.029] 136,4095,742
[19:29:06.030] 137,4095,684
[19:29:06.030] 138,4095,598
[19:29:06.034] 139,4095,585
[19:29:06.036] 140,4095,431
[19:29:06.039] 141,4095,254
[19:29:06.042] 142,4095,245
[19:29:06.045] 143,4095,115
[19:29:06.048] 144,4095,0
[19:29:06.051] 145,4095,0
[19:29:06.070] 146,3474,0
[19:29:06.071] 147,2413,0
[19:29:06.072] 148,1352,0
[19:29:06.075] 149,31,76
[19:29:06.085] 150,0,235
[19:29:06.085] 151,0,303
[19:29:06.086] 152,0,337
[19:29:06.086] 153,0,360
[19:29:06.091] 154,0,538
[19:29:06.094] 155,0,655
[19:29:06.096] 156,0,622
[19:29:06.099] 157,0,674
[19:29:06.102] 158,0,792
[19:29:06.105] 159,0,980
[19:29:06.108] 160,0,980
[19:29:06.112] 161,118,733
[19:29:06.113] 162,1693,421
[19:29:06.115] 163,4095,345
[19:29:06.119] 164,4095,283
[19:29:06.126] 165,4095,245
[19:29:06.126] 166,4095,368
[19:29:06.126] 167,4095,428
[19:29:06.128] 168,4095,428
[19:29:06.132] 169,4095,668
[19:29:06.135] 170,3175,999
[19:29:06.139] 171,1991,950
[19:29:06.142] 172,815,895
[19:29:06.143] 173,0,969
[19:29:06.146] 174,0,939
[19:29:06.149] 175,0,854
[19:29:06.152] 176,0,919
[19:29:06.165] 177,0,878
[19:29:06.166] 178,0,793
[19:29:06.167] 179,0,688
[19:29:06.167] 180,0,713
[19:29:06.171] 181,0,734
[19:29:06.174] 182,73,669
[19:29:06.177] 183,388,475
[19:29:06.180] 184,964,249
[19:29:06.188] 185,1593,175
[19:29:06.188] 186,2422,243
[19:29:06.189] 187,3318,350
[19:29:06.191] 188,4095,505
[19:29:06.194] 189,4095,676
[19:29:06.197] 190,3753,758
[19:29:06.200] 191,3025,839
[19:29:06.203] 192,2384,889
[19:29:06.206] 193,1737,937
[19:29:06.208] 194,1118,947
[19:29:06.211] 195,629,862
[19:29:06.215] 196,0,760
[19:29:06.216] 197,0,668
[19:29:06.220] 198,0,627
[19:29:06.221] 199,0,756
[19:29:06.229] [HIT] t=779010 i=0 note=38 vel=127 raw=127 truepeak=3829 ch=10 rescues=0 thresh=-1.000 peak=-1.000 mask=-1 decay=-1 decaylen=-1 xfilt=-1.000 xfiltdecay=-1.000 loopt=0 piezodc=-237.0 dchead=259.6 spikerej=1799
[19:29:06.238] [SysEx TX] F0 00 7D 00 05 03 00 00 7F 7F F7
[19:29:06.242] [SCOPE] input=0 pad_type=0 head_ch=1 rim_ch=0 head_peak=4095 rim_peak=239 decision=HEAD samples=200
[19:29:06.244] T,H,R
[19:29:06.247] 0,184,73
[19:29:06.249] 1,0,102
[19:29:06.253] 2,0,139
[19:29:06.255] 3,0,153
[19:29:06.269] 4,0,175
[19:29:06.269] 5,0,175
[19:29:06.270] 6,0,182
[19:29:06.271] 7,0,201
[19:29:06.277] 8,77,173
[19:29:06.279] 9,347,188
[19:29:06.280] 10,800,208
[19:29:06.282] 11,1359,180
[19:29:06.289] 12,1990,148
[19:29:06.291] 13,2633,118
[19:29:06.291] 14,3214,118
[19:29:06.294] 15,3751,105
[19:29:06.298] 16,4095,99
[19:29:06.299] 17,4095,110
[19:29:06.303] 18,4095,112
[19:29:06.305] 19,4095,109
[19:29:06.312] 20,4095,121
[19:29:06.312] 21,4095,136
[19:29:06.313] 22,3956,126
[19:29:06.317] 23,3706,109
[19:29:06.325] 24,3515,112
[19:29:06.326] 25,3392,118
[19:29:06.334] 26,3257,125
[19:29:06.337] 27,3151,111
[19:29:06.339] 28,3016,85
[19:29:06.343] 29,2871,75
[19:29:06.346] 30,2766,69
[19:29:06.348] 31,2742,47
[19:29:06.351] 32,2742,37
[19:29:06.355] 33,2786,30
[19:29:06.357] 34,2854,25
[19:29:06.372] 35,2957,6
[19:29:06.374] 36,3079,2
[19:29:06.374] 37,3112,38
[19:29:06.384] 38,3161,46
[19:29:06.389] 39,3087,43
[19:29:06.392] 40,2921,67
[19:29:06.393] 41,2731,78
[19:29:06.393] 42,2503,89
[19:29:06.397] 43,2221,109
[19:29:06.402] 44,1896,130
[19:29:06.403] 45,1273,151
[19:29:06.405] 46,797,143
[19:29:06.407] 47,266,162
[19:29:06.410] 48,0,174
[19:29:06.413] 49,0,143
[19:29:06.416] 50,0,142
[19:29:06.420] 51,0,164
[19:29:06.421] 52,0,177
[19:29:06.424] 53,0,166
[19:29:06.427] 54,0,167
[19:29:06.431] 55,174,181
[19:29:06.432] 56,653,185
[19:29:06.436] 57,1289,164
[19:29:06.437] 58,2090,167
[19:29:06.441] 59,2918,174
[19:29:06.443] 60,4006,180
[19:29:06.446] 61,4095,172
[19:29:06.448] 62,4095,174
[19:29:06.451] 63,4095,182
[19:29:06.455] 64,4095,186
[19:29:06.457] 65,4095,181
[19:29:06.460] 66,4095,160
[19:29:06.464] 67,4095,148
[19:29:06.472] 68,3977,121
[19:29:06.472] 69,3679,118
[19:29:06.474] 70,3382,115
[19:29:06.487] 71,3154,94
[19:29:06.488] 72,2904,58
[19:29:06.488] 73,2600,53
[19:29:06.504] 74,2228,57
[19:29:06.504] 75,1816,79
[19:29:06.504] 76,1196,110
[19:29:06.505] 77,723,138
[19:29:06.508] 78,280,137
[19:29:06.510] 79,121,171
[19:29:06.518] 80,24,181
[19:29:06.518] 81,0,144
[19:29:06.519] 82,46,161
[19:29:06.522] 83,163,182
[19:29:06.525] 84,203,203
[19:29:06.535] 85,212,223
[19:29:06.536] 86,137,234
[19:29:06.536] 87,22,239
[19:29:06.541] 88,0,223
[19:29:06.543] 89,0,216
[19:29:06.545] 90,0,206
[19:29:06.548] 91,99,195
[19:29:06.550] 92,344,182
[19:29:06.555] 93,617,158
[19:29:06.557] 94,890,154
[19:29:06.559] 95,1082,148
[19:29:06.562] 96,1150,141
[19:29:06.577] 97,1085,158
[19:29:06.577] 98,868,180
[19:29:06.578] 99,582,176
[19:29:06.588] 100,342,201
[19:29:06.596] 101,214,211
[19:29:06.596] 102,252,197
[19:29:06.597] 103,440,181
[19:29:06.599] 104,687,153
[19:29:06.603] 105,1012,138
[19:29:06.606] 106,1338,118
[19:29:06.615] 107,1627,108
[19:29:06.615] 108,1822,102
[19:29:06.615] 109,1942,61
[19:29:06.616] 110,2009,55
[19:29:06.619] 111,2055,43
[19:29:06.622] 112,2133,19
[19:29:06.625] 113,2231,3
[19:29:06.627] 114,2334,18
[19:29:06.630] 115,2386,31
[19:29:06.636] 116,2361,33
[19:29:06.636] 117,2255,34
[19:29:06.637] 118,2039,30
[19:29:06.639] 119,1726,39
[19:29:06.643] 120,1304,62
[19:29:06.646] 121,853,89
[19:29:06.652] 122,69,98
[19:29:06.653] 123,0,94
[19:29:06.654] 124,0,120
[19:29:06.656] 125,0,163
[19:29:06.659] 126,0,154
[19:29:06.662] 127,0,141
[19:29:06.665] 128,0,108
[19:29:06.681] 129,0,112
[19:29:06.682] 130,19,117
[19:29:06.682] 131,226,112
[19:29:06.683] 132,485,127
[19:29:06.687] 133,782,147
[19:29:06.689] 134,1104,148
[19:29:06.693] 135,1445,137
[19:29:06.695] 136,1833,108
[19:29:06.701] 137,2230,114
[19:29:06.702] 138,2640,122
[19:29:06.703] 139,3078,102
[19:29:06.706] 140,3513,82
[19:29:06.709] 141,3870,89
[19:29:06.712] 142,4022,80
[19:29:06.715] 143,4012,86
[19:29:06.717] 144,3806,85
[19:29:06.720] 145,3605,79
[19:29:06.723] 146,3366,74
[19:29:06.737] 147,3132,57
[19:29:06.737] 148,2955,63
[19:29:06.737] 149,2795,39
[19:29:06.737] 150,2659,26
[19:29:06.742] 151,2510,22
[19:29:06.744] 152,2363,16
[19:29:06.746] 153,2216,3
[19:29:06.749] 154,2070,14
[19:29:06.751] 155,1928,2
[19:29:06.754] 156,1789,0
[19:29:06.757] 157,1609,6
[19:29:06.759] 158,1436,7
[19:29:06.763] 159,1342,13
[19:29:06.765] 160,1262,31
[19:29:06.768] 161,1225,36
[19:29:06.785] 162,1192,29
[19:29:06.785] 163,1147,28
[19:29:06.785] 164,1086,36
[19:29:06.789] 165,1020,54
[19:29:06.792] 166,927,62
[19:29:06.796] 167,815,72
[19:29:06.801] 168,694,52
[19:29:06.804] 169,585,30
[19:29:06.804] 170,472,26
[19:29:06.806] 171,362,30
[19:29:06.811] 172,244,26
[19:29:06.812] 173,116,31
[19:29:06.830] 174,0,17
[19:29:06.830] 175,0,33
[19:29:06.831] 176,0,35
[19:29:06.834] 177,0,41
[19:29:06.842] 178,0,37
[19:29:06.842] 179,0,44
[19:29:06.843] 180,147,43
[19:29:06.844] 181,495,31
[19:29:06.847] 182,948,9
[19:29:06.850] 183,1481,0
[19:29:06.853] 184,2032,0
[19:29:06.856] 185,2494,0
[19:29:06.858] 186,2816,0
[19:29:06.861] 187,2985,0
[19:29:06.864] 188,3042,0
[19:29:06.866] 189,2999,0
[19:29:06.870] 190,2886,0
[19:29:06.881] 191,2773,0
[19:29:06.885] 192,2644,0
[19:29:06.885] 193,2515,0
[19:29:06.903] 194,2350,0
[19:29:06.906] 195,2125,0
[19:29:06.909] 196,1854,0
[19:29:06.912] 197,1542,0
[19:29:06.915] 198,1115,0
[19:29:06.917] 199,501,0
[19:29:06.924] [HIT] t=779706 i=0 note=38 vel=17 raw=17 truepeak=571 ch=10 rescues=0 thresh=-1.000 peak=-1.000 mask=-1 decay=-1 decaylen=-1 xfilt=-1.000 xfiltdecay=-1.000 loopt=0 piezodc=-241.0 dchead=242.9 spikerej=1800
[19:29:06.934] [SysEx TX] F0 00 7D 00 05 03 00 00 11 11 F7
[19:29:06.937] [SCOPE] input=0 pad_type=0 head_ch=1 rim_ch=0 head_peak=1076 rim_peak=35 decision=HEAD samples=200
[19:29:06.943] T,H,R
[19:29:06.944] 0,0,11
[19:29:06.945] 1,0,25
[19:29:06.948] 2,0,29
[19:29:06.951] 3,0,33
[19:29:06.954] 4,0,30
[19:29:06.956] 5,0,33
[19:29:06.959] 6,0,35
[19:29:06.962] 7,0,35
[19:29:06.965] 8,33,27
[19:29:06.968] 9,121,23
[19:29:06.971] 10,225,24
[19:29:06.973] 11,329,21
[19:29:06.995] 12,444,20
[19:29:06.995] 13,562,20
[19:29:06.995] 14,678,7
[19:29:07.005] 15,796,11
[19:29:07.005] 16,903,8
[19:29:07.013] 17,985,7
[19:29:07.013] 18,1050,4
[19:29:07.014] 19,1074,3
[19:29:07.015] 20,1076,3
[19:29:07.019] 21,1045,6
[19:29:07.021] 22,980,0
[19:29:07.025] 23,910,0
[19:29:07.027] 24,835,0
[19:29:07.030] 25,774,0
[19:29:07.035] 26,732,0
[19:29:07.036] 27,696,0
[19:29:07.037] 28,670,0
[19:29:07.041] 29,640,0
[19:29:07.047] 30,627,0
[19:29:07.049] 31,602,0
[19:29:07.049] 32,568,0
[19:29:07.051] 33,531,0
[19:29:07.055] 34,488,0
[19:29:07.056] 35,447,0
[19:29:07.063] 36,381,0
[19:29:07.067] 37,320,0
[19:29:07.068] 38,269,2
[19:29:07.068] 39,211,0
[19:29:07.070] 40,161,2
[19:29:07.074] 41,89,8
[19:29:07.076] 42,31,1
[19:29:07.089] 43,0,3
[19:29:07.089] 44,0,10
[19:29:07.089] 45,0,13
[19:29:07.096] 46,0,17
[19:29:07.099] 47,0,8
[19:29:07.108] 48,0,14
[19:29:07.108] 49,0,8
[19:29:07.108] 50,0,15
[19:29:07.109] 51,0,7
[19:29:07.113] 52,2,13
[19:29:07.118] 53,85,4
[19:29:07.119] 54,189,0
[19:29:07.121] 55,301,0
[19:29:07.124] 56,410,2
[19:29:07.127] 57,512,6
[19:29:07.130] 58,618,0
[19:29:07.133] 59,700,1
[19:29:07.139] 60,781,0
[19:29:07.139] 61,842,0
[19:29:07.141] 62,879,0
[19:29:07.143] 63,906,0
[19:29:07.148] 64,921,0
[19:29:07.149] 65,926,0
[19:29:07.151] 66,925,0
[19:29:07.156] 67,904,0
[19:29:07.157] 68,857,0
[19:29:07.159] 69,809,0
[19:29:07.162] 70,730,0
[19:29:07.165] 71,613,0
[19:29:07.168] 72,500,0
[19:29:07.171] 73,377,0
[19:29:07.176] 74,253,0
[19:29:07.177] 75,125,0
[19:29:07.188] 76,4,0
[19:29:07.189] 77,0,0
[19:29:07.190] 78,0,0
[19:29:07.192] 79,0,6
[19:29:07.196] 80,0,5
[19:29:07.199] 81,0,0
[19:29:07.202] 82,0,4
[19:29:07.206] 83,0,0
[19:29:07.212] 84,0,7
[19:29:07.212] 85,0,11
[19:29:07.213] 86,0,5
[19:29:07.215] 87,23,5
[19:29:07.221] 88,69,7
[19:29:07.222] 89,127,2
[19:29:07.224] 90,201,5
[19:29:07.226] 91,264,0
[19:29:07.230] 92,317,2
[19:29:07.232] 93,373,0
[19:29:07.234] 94,401,2
[19:29:07.239] 95,425,0
[19:29:07.241] 96,425,1
[19:29:07.242] 97,422,0
[19:29:07.246] 98,424,0
[19:29:07.252] 99,430,5
[19:29:07.253] 100,442,0
[19:29:07.254] 101,470,0
[19:29:07.255] 102,501,0
[19:29:07.259] 103,554,0
[19:29:07.262] 104,594,0
[19:29:07.264] 105,614,0
[19:29:07.268] 106,629,0
[19:29:07.270] 107,645,0
[19:29:07.273] 108,622,0
[19:29:07.275] 109,608,0
[19:29:07.279] 110,586,0
[19:29:07.287] 111,553,0
[19:29:07.290] 112,505,0
[19:29:07.291] 113,466,0
[19:29:07.293] 114,413,0
[19:29:07.296] 115,354,0
[19:29:07.298] 116,271,0
[19:29:07.302] 117,182,0
[19:29:07.304] 118,77,0
[19:29:07.314] 119,0,2
[19:29:07.314] 120,0,0
[19:29:07.314] 121,0,4
[19:29:07.315] 122,0,6
[19:29:07.320] 123,0,4
[19:29:07.324] 124,0,7
[19:29:07.325] 125,0,16
[19:29:07.327] 126,0,7
[19:29:07.330] 127,0,7
[19:29:07.335] 128,0,8
[19:29:07.336] 129,0,17
[19:29:07.338] 130,33,8
[19:29:07.344] 131,121,9
[19:29:07.345] 132,179,22
[19:29:07.346] 133,246,10
[19:29:07.352] 134,328,18
[19:29:07.353] 135,425,17
[19:29:07.354] 136,512,16
[19:29:07.356] 137,610,12
[19:29:07.360] 138,687,7
[19:29:07.362] 139,761,8
[19:29:07.365] 140,806,5
[19:29:07.368] 141,828,14
[19:29:07.372] 142,832,5
[19:29:07.374] 143,823,7
[19:29:07.378] 144,782,7
[19:29:07.380] 145,736,3
[19:29:07.383] 146,689,0
[19:29:07.392] 147,621,4
[19:29:07.392] 148,559,0
[19:29:07.393] 149,505,2
[19:29:07.397] 150,453,3
[19:29:07.399] 151,381,5
[19:29:07.401] 152,314,8
[19:29:07.405] 153,240,6
[19:29:07.407] 154,180,7
[19:29:07.415] 155,111,12
[19:29:07.415] 156,73,10
[19:29:07.415] 157,41,10
[19:29:07.416] 158,14,18
[19:29:07.420] 159,5,20
[19:29:07.426] 160,0,23
[19:29:07.427] 161,0,24
[19:29:07.428] 162,0,26
[19:29:07.432] 163,0,23
[19:29:07.434] 164,0,26
[19:29:07.437] 165,0,25
[19:29:07.441] 166,0,26
[19:29:07.445] 167,0,29
[19:29:07.446] 168,0,28
[19:29:07.449] 169,0,30
[19:29:07.451] 170,0,29
[19:29:07.456] 171,0,24
[19:29:07.456] 172,0,15
[19:29:07.458] 173,20,22
[19:29:07.461] 174,57,20
[19:29:07.465] 175,93,19
[19:29:07.467] 176,148,12
[19:29:07.470] 177,200,9
[19:29:07.473] 178,262,10
[19:29:07.476] 179,316,4
[19:29:07.479] 180,380,10
[19:29:07.482] 181,441,5
[19:29:07.484] 182,486,0
[19:29:07.489] 183,537,3
[19:29:07.495] 184,566,2
[19:29:07.498] 185,574,0
[19:29:07.498] 186,584,2
[19:29:07.501] 187,569,1
[19:29:07.504] 188,551,0
[19:29:07.507] 189,513,0
[19:29:07.510] 190,458,0
[19:29:07.513] 191,405,0
[19:29:07.518] 192,341,0
[19:29:07.521] 193,264,0
[19:29:07.521] 194,187,1
[19:29:07.523] 195,98,4
[19:29:07.526] 196,8,0
[19:29:07.529] 197,0,1
[19:29:07.532] 198,0,3
[19:29:07.534] 199,0,3
=== Session ended 2026-07-06T19:29:12.151028 ===
