
=== Session started 2026-07-12T09:36:33.957614 (192.168.1.168:23) ===
[09:36:33.970] [dev] eDrum telnet console
[09:36:35.675] [Config]
[09:36:35.677]   [0] en=1 type=2 note=38 ch=10 z2note=40 z2ch=10 thresh=30 sens=3250 scan=1 mask=8 ratio=40 chokethresh=50 choke=1 curve=0 retrig=50 seeds=-1 builds=-1
[09:36:35.687]   [1] en=1 type=1 note=57 ch=10 z2note=40 z2ch=10 thresh=20 sens=1023 scan=3 mask=39 ratio=40 chokethresh=50 choke=1 curve=0 retrig=50 seeds=-1 builds=-1
[09:36:35.687]   [2] en=0 type=1 note=42 ch=10 z2note=46 z2ch=10 thresh=20 sens=800 scan=3 mask=80 ratio=40 chokethresh=50 choke=1 curve=4 retrig=50 seeds=-1 builds=-1
[09:36:35.700]   [3] en=1 type=2 note=60 ch=10 z2note=53 z2ch=10 thresh=149 sens=152 scan=3 mask=80 ratio=40 chokethresh=50 choke=1 curve=0 retrig=0 seeds=-1 builds=-1
[09:36:35.701]   [4] en=1 type=1 note=44 ch=10 z2note=44 z2ch=10 thresh=20 sens=800 scan=3 mask=80 ratio=40 chokethresh=50 choke=1 curve=4 retrig=50 seeds=-1 builds=-1
[09:36:42.462] [w] input=0 retrig=30 OK
[09:36:42.499] [SysEx TX] F0 00 7D 00 05 01 01 06 00 F7
[09:36:45.105] [eDrum] Build 0 — p=ping  i=identify  s=config  n=test note  r=reboot
[09:36:45.111]   a=toggle ADC dump  d=toggle hit debug print  m=toggle diag mode (detection+MIDI off)
[09:36:45.111]   o <input> <floor> = scope input (e.g. o 0 10)   o off = disable scope
[09:36:45.112]   w <input> <param> <value> = set param (e.g. w 0 scan 3)
[09:36:45.117]   params: thresh sens scan mask retrig type ratio chokethresh choke enable
[09:36:56.338] [SCOPE] Active: input=0 floor=20
[09:37:00.324] [SysEx TX] F0 00 7D 00 05 03 00 00 1C 1C F7
[09:37:00.335] [SCOPE] input=0 pad_type=2 head_ch=1 rim_ch=0 head_peak=1849 rim_peak=97 decision=HEAD samples=200
[09:37:00.335] T,H,R
[09:37:00.335] 0,2,2
[09:37:00.335] 1,2,6
[09:37:00.341] 2,2,7
[09:37:00.351] 3,1,5
[09:37:00.351] 4,2,3
[09:37:00.352] 5,2,2
[09:37:00.354] 6,0,2
[09:37:00.367] 7,3,2
[09:37:00.367] 8,2,5
[09:37:00.367] 9,0,2
[09:37:00.372] 10,0,8
[09:37:00.376] 11,2,6
[09:37:00.379] 12,5,5
[09:37:00.380] 13,2,2
[09:37:00.383] 14,2,2
[09:37:00.391] 15,0,8
[09:37:00.391] 16,0,7
[09:37:00.392] 17,0,2
[09:37:00.404] 18,2,7
[09:37:00.404] 19,2,4
[09:37:00.404] 20,0,2
[09:37:00.404] 21,3,5
[09:37:00.411] 22,5,5
[09:37:00.413] 23,5,7
[09:37:00.416] 24,2,2
[09:37:00.416] 25,3,5
[09:37:00.419] 26,3,3
[09:37:00.423] 27,2,2
[09:37:00.428] 28,2,2
[09:37:00.430] 29,0,2
[09:37:00.434] 30,2,9
[09:37:00.435] 31,5,7
[09:37:00.437] 32,5,5
[09:37:00.442] 33,2,2
[09:37:00.444] 34,3,7
[09:37:00.447] 35,5,5
[09:37:00.448] 36,5,5
[09:37:00.452] 37,2,3
[09:37:00.454] 38,2,2
[09:37:00.457] 39,0,2
[09:37:00.470] 40,6,9
[09:37:00.471] 41,2,3
[09:37:00.471] 42,2,2
[09:37:00.471] 43,8,8
[09:37:00.475] 44,2,2
[09:37:00.479] 45,5,7
[09:37:00.482] 46,5,5
[09:37:00.483] 47,7,5
[09:37:00.490] 48,5,7
[09:37:00.490] 49,2,10
[09:37:00.493] 50,5,7
[09:37:00.498] 51,3,2
[09:37:00.500] 52,4,4
[09:37:00.501] 53,2,3
[09:37:00.502] 54,5,7
[09:37:00.510] 55,7,7
[09:37:00.510] 56,5,7
[09:37:00.510] 57,2,14
[09:37:00.515] 58,10,9
[09:37:00.519] 59,5,9
[09:37:00.520] 60,5,7
[09:37:00.524] 61,3,3
[09:37:00.530] 62,5,5
[09:37:00.537] 63,7,7
[09:37:00.537] 64,2,3
[09:37:00.537] 65,7,7
[09:37:00.537] 66,5,5
[09:37:00.542] 67,5,3
[09:37:00.545] 68,7,7
[09:37:00.546] 69,4,4
[09:37:00.548] 70,2,4
[09:37:00.554] 71,8,8
[09:37:00.555] 72,7,9
[09:37:00.557] 73,4,4
[09:37:00.560] 74,8,8
[09:37:00.570] 75,7,22
[09:37:00.570] 76,7,7
[09:37:00.571] 77,7,16
[09:37:00.577] 78,10,4
[09:37:00.578] 79,4,4
[09:37:00.579] 80,2,4
[09:37:00.582] 81,4,4
[09:37:00.588] 82,6,9
[09:37:00.594] 83,8,4
[09:37:00.595] 84,4,5
[09:37:00.596] 85,7,16
[09:37:00.596] 86,4,2
[09:37:00.600] 87,10,0
[09:37:00.603] 88,8,0
[09:37:00.605] 89,10,2
[09:37:00.608] 90,2,10
[09:37:00.611] 91,1,7
[09:37:00.616] 92,3,16
[09:37:00.617] 93,0,2
[09:37:00.620] 94,0,0
[09:37:00.622] 95,0,0
[09:37:00.634] 96,0,0
[09:37:00.634] 97,0,0
[09:37:00.634] 98,0,0
[09:37:00.638] 99,0,0
[09:37:00.640] 100,70,38
[09:37:00.649] 101,272,0
[09:37:00.650] 102,363,0
[09:37:00.650] 103,393,0
[09:37:00.658] 104,365,0
[09:37:00.659] 105,342,0
[09:37:00.659] 106,370,0
[09:37:00.659] 107,441,20
[09:37:00.664] 108,491,0
[09:37:00.679] 109,584,5
[09:37:00.679] 110,679,0
[09:37:00.679] 111,726,0
[09:37:00.683] 112,711,0
[09:37:00.685] 113,709,0
[09:37:00.688] 114,730,0
[09:37:00.697] 115,772,0
[09:37:00.697] 116,816,2
[09:37:00.697] 117,886,31
[09:37:00.704] 118,982,0
[09:37:00.704] 119,1054,29
[09:37:00.707] 120,1124,0
[09:37:00.709] 121,1190,0
[09:37:00.720] 122,1190,0
[09:37:00.720] 123,1161,0
[09:37:00.720] 124,1147,33
[09:37:00.725] 125,1133,12
[09:37:00.728] 126,1133,41
[09:37:00.730] 127,1145,14
[09:37:00.733] 128,1176,6
[09:37:00.737] 129,1213,14
[09:37:00.738] 130,1275,0
[09:37:00.742] 131,1369,30
[09:37:00.743] 132,1422,33
[09:37:00.745] 133,1368,54
[09:37:00.751] 134,1300,56
[09:37:00.752] 135,1268,40
[09:37:00.755] 136,1304,44
[09:37:00.760] 137,1421,14
[09:37:00.760] 138,1607,35
[09:37:00.763] 139,1776,48
[09:37:00.765] 140,1849,63
[09:37:00.775] 141,1815,97
[09:37:00.775] 142,1721,41
[09:37:00.775] 143,1581,43
[09:37:00.777] 144,1459,35
[09:37:00.779] 145,1380,42
[09:37:00.782] 146,1339,73
[09:37:00.785] 147,1259,54
[09:37:00.787] 148,1124,52
[09:37:00.790] 149,984,16
[09:37:00.799] 150,757,0
[09:37:00.799] 151,545,17
[09:37:00.799] 152,363,34
[09:37:00.804] 153,242,31
[09:37:00.806] 154,232,47
[09:37:00.809] 155,326,26
[09:37:00.812] 156,484,8
[09:37:00.815] 157,602,0
[09:37:00.819] 158,638,17
[09:37:00.825] 159,606,21
[09:37:00.826] 160,585,31
[09:37:00.826] 161,569,4
[09:37:00.833] 162,623,1
[09:37:00.834] 163,758,14
[09:37:00.835] 164,902,21
[09:37:00.840] 165,1007,54
[09:37:00.841] 166,1052,47
[09:37:00.843] 167,1058,38
[09:37:00.847] 168,1010,23
[09:37:00.849] 169,975,2
[09:37:00.856] 170,958,19
[09:37:00.856] 171,937,40
[09:37:00.857] 172,951,58
[09:37:00.861] 173,934,65
[09:37:00.863] 174,905,35
[09:37:00.864] 175,881,16
[09:37:00.868] 176,840,2
[09:37:00.882] 177,796,24
[09:37:00.882] 178,757,20
[09:37:00.883] 179,690,34
[09:37:00.887] 180,615,23
[09:37:00.891] 181,528,6
[09:37:00.894] 182,489,21
[09:37:00.901] 183,470,7
[09:37:00.901] 184,399,12
[09:37:00.902] 185,205,2
[09:37:00.904] 186,17,2
[09:37:00.907] 187,0,0
[09:37:00.914] 188,0,0
[09:37:00.914] 189,0,19
[09:37:00.924] 190,0,13
[09:37:00.924] 191,182,23
[09:37:00.925] 192,398,20
[09:37:00.929] 193,646,14
[09:37:00.933] 194,829,14
[09:37:00.935] 195,914,3
[09:37:00.943] 196,928,24
[09:37:00.943] 197,947,22
[09:37:00.944] 198,918,26
[09:37:00.945] 199,885,44
[09:37:00.958] [SysEx TX] F0 00 7D 00 05 03 00 00 38 38 F7
[09:37:00.970] [SCOPE] input=0 pad_type=2 head_ch=1 rim_ch=0 head_peak=1849 rim_peak=97 decision=HEAD samples=200
[09:37:00.970] T,H,R
[09:37:00.972] 0,2,2
[09:37:00.972] 1,5,7
[09:37:00.990] 2,5,5
[09:37:00.990] 3,7,5
[09:37:00.990] 4,5,7
[09:37:00.990] 5,2,10
[09:37:01.012] 6,5,7
[09:37:01.012] 7,3,2
[09:37:01.012] 8,4,4
[09:37:01.013] 9,2,3
[09:37:01.033] 10,5,7
[09:37:01.033] 11,7,7
[09:37:01.033] 12,5,7
[09:37:01.033] 13,2,14
[09:37:01.039] 14,10,9
[09:37:01.047] 15,5,9
[09:37:01.047] 16,5,7
[09:37:01.047] 17,3,3
[09:37:01.048] 18,5,5
[09:37:01.052] 19,7,7
[09:37:01.061] 20,2,3
[09:37:01.061] 21,7,7
[09:37:01.061] 22,5,5
[09:37:01.062] 23,5,3
[09:37:01.070] 24,7,7
[09:37:01.070] 25,4,4
[09:37:01.073] 26,2,4
[09:37:01.083] 27,8,8
[09:37:01.083] 28,7,9
[09:37:01.084] 29,4,4
[09:37:01.085] 30,8,8
[09:37:01.093] 31,7,22
[09:37:01.095] 32,7,7
[09:37:01.098] 33,7,16
[09:37:01.107] 34,10,4
[09:37:01.107] 35,4,4
[09:37:01.107] 36,2,4
[09:37:01.107] 37,4,4
[09:37:01.113] 38,6,9
[09:37:01.115] 39,8,4
[09:37:01.118] 40,4,5
[09:37:01.122] 41,7,16
[09:37:01.125] 42,4,2
[09:37:01.132] 43,10,0
[09:37:01.132] 44,8,0
[09:37:01.132] 45,10,2
[09:37:01.133] 46,2,10
[09:37:01.138] 47,1,7
[09:37:01.143] 48,3,16
[09:37:01.146] 49,0,2
[09:37:01.147] 50,0,0
[09:37:01.148] 51,0,0
[09:37:01.151] 52,0,0
[09:37:01.154] 53,0,0
[09:37:01.157] 54,0,0
[09:37:01.160] 55,0,0
[09:37:01.163] 56,70,38
[09:37:01.169] 57,272,0
[09:37:01.170] 58,363,0
[09:37:01.171] 59,393,0
[09:37:01.173] 60,365,0
[09:37:01.187] 61,342,0
[09:37:01.187] 62,370,0
[09:37:01.188] 63,441,20
[09:37:01.189] 64,491,0
[09:37:01.192] 65,584,5
[09:37:01.196] 66,679,0
[09:37:01.197] 67,726,0
[09:37:01.200] 68,711,0
[09:37:01.208] 69,709,0
[09:37:01.208] 70,730,0
[09:37:01.209] 71,772,0
[09:37:01.209] 72,816,2
[09:37:01.216] 73,886,31
[09:37:01.218] 74,982,0
[09:37:01.222] 75,1054,29
[09:37:01.224] 76,1124,0
[09:37:01.238] 77,1190,0
[09:37:01.238] 78,1190,0
[09:37:01.239] 79,1161,0
[09:37:01.239] 80,1147,33
[09:37:01.253] 81,1133,12
[09:37:01.253] 82,1133,41
[09:37:01.254] 83,1145,14
[09:37:01.254] 84,1176,6
[09:37:01.258] 85,1213,14
[09:37:01.261] 86,1275,0
[09:37:01.264] 87,1369,30
[09:37:01.266] 88,1422,33
[09:37:01.272] 89,1368,54
[09:37:01.273] 90,1300,56
[09:37:01.274] 91,1268,40
[09:37:01.277] 92,1304,44
[09:37:01.287] 93,1421,14
[09:37:01.287] 94,1607,35
[09:37:01.289] 95,1776,48
[09:37:01.289] 96,1849,63
[09:37:01.292] 97,1815,97
[09:37:01.295] 98,1721,41
[09:37:01.298] 99,1581,43
[09:37:01.302] 100,1459,35
[09:37:01.311] 101,1380,42
[09:37:01.311] 102,1339,73
[09:37:01.312] 103,1259,54
[09:37:01.312] 104,1124,52
[09:37:01.317] 105,984,16
[09:37:01.322] 106,757,0
[09:37:01.323] 107,545,17
[09:37:01.325] 108,363,34
[09:37:01.327] 109,242,31
[09:37:01.330] 110,232,47
[09:37:01.336] 111,326,26
[09:37:01.338] 112,484,8
[09:37:01.338] 113,602,0
[09:37:01.341] 114,638,17
[09:37:01.345] 115,606,21
[09:37:01.346] 116,585,31
[09:37:01.351] 117,569,4
[09:37:01.352] 118,623,1
[09:37:01.355] 119,758,14
[09:37:01.358] 120,902,21
[09:37:01.360] 121,1007,54
[09:37:01.363] 122,1052,47
[09:37:01.367] 123,1058,38
[09:37:01.374] 124,1010,23
[09:37:01.374] 125,975,2
[09:37:01.375] 126,958,19
[09:37:01.375] 127,937,40
[09:37:01.380] 128,951,58
[09:37:01.395] 129,934,65
[09:37:01.396] 130,905,35
[09:37:01.396] 131,881,16
[09:37:01.399] 132,840,2
[09:37:01.402] 133,796,24
[09:37:01.405] 134,757,20
[09:37:01.422] 135,690,34
[09:37:01.422] 136,615,23
[09:37:01.422] 137,528,6
[09:37:01.422] 138,489,21
[09:37:01.427] 139,470,7
[09:37:01.429] 140,399,12
[09:37:01.432] 141,205,2
[09:37:01.440] 142,17,2
[09:37:01.440] 143,0,0
[09:37:01.440] 144,0,0
[09:37:01.444] 145,0,19
[09:37:01.447] 146,0,13
[09:37:01.453] 147,182,23
[09:37:01.454] 148,398,20
[09:37:01.455] 149,646,14
[09:37:01.458] 150,829,14
[09:37:01.461] 151,914,3
[09:37:01.464] 152,928,24
[09:37:01.467] 153,947,22
[09:37:01.470] 154,918,26
[09:37:01.478] 155,885,44
[09:37:01.479] 156,847,30
[09:37:01.479] 157,826,45
[09:37:01.480] 158,818,29
[09:37:01.491] 159,797,8
[09:37:01.491] 160,797,5
[09:37:01.492] 161,804,10
[09:37:01.492] 162,752,29
[09:37:01.497] 163,671,23
[09:37:01.501] 164,578,12
[09:37:01.502] 165,495,3
[09:37:01.515] 166,429,2
[09:37:01.515] 167,375,17
[09:37:01.523] 168,328,0
[09:37:01.523] 169,249,4
[09:37:01.523] 170,143,0
[09:37:01.523] 171,89,1
[09:37:01.527] 172,57,8
[09:37:01.530] 173,70,2
[09:37:01.534] 174,97,3
[09:37:01.537] 175,153,3
[09:37:01.545] 176,208,0
[09:37:01.545] 177,286,0
[09:37:01.545] 178,353,1
[09:37:01.546] 179,425,8
[09:37:01.551] 180,484,0
[09:37:01.557] 181,510,16
[09:37:01.557] 182,550,14
[09:37:01.558] 183,566,12
[09:37:01.560] 184,559,20
[09:37:01.564] 185,551,1
[09:37:01.568] 186,589,7
[09:37:01.569] 187,619,7
[09:37:01.572] 188,649,29
[09:37:01.578] 189,653,35
[09:37:01.579] 190,662,14
[09:37:01.581] 191,646,9
[09:37:01.582] 192,612,10
[09:37:01.595] 193,539,20
[09:37:01.595] 194,482,7
[09:37:01.595] 195,392,11
[09:37:01.596] 196,319,7
[09:37:01.601] 197,267,0
[09:37:01.603] 198,197,0
[09:37:01.606] 199,110,0
[09:37:01.620] [SysEx TX] F0 00 7D 00 05 03 00 00 01 01 F7
[09:37:01.625] [SCOPE] input=0 pad_type=2 head_ch=1 rim_ch=0 head_peak=111 rim_peak=17 decision=HEAD samples=200
[09:37:01.629] T,H,R
[09:37:01.630] 0,0,0
[09:37:01.632] 1,4,6
[09:37:01.637] 2,7,5
[09:37:01.641] 3,23,4
[09:37:01.641] 4,44,8
[09:37:01.645] 5,53,2
[09:37:01.647] 6,66,6
[09:37:01.650] 7,78,8
[09:37:01.653] 8,87,16
[09:37:01.659] 9,94,10
[09:37:01.659] 10,105,9
[09:37:01.661] 11,105,0
[09:37:01.663] 12,103,8
[09:37:01.666] 13,94,7
[09:37:01.669] 14,93,2
[09:37:01.671] 15,84,4
[09:37:01.674] 16,69,10
[09:37:01.677] 17,53,8
[09:37:01.682] 18,35,4
[09:37:01.682] 19,24,10
[09:37:01.684] 20,4,2
[09:37:01.688] 21,0,4
[09:37:01.701] 22,0,2
[09:37:01.701] 23,0,6
[09:37:01.701] 24,0,4
[09:37:01.706] 25,0,15
[09:37:01.708] 26,0,10
[09:37:01.712] 27,0,7
[09:37:01.714] 28,0,7
[09:37:01.724] 29,0,4
[09:37:01.724] 30,0,11
[09:37:01.724] 31,0,6
[09:37:01.728] 32,0,10
[09:37:01.742] 33,4,9
[09:37:01.742] 34,20,7
[09:37:01.750] 35,42,16
[09:37:01.750] 36,73,10
[09:37:01.750] 37,88,13
[09:37:01.755] 38,94,10
[09:37:01.760] 39,103,8
[09:37:01.762] 40,102,7
[09:37:01.763] 41,111,10
[09:37:01.765] 42,102,10
[09:37:01.768] 43,89,10
[09:37:01.770] 44,78,7
[09:37:01.774] 45,73,7
[09:37:01.777] 46,55,4
[09:37:01.786] 47,41,11
[09:37:01.786] 48,26,7
[09:37:01.788] 49,18,10
[09:37:01.790] 50,3,5
[09:37:01.801] 51,0,14
[09:37:01.804] 52,0,3
[09:37:01.804] 53,0,3
[09:37:01.814] 54,0,7
[09:37:01.822] 55,0,5
[09:37:01.823] 56,0,0
[09:37:01.823] 57,0,2
[09:37:01.824] 58,0,3
[09:37:01.827] 59,0,7
[09:37:01.830] 60,0,4
[09:37:01.833] 61,0,11
[09:37:01.835] 62,0,0
[09:37:01.838] 63,0,3
[09:37:01.841] 64,5,17
[09:37:01.847] 65,31,7
[09:37:01.848] 66,44,6
[09:37:01.849] 67,54,5
[09:37:01.852] 68,70,3
[09:37:01.858] 69,78,7
[09:37:01.858] 70,84,6
[09:37:01.863] 71,94,7
[09:37:01.864] 72,87,3
[09:37:01.866] 73,88,6
[09:37:01.869] 74,84,8
[09:37:01.872] 75,77,8
[09:37:01.875] 76,71,10
[09:37:01.877] 77,57,5
[09:37:01.880] 78,36,5
[09:37:01.885] 79,19,3
[09:37:01.886] 80,8,5
[09:37:01.887] 81,0,6
[09:37:01.902] 82,0,3
[09:37:01.903] 83,0,5
[09:37:01.903] 84,0,7
[09:37:01.903] 85,0,8
[09:37:01.906] 86,0,4
[09:37:01.909] 87,0,2
[09:37:01.912] 88,0,2
[09:37:01.915] 89,0,6
[09:37:01.918] 90,0,2
[09:37:01.937] 91,0,16
[09:37:01.938] 92,0,6
[09:37:01.938] 93,6,11
[09:37:01.942] 94,12,8
[09:37:01.950] 95,14,7
[09:37:01.950] 96,32,7
[09:37:01.951] 97,54,5
[09:37:01.952] 98,64,3
[09:37:01.956] 99,73,4
[09:37:01.959] 100,77,5
[09:37:01.961] 101,73,8
[09:37:01.965] 102,84,11
[09:37:01.968] 103,79,7
[09:37:01.969] 104,79,2
[09:37:01.973] 105,64,3
[09:37:01.975] 106,52,0
[09:37:01.978] 107,43,1
[09:37:01.980] 108,31,0
[09:37:01.983] 109,20,2
[09:37:01.989] 110,9,1
[09:37:01.989] 111,2,0
[09:37:01.991] 112,0,1
[09:37:01.995] 113,0,4
[09:37:02.005] 114,0,3
[09:37:02.006] 115,0,0
[09:37:02.006] 116,0,1
[09:37:02.017] 117,0,3
[09:37:02.017] 118,0,3
[09:37:02.017] 119,0,0
[09:37:02.017] 120,0,2
[09:37:02.028] 121,0,0
[09:37:02.028] 122,0,2
[09:37:02.029] 123,1,3
[09:37:02.029] 124,0,2
[09:37:02.034] 125,4,2
[09:37:02.036] 126,22,10
[09:37:02.041] 127,30,2
[09:37:02.042] 128,50,2
[09:37:02.044] 129,71,0
[09:37:02.049] 130,70,2
[09:37:02.055] 131,74,2
[09:37:02.055] 132,81,0
[09:37:02.056] 133,84,3
[09:37:02.060] 134,81,6
[09:37:02.063] 135,72,2
[09:37:02.068] 136,62,9
[09:37:02.069] 137,45,2
[09:37:02.070] 138,44,3
[09:37:02.073] 139,30,2
[09:37:02.076] 140,17,0
[09:37:02.083] 141,5,2
[09:37:02.083] 142,0,2
[09:37:02.085] 143,0,5
[09:37:02.092] 144,0,3
[09:37:02.092] 145,0,0
[09:37:02.093] 146,0,2
[09:37:02.095] 147,0,3
[09:37:02.107] 148,0,3
[09:37:02.107] 149,0,1
[09:37:02.108] 150,0,1
[09:37:02.108] 151,0,2
[09:37:02.113] 152,2,7
[09:37:02.114] 153,1,0
[09:37:02.119] 154,2,2
[09:37:02.138] 155,8,2
[09:37:02.139] 156,10,8
[09:37:02.140] 157,27,2
[09:37:02.143] 158,49,7
[09:37:02.146] 159,60,2
[09:37:02.148] 160,59,2
[09:37:02.154] 161,58,3
[09:37:02.156] 162,65,0
[09:37:02.170] 163,72,2
[09:37:02.170] 164,70,0
[09:37:02.171] 165,84,9
[09:37:02.175] 166,73,8
[09:37:02.179] 167,57,4
[09:37:02.181] 168,41,4
[09:37:02.183] 169,34,0
[09:37:02.185] 170,23,2
[09:37:02.188] 171,15,0
[09:37:02.195] 172,3,6
[09:37:02.195] 173,0,4
[09:37:02.195] 174,0,7
[09:37:02.211] 175,0,2
[09:37:02.211] 176,0,0
[09:37:02.212] 177,0,8
[09:37:02.219] 178,0,0
[09:37:02.219] 179,0,3
[09:37:02.221] 180,0,7
[09:37:02.222] 181,0,8
[09:37:02.232] 182,0,8
[09:37:02.232] 183,0,0
[09:37:02.233] 184,3,1
[09:37:02.234] 185,6,5
[09:37:02.237] 186,8,2
[09:37:02.240] 187,19,2
[09:37:02.244] 188,33,7
[09:37:02.245] 189,48,5
[09:37:02.248] 190,55,2
[09:37:02.251] 191,54,17
[09:37:02.256] 192,64,10
[09:37:02.259] 193,70,4
[09:37:02.259] 194,73,0
[09:37:02.262] 195,71,6
[09:37:02.265] 196,60,9
[09:37:02.268] 197,57,4
[09:37:02.275] 198,43,4
[09:37:02.275] 199,31,3
[09:37:03.499] [SysEx TX] F0 00 7D 00 05 03 00 00 02 02 F7
[09:37:03.504] [SCOPE] input=0 pad_type=2 head_ch=1 rim_ch=0 head_peak=4095 rim_peak=491 decision=HEAD samples=200
[09:37:03.505] T,H,R
[09:37:03.508] 0,2,8
[09:37:03.510] 1,3,7
[09:37:03.514] 2,3,7
[09:37:03.516] 3,2,4
[09:37:03.518] 4,2,8
[09:37:03.525] 5,5,9
[09:37:03.525] 6,7,7
[09:37:03.526] 7,5,7
[09:37:03.529] 8,8,10
[09:37:03.534] 9,4,4
[09:37:03.540] 10,6,2
[09:37:03.541] 11,5,14
[09:37:03.542] 12,3,7
[09:37:03.546] 13,5,7
[09:37:03.548] 14,2,2
[09:37:03.551] 15,3,5
[09:37:03.554] 16,5,9
[09:37:03.563] 17,2,8
[09:37:03.563] 18,5,9
[09:37:03.564] 19,2,4
[09:37:03.564] 20,2,4
[09:37:03.569] 21,6,2
[09:37:03.571] 22,3,7
[09:37:03.574] 23,7,7
[09:37:03.577] 24,5,7
[09:37:03.581] 25,0,2
[09:37:03.587] 26,2,4
[09:37:03.587] 27,5,6
[09:37:03.589] 28,3,5
[09:37:03.591] 29,2,3
[09:37:03.594] 30,2,8
[09:37:03.597] 31,2,10
[09:37:03.600] 32,2,4
[09:37:03.615] 33,3,5
[09:37:03.615] 34,3,5
[09:37:03.615] 35,2,2
[09:37:03.615] 36,6,2
[09:37:03.621] 37,2,2
[09:37:03.622] 38,0,8
[09:37:03.627] 39,6,4
[09:37:03.627] 40,4,9
[09:37:03.632] 41,3,5
[09:37:03.633] 42,3,5
[09:37:03.644] 43,3,7
[09:37:03.644] 44,2,3
[09:37:03.644] 45,6,4
[09:37:03.645] 46,1,2
[09:37:03.651] 47,2,3
[09:37:03.653] 48,3,3
[09:37:03.658] 49,3,5
[09:37:03.659] 50,3,5
[09:37:03.665] 51,5,2
[09:37:03.666] 52,2,8
[09:37:03.667] 53,5,7
[09:37:03.670] 54,3,5
[09:37:03.672] 55,5,8
[09:37:03.675] 56,2,5
[09:37:03.678] 57,2,2
[09:37:03.680] 58,3,2
[09:37:03.684] 59,3,5
[09:37:03.692] 60,2,2
[09:37:03.692] 61,2,8
[09:37:03.692] 62,5,5
[09:37:03.695] 63,5,2
[09:37:03.697] 64,5,5
[09:37:03.700] 65,2,3
[09:37:03.702] 66,3,5
[09:37:03.706] 67,2,3
[09:37:03.708] 68,2,3
[09:37:03.711] 69,0,2
[09:37:03.713] 70,2,2
[09:37:03.717] 71,5,3
[09:37:03.720] 72,2,4
[09:37:03.722] 73,3,3
[09:37:03.725] 74,2,2
[09:37:03.732] 75,1,2
[09:37:03.732] 76,2,8
[09:37:03.733] 77,5,2
[09:37:03.735] 78,5,7
[09:37:03.745] 79,2,2
[09:37:03.745] 80,2,2
[09:37:03.746] 81,5,7
[09:37:03.749] 82,5,5
[09:37:03.753] 83,5,7
[09:37:03.756] 84,5,6
[09:37:03.759] 85,6,7
[09:37:03.761] 86,2,8
[09:37:03.771] 87,3,2
[09:37:03.771] 88,21,0
[09:37:03.772] 89,17,0
[09:37:03.777] 90,1,0
[09:37:03.779] 91,0,0
[09:37:03.782] 92,0,0
[09:37:03.788] 93,0,26
[09:37:03.788] 94,0,9
[09:37:03.794] 95,0,2
[09:37:03.796] 96,0,0
[09:37:03.796] 97,0,0
[09:37:03.798] 98,0,0
[09:37:03.802] 99,0,0
[09:37:03.805] 100,70,134
[09:37:03.809] 101,845,238
[09:37:03.810] 102,1881,377
[09:37:03.812] 103,2861,63
[09:37:03.816] 104,3577,0
[09:37:03.818] 105,3942,0
[09:37:03.821] 106,4014,0
[09:37:03.824] 107,4095,153
[09:37:03.826] 108,4095,238
[09:37:03.831] 109,4095,295
[09:37:03.832] 110,4095,169
[09:37:03.834] 111,4095,2
[09:37:03.838] 112,4095,42
[09:37:03.849] 113,4095,33
[09:37:03.849] 114,4095,96
[09:37:03.850] 115,4095,102
[09:37:03.853] 116,4095,148
[09:37:03.856] 117,4095,326
[09:37:03.859] 118,4095,302
[09:37:03.861] 119,4095,467
[09:37:03.870] 120,4095,443
[09:37:03.871] 121,4095,107
[09:37:03.871] 122,4095,41
[09:37:03.873] 123,4095,128
[09:37:03.876] 124,4095,402
[09:37:03.879] 125,3502,412
[09:37:03.883] 126,3145,377
[09:37:03.885] 127,2858,447
[09:37:03.887] 128,2569,315
[09:37:03.895] 129,2487,369
[09:37:03.895] 130,2698,340
[09:37:03.897] 131,2845,345
[09:37:03.900] 132,2959,395
[09:37:03.906] 133,3146,338
[09:37:03.906] 134,3214,488
[09:37:03.923] 135,3036,491
[09:37:03.923] 136,2904,478
[09:37:03.923] 137,2745,404
[09:37:03.923] 138,2486,316
[09:37:03.933] 139,2313,350
[09:37:03.934] 140,2345,288
[09:37:03.937] 141,2311,414
[09:37:03.939] 142,2123,448
[09:37:03.955] 143,2025,472
[09:37:03.955] 144,1966,425
[09:37:03.955] 145,1894,282
[09:37:03.957] 146,1885,336
[09:37:03.960] 147,1965,248
[09:37:03.963] 148,2041,281
[09:37:03.966] 149,2083,274
[09:37:03.973] 150,1493,224
[09:37:03.973] 151,726,314
[09:37:03.974] 152,454,261
[09:37:03.978] 153,335,277
[09:37:03.980] 154,516,249
[09:37:03.983] 155,1168,239
[09:37:03.985] 156,1706,332
[09:37:03.989] 157,1974,368
[09:37:03.992] 158,2155,346
[09:37:03.994] 159,2104,242
[09:37:04.000] 160,1898,282
[09:37:04.000] 161,1753,242
[09:37:04.001] 162,1753,250
[09:37:04.013] 163,1808,367
[09:37:04.019] 164,1760,373
[09:37:04.019] 165,1686,397
[09:37:04.020] 166,1593,318
[09:37:04.021] 167,1528,238
[09:37:04.024] 168,1510,239
[09:37:04.027] 169,1507,335
[09:37:04.030] 170,1453,442
[09:37:04.038] 171,1423,409
[09:37:04.038] 172,1366,304
[09:37:04.039] 173,1343,187
[09:37:04.041] 174,1370,170
[09:37:04.046] 175,1375,308
[09:37:04.055] 176,1377,309
[09:37:04.058] 177,1366,304
[09:37:04.062] 178,1380,170
[09:37:04.065] 179,1373,138
[09:37:04.068] 180,1288,201
[09:37:04.076] 181,1192,259
[09:37:04.076] 182,1184,242
[09:37:04.076] 183,1089,159
[09:37:04.084] 184,758,266
[09:37:04.084] 185,585,269
[09:37:04.084] 186,593,214
[09:37:04.087] 187,558,149
[09:37:04.091] 188,420,163
[09:37:04.096] 189,364,282
[09:37:04.100] 190,463,245
[09:37:04.100] 191,669,233
[09:37:04.101] 192,944,235
[09:37:04.104] 193,1193,251
[09:37:04.107] 194,1413,340
[09:37:04.110] 195,1502,285
[09:37:04.115] 196,1443,281
[09:37:04.116] 197,1254,219
[09:37:04.117] 198,1065,217
[09:37:04.121] 199,923,267
[09:37:04.131] [SysEx TX] F0 00 7D 00 05 03 00 00 7C 7C F7
[09:37:04.140] [SCOPE] input=0 pad_type=2 head_ch=1 rim_ch=0 head_peak=4095 rim_peak=491 decision=HEAD samples=200
[09:37:04.141] T,H,R
[09:37:04.142] 0,3,5
[09:37:04.143] 1,2,2
[09:37:04.154] 2,6,2
[09:37:04.154] 3,2,2
[09:37:04.154] 4,0,8
[09:37:04.154] 5,6,4
[09:37:04.161] 6,4,9
[09:37:04.162] 7,3,5
[09:37:04.165] 8,3,5
[09:37:04.167] 9,3,7
[09:37:04.170] 10,2,3
[09:37:04.178] 11,6,4
[09:37:04.178] 12,1,2
[09:37:04.178] 13,2,3
[09:37:04.179] 14,3,3
[09:37:04.185] 15,3,5
[09:37:04.187] 16,3,5
[09:37:04.201] 17,5,2
[09:37:04.201] 18,2,8
[09:37:04.201] 19,5,7
[09:37:04.201] 20,3,5
[09:37:04.207] 21,5,8
[09:37:04.212] 22,2,5
[09:37:04.213] 23,2,2
[09:37:04.218] 24,3,2
[09:37:04.219] 25,3,5
[09:37:04.220] 26,2,2
[09:37:04.224] 27,2,8
[09:37:04.226] 28,5,5
[09:37:04.232] 29,5,2
[09:37:04.233] 30,5,5
[09:37:04.234] 31,2,3
[09:37:04.236] 32,3,5
[09:37:04.241] 33,2,3
[09:37:04.242] 34,2,3
[09:37:04.244] 35,0,2
[09:37:04.248] 36,2,2
[09:37:04.255] 37,5,3
[09:37:04.257] 38,2,4
[09:37:04.257] 39,3,3
[09:37:04.261] 40,2,2
[09:37:04.264] 41,1,2
[09:37:04.265] 42,2,8
[09:37:04.269] 43,5,2
[09:37:04.272] 44,5,7
[09:37:04.280] 45,2,2
[09:37:04.280] 46,2,2
[09:37:04.281] 47,5,7
[09:37:04.281] 48,5,5
[09:37:04.285] 49,5,7
[09:37:04.288] 50,5,6
[09:37:04.291] 51,6,7
[09:37:04.294] 52,2,8
[09:37:04.297] 53,3,2
[09:37:04.299] 54,21,0
[09:37:04.307] 55,17,0
[09:37:04.307] 56,1,0
[09:37:04.307] 57,0,0
[09:37:04.309] 58,0,0
[09:37:04.313] 59,0,26
[09:37:04.315] 60,0,9
[09:37:04.321] 61,0,2
[09:37:04.323] 62,0,0
[09:37:04.324] 63,0,0
[09:37:04.328] 64,0,0
[09:37:04.331] 65,0,0
[09:37:04.334] 66,70,134
[09:37:04.336] 67,845,238
[09:37:04.338] 68,1881,377
[09:37:04.343] 69,2861,63
[09:37:04.344] 70,3577,0
[09:37:04.345] 71,3942,0
[09:37:04.348] 72,4014,0
[09:37:04.354] 73,4095,153
[09:37:04.371] 74,4095,238
[09:37:04.371] 75,4095,295
[09:37:04.371] 76,4095,169
[09:37:04.371] 77,4095,2
[09:37:04.387] 78,4095,42
[09:37:04.387] 79,4095,33
[09:37:04.389] 80,4095,96
[09:37:04.389] 81,4095,102
[09:37:04.392] 82,4095,148
[09:37:04.396] 83,4095,326
[09:37:04.398] 84,4095,302
[09:37:04.402] 85,4095,467
[09:37:04.407] 86,4095,443
[09:37:04.408] 87,4095,107
[09:37:04.410] 88,4095,41
[09:37:04.411] 89,4095,128
[09:37:04.417] 90,4095,402
[09:37:04.418] 91,3502,412
[09:37:04.419] 92,3145,377
[09:37:04.433] 93,2858,447
[09:37:04.433] 94,2569,315
[09:37:04.433] 95,2487,369
[09:37:04.433] 96,2698,340
[09:37:04.438] 97,2845,345
[09:37:04.441] 98,2959,395
[09:37:04.446] 99,3146,338
[09:37:04.447] 100,3214,488
[09:37:04.449] 101,3036,491
[09:37:04.451] 102,2904,478
[09:37:04.458] 103,2745,404
[09:37:04.460] 104,2486,316
[09:37:04.463] 105,2313,350
[09:37:04.465] 106,2345,288
[09:37:04.468] 107,2311,414
[09:37:04.471] 108,2123,448
[09:37:04.475] 109,2025,472
[09:37:04.478] 110,1966,425
[09:37:04.484] 111,1894,282
[09:37:04.485] 112,1885,336
[09:37:04.486] 113,1965,248
[09:37:04.486] 114,2041,281
[09:37:04.489] 115,2083,274
[09:37:04.492] 116,1493,224
[09:37:04.495] 117,726,314
[09:37:04.497] 118,454,261
[09:37:04.500] 119,335,277
[09:37:04.505] 120,516,249
[09:37:04.511] 121,1168,239
[09:37:04.511] 122,1706,332
[09:37:04.512] 123,1974,368
[09:37:04.514] 124,2155,346
[09:37:04.519] 125,2104,242
[09:37:04.521] 126,1898,282
[09:37:04.527] 127,1753,242
[09:37:04.527] 128,1753,250
[09:37:04.529] 129,1808,367
[09:37:04.531] 130,1760,373
[09:37:04.534] 131,1686,397
[09:37:04.536] 132,1593,318
[09:37:04.539] 133,1528,238
[09:37:04.542] 134,1510,239
[09:37:04.548] 135,1507,335
[09:37:04.549] 136,1453,442
[09:37:04.550] 137,1423,409
[09:37:04.552] 138,1366,304
[09:37:04.561] 139,1343,187
[09:37:04.563] 140,1370,170
[09:37:04.563] 141,1375,308
[09:37:04.564] 142,1377,309
[09:37:04.567] 143,1366,304
[09:37:04.570] 144,1380,170
[09:37:04.573] 145,1373,138
[09:37:04.576] 146,1288,201
[09:37:04.578] 147,1192,259
[09:37:04.602] 148,1184,242
[09:37:04.602] 149,1089,159
[09:37:04.602] 150,758,266
[09:37:04.602] 151,585,269
[09:37:04.611] 152,593,214
[09:37:04.611] 153,558,149
[09:37:04.618] 154,420,163
[09:37:04.618] 155,364,282
[09:37:04.619] 156,463,245
[09:37:04.621] 157,669,233
[09:37:04.624] 158,944,235
[09:37:04.627] 159,1193,251
[09:37:04.630] 160,1413,340
[09:37:04.634] 161,1502,285
[09:37:04.636] 162,1443,281
[09:37:04.641] 163,1254,219
[09:37:04.641] 164,1065,217
[09:37:04.643] 165,923,267
[09:37:04.647] 166,851,222
[09:37:04.653] 167,869,267
[09:37:04.653] 168,937,262
[09:37:04.654] 169,982,238
[09:37:04.656] 170,998,245
[09:37:04.667] 171,988,152
[09:37:04.667] 172,985,154
[09:37:04.667] 173,987,148
[09:37:04.669] 174,984,166
[09:37:04.679] 175,939,182
[09:37:04.679] 176,828,117
[09:37:04.679] 177,739,97
[09:37:04.681] 178,713,71
[09:37:04.690] 179,589,141
[09:37:04.690] 180,437,179
[09:37:04.691] 181,182,122
[09:37:04.693] 182,40,102
[09:37:04.704] 183,58,88
[09:37:04.705] 184,83,125
[09:37:04.705] 185,192,183
[09:37:04.705] 186,397,219
[09:37:04.713] 187,733,173
[09:37:04.713] 188,1032,153
[09:37:04.716] 189,1183,153
[09:37:04.717] 190,1241,159
[09:37:04.723] 191,1124,181
[09:37:04.723] 192,931,210
[09:37:04.727] 193,754,232
[09:37:04.732] 194,633,217
[09:37:04.733] 195,574,226
[09:37:04.734] 196,591,201
[09:37:04.737] 197,665,175
[09:37:04.740] 198,740,198
[09:37:04.743] 199,781,177
[09:37:04.755] [SysEx TX] F0 00 7D 00 05 03 00 00 28 28 F7
[09:37:04.759] [SCOPE] input=0 pad_type=2 head_ch=1 rim_ch=0 head_peak=2155 rim_peak=442 decision=HEAD samples=200
[09:37:04.773] T,H,R
[09:37:04.773] 0,335,277
[09:37:04.774] 1,516,249
[09:37:04.776] 2,1168,239
[09:37:04.779] 3,1706,332
[09:37:04.782] 4,1974,368
[09:37:04.785] 5,2155,346
[09:37:04.792] 6,2104,242
[09:37:04.792] 7,1898,282
[09:37:04.793] 8,1753,242
[09:37:04.797] 9,1753,250
[09:37:04.800] 10,1808,367
[09:37:04.803] 11,1760,373
[09:37:04.805] 12,1686,397
[09:37:04.807] 13,1593,318
[09:37:04.812] 14,1528,238
[09:37:04.815] 15,1510,239
[09:37:04.817] 16,1507,335
[09:37:04.818] 17,1453,442
[09:37:04.821] 18,1423,409
[09:37:04.825] 19,1366,304
[09:37:04.827] 20,1343,187
[09:37:04.833] 21,1370,170
[09:37:04.835] 22,1375,308
[09:37:04.835] 23,1377,309
[09:37:04.838] 24,1366,304
[09:37:04.841] 25,1380,170
[09:37:04.844] 26,1373,138
[09:37:04.846] 27,1288,201
[09:37:04.849] 28,1192,259
[09:37:04.856] 29,1184,242
[09:37:04.858] 30,1089,159
[09:37:04.858] 31,758,266
[09:37:04.859] 32,585,269
[09:37:04.871] 33,593,214
[09:37:04.872] 34,558,149
[09:37:04.872] 35,420,163
[09:37:04.875] 36,364,282
[09:37:04.880] 37,463,245
[09:37:04.881] 38,669,233
[09:37:04.882] 39,944,235
[09:37:04.885] 40,1193,251
[09:37:04.894] 41,1413,340
[09:37:04.895] 42,1502,285
[09:37:04.895] 43,1443,281
[09:37:04.897] 44,1254,219
[09:37:04.901] 45,1065,217
[09:37:04.912] 46,923,267
[09:37:04.912] 47,851,222
[09:37:04.915] 48,869,267
[09:37:04.916] 49,937,262
[09:37:04.921] 50,982,238
[09:37:04.921] 51,998,245
[09:37:04.923] 52,988,152
[09:37:04.925] 53,985,154
[09:37:04.929] 54,987,148
[09:37:04.931] 55,984,166
[09:37:04.935] 56,939,182
[09:37:04.936] 57,828,117
[09:37:04.938] 58,739,97
[09:37:04.941] 59,713,71
[09:37:04.945] 60,589,141
[09:37:04.948] 61,437,179
[09:37:04.949] 62,182,122
[09:37:04.954] 63,40,102
[09:37:04.958] 64,58,88
[09:37:04.959] 65,83,125
[09:37:04.960] 66,192,183
[09:37:04.962] 67,397,219
[09:37:04.966] 68,733,173
[09:37:04.979] 69,1032,153
[09:37:04.980] 70,1183,153
[09:37:04.983] 71,1241,159
[09:37:04.985] 72,1124,181
[09:37:04.986] 73,931,210
[09:37:04.990] 74,754,232
[09:37:04.998] 75,633,217
[09:37:04.998] 76,574,226
[09:37:04.999] 77,591,201
[09:37:05.002] 78,665,175
[09:37:05.006] 79,740,198
[09:37:05.007] 80,781,177
[09:37:05.010] 81,772,182
[09:37:05.014] 82,722,180
[09:37:05.016] 83,679,139
[09:37:05.026] 84,668,141
[09:37:05.026] 85,666,124
[09:37:05.027] 86,678,123
[09:37:05.028] 87,687,121
[09:37:05.032] 88,700,93
[09:37:05.037] 89,694,58
[09:37:05.038] 90,431,45
[09:37:05.040] 91,117,65
[09:37:05.042] 92,0,84
[09:37:05.045] 93,0,79
[09:37:05.050] 94,0,75
[09:37:05.051] 95,0,89
[09:37:05.053] 96,44,93
[09:37:05.056] 97,320,108
[09:37:05.063] 98,617,81
[09:37:05.063] 99,901,71
[09:37:05.064] 100,1049,83
[09:37:05.066] 101,1113,111
[09:37:05.077] 102,1080,128
[09:37:05.078] 103,1019,115
[09:37:05.079] 104,919,99
[09:37:05.085] 105,739,111
[09:37:05.090] 106,619,143
[09:37:05.091] 107,569,169
[09:37:05.098] 108,557,173
[09:37:05.099] 109,557,162
[09:37:05.099] 110,573,135
[09:37:05.100] 111,615,145
[09:37:05.106] 112,645,141
[09:37:05.108] 113,648,118
[09:37:05.111] 114,660,109
[09:37:05.114] 115,633,73
[09:37:05.119] 116,617,88
[09:37:05.127] 117,596,72
[09:37:05.127] 118,553,107
[09:37:05.129] 119,431,78
[09:37:05.132] 120,268,71
[09:37:05.135] 121,141,72
[09:37:05.141] 122,0,44
[09:37:05.141] 123,0,89
[09:37:05.143] 124,0,83
[09:37:05.146] 125,0,73
[09:37:05.149] 126,33,64
[09:37:05.154] 127,208,39
[09:37:05.154] 128,461,77
[09:37:05.157] 129,688,77
[09:37:05.165] 130,809,77
[09:37:05.165] 131,870,115
[09:37:05.166] 132,856,77
[09:37:05.167] 133,781,75
[09:37:05.170] 134,630,78
[09:37:05.180] 135,493,122
[09:37:05.181] 136,413,128
[09:37:05.186] 137,393,125
[09:37:05.188] 138,399,120
[09:37:05.191] 139,438,116
[09:37:05.194] 140,473,107
[09:37:05.203] 141,499,103
[09:37:05.203] 142,506,92
[09:37:05.203] 143,493,115
[09:37:05.206] 144,469,104
[09:37:05.209] 145,441,100
[09:37:05.214] 146,416,94
[09:37:05.214] 147,437,88
[09:37:05.217] 148,446,57
[09:37:05.222] 149,460,50
[09:37:05.228] 150,385,64
[09:37:05.228] 151,66,51
[09:37:05.229] 152,0,58
[09:37:05.231] 153,0,47
[09:37:05.234] 154,0,23
[09:37:05.238] 155,0,69
[09:37:05.243] 156,0,57
[09:37:05.243] 157,173,59
[09:37:05.244] 158,402,59
[09:37:05.247] 159,634,51
[09:37:05.250] 160,788,45
[09:37:05.255] 161,850,33
[09:37:05.255] 162,873,43
[09:37:05.258] 163,845,64
[09:37:05.261] 164,773,101
[09:37:05.267] 165,636,99
[09:37:05.268] 166,507,93
[09:37:05.269] 167,453,87
[09:37:05.271] 168,445,57
[09:37:05.280] 169,473,89
[09:37:05.281] 170,520,100
[09:37:05.282] 171,554,106
[09:37:05.283] 172,560,109
[09:37:05.286] 173,538,93
[09:37:05.291] 174,495,84
[09:37:05.291] 175,478,83
[09:37:05.294] 176,471,83
[09:37:05.297] 177,470,77
[09:37:05.304] 178,478,68
[09:37:05.305] 179,432,73
[09:37:05.305] 180,278,44
[09:37:05.308] 181,94,65
[09:37:05.312] 182,0,58
[09:37:05.314] 183,0,40
[09:37:05.317] 184,0,51
[09:37:05.319] 185,0,32
[09:37:05.323] 186,114,52
[09:37:05.328] 187,270,54
[09:37:05.329] 188,420,47
[09:37:05.330] 189,572,56
[09:37:05.333] 190,661,18
[09:37:05.336] 191,650,36
[09:37:05.340] 192,624,43
[09:37:05.355] 193,608,56
[09:37:05.355] 194,583,79
[09:37:05.355] 195,538,48
[09:37:05.359] 196,478,68
[09:37:05.361] 197,399,73
[09:37:05.364] 198,359,68
[09:37:05.368] 199,346,80
[09:37:05.383] [SysEx TX] F0 00 7D 00 05 03 01 00 02 02 F7
[09:37:05.391] [SysEx TX] F0 00 7D 00 05 03 00 00 01 01 F7
[09:37:05.396] [SCOPE] input=0 pad_type=2 head_ch=1 rim_ch=0 head_peak=161 rim_peak=24 decision=HEAD samples=200
[09:37:05.397] T,H,R
[09:37:05.406] 0,0,0
[09:37:05.408] 1,0,0
[09:37:05.409] 2,3,5
[09:37:05.409] 3,41,1
[09:37:05.412] 4,74,0
[09:37:05.415] 5,95,3
[09:37:05.418] 6,112,0
[09:37:05.421] 7,138,1
[09:37:05.432] 8,145,2
[09:37:05.432] 9,161,1
[09:37:05.432] 10,153,0
[09:37:05.436] 11,143,2
[09:37:05.441] 12,156,1
[09:37:05.442] 13,154,2
[09:37:05.443] 14,150,4
[09:37:05.448] 15,140,3
[09:37:05.449] 16,128,2
[09:37:05.451] 17,112,4
[09:37:05.454] 18,98,2
[09:37:05.457] 19,77,4
[09:37:05.459] 20,54,0
[09:37:05.462] 21,27,0
[09:37:05.465] 22,0,1
[09:37:05.471] 23,0,0
[09:37:05.471] 24,0,0
[09:37:05.472] 25,0,4
[09:37:05.475] 26,0,0
[09:37:05.485] 27,0,0
[09:37:05.485] 28,0,6
[09:37:05.486] 29,0,1
[09:37:05.489] 30,0,0
[09:37:05.492] 31,0,2
[09:37:05.497] 32,0,5
[09:37:05.499] 33,0,2
[09:37:05.501] 34,19,3
[09:37:05.509] 35,48,2
[09:37:05.512] 36,75,5
[09:37:05.514] 37,102,7
[09:37:05.516] 38,129,2
[09:37:05.519] 39,139,3
[09:37:05.522] 40,160,6
[09:37:05.524] 41,156,7
[09:37:05.527] 42,147,7
[09:37:05.536] 43,153,16
[09:37:05.536] 44,149,1
[09:37:05.536] 45,139,7
[09:37:05.538] 46,135,7
[09:37:05.542] 47,108,17
[09:37:05.550] 48,98,3
[09:37:05.551] 49,68,3
[09:37:05.551] 50,40,16
[09:37:05.553] 51,8,2
[09:37:05.556] 52,0,10
[09:37:05.562] 53,0,7
[09:37:05.562] 54,0,4
[09:37:05.563] 55,0,6
[09:37:05.567] 56,0,2
[09:37:05.572] 57,0,4
[09:37:05.573] 58,0,6
[09:37:05.574] 59,0,6
[09:37:05.577] 60,0,7
[09:37:05.583] 61,0,6
[09:37:05.588] 62,0,9
[09:37:05.588] 63,0,7
[09:37:05.591] 64,16,1
[09:37:05.593] 65,29,14
[09:37:05.596] 66,50,7
[09:37:05.599] 67,82,18
[09:37:05.602] 68,102,18
[09:37:05.605] 69,112,14
[09:37:05.612] 70,125,8
[09:37:05.612] 71,137,6
[09:37:05.613] 72,133,15
[09:37:05.615] 73,134,10
[09:37:05.618] 74,122,10
[09:37:05.621] 75,109,12
[09:37:05.624] 76,105,7
[09:37:05.628] 77,102,9
[09:37:05.632] 78,92,6
[09:37:05.637] 79,80,15
[09:37:05.637] 80,53,5
[09:37:05.638] 81,41,9
[09:37:05.642] 82,3,3
[09:37:05.646] 83,0,9
[09:37:05.648] 84,0,10
[09:37:05.656] 85,0,18
[09:37:05.657] 86,0,10
[09:37:05.657] 87,0,6
[09:37:05.658] 88,0,17
[09:37:05.667] 89,0,10
[09:37:05.667] 90,0,3
[09:37:05.667] 91,0,8
[09:37:05.669] 92,0,0
[09:37:05.675] 93,0,15
[09:37:05.676] 94,0,19
[09:37:05.677] 95,21,20
[09:37:05.680] 96,43,14
[09:37:05.691] 97,64,21
[09:37:05.692] 98,94,20
[09:37:05.692] 99,105,18
[09:37:05.697] 100,121,22
[09:37:05.698] 101,134,14
[09:37:05.702] 102,137,19
[09:37:05.703] 103,124,19
[09:37:05.706] 104,120,16
[09:37:05.715] 105,110,14
[09:37:05.715] 106,107,18
[09:37:05.715] 107,97,18
[09:37:05.716] 108,77,14
[09:37:05.721] 109,58,10
[09:37:05.724] 110,51,12
[09:37:05.725] 111,30,10
[09:37:05.728] 112,5,21
[09:37:05.733] 113,0,10
[09:37:05.739] 114,0,16
[09:37:05.739] 115,0,9
[09:37:05.740] 116,0,6
[09:37:05.744] 117,0,17
[09:37:05.746] 118,0,16
[09:37:05.749] 119,0,5
[09:37:05.756] 120,0,7
[09:37:05.756] 121,0,7
[09:37:05.757] 122,0,6
[09:37:05.759] 123,0,10
[09:37:05.762] 124,0,10
[09:37:05.766] 125,2,13
[09:37:05.769] 126,19,16
[09:37:05.771] 127,42,19
[09:37:05.775] 128,62,22
[09:37:05.778] 129,84,11
[09:37:05.782] 130,100,20
[09:37:05.782] 131,118,12
[09:37:05.795] 132,110,19
[09:37:05.795] 133,118,9
[09:37:05.795] 134,116,24
[09:37:05.796] 135,104,20
[09:37:05.799] 136,96,21
[09:37:05.819] 137,94,7
[09:37:05.819] 138,88,19
[09:37:05.820] 139,73,18
[09:37:05.820] 140,65,7
[09:37:05.823] 141,48,11
[09:37:05.826] 142,24,7
[09:37:05.829] 143,0,10
[09:37:05.832] 144,0,7
[09:37:05.836] 145,0,11
[09:37:05.842] 146,0,4
[09:37:05.842] 147,0,2
[09:37:05.842] 148,0,4
[09:37:05.846] 149,0,7
[09:37:05.849] 150,0,9
[09:37:05.853] 151,0,10
[09:37:05.857] 152,0,0
[09:37:05.857] 153,0,2
[09:37:05.859] 154,0,4
[09:37:05.862] 155,0,9
[09:37:05.867] 156,20,8
[09:37:05.868] 157,41,7
[09:37:05.871] 158,60,7
[09:37:05.879] 159,78,7
[09:37:05.879] 160,98,5
[09:37:05.880] 161,107,7
[09:37:05.884] 162,111,10
[09:37:05.898] 163,114,14
[09:37:05.898] 164,115,8
[09:37:05.898] 165,111,6
[09:37:05.899] 166,102,10
[09:37:05.904] 167,92,10
[09:37:05.906] 168,82,8
[09:37:05.908] 169,73,1
[09:37:05.911] 170,57,3
[09:37:05.920] 171,41,2
[09:37:05.920] 172,34,3
[09:37:05.920] 173,12,10
[09:37:05.927] 174,0,5
[09:37:05.935] 175,0,1
[09:37:05.935] 176,0,4
[09:37:05.935] 177,0,0
[09:37:05.949] 178,0,2
[09:37:05.950] 179,0,0
[09:37:05.950] 180,0,2
[09:37:05.951] 181,0,4
[09:37:05.955] 182,0,1
[09:37:05.959] 183,0,2
[09:37:05.960] 184,0,7
[09:37:05.962] 185,2,3
[09:37:05.966] 186,11,5
[09:37:05.969] 187,27,2
[09:37:05.982] 188,53,8
[09:37:05.982] 189,71,2
[09:37:05.984] 190,84,2
[09:37:05.986] 191,99,3
[09:37:06.003] 192,103,2
[09:37:06.003] 193,104,5
[09:37:06.009] 194,101,0
[09:37:06.012] 195,109,2
[09:37:06.022] 196,105,8
[09:37:06.023] 197,100,3
[09:37:06.025] 198,93,3
[09:37:06.025] 199,80,2
[09:37:06.052] [SysEx TX] F0 00 7D 00 05 03 01 00 01 01 F7
[09:37:07.827] [SysEx TX] F0 00 7D 00 05 03 00 00 7F 7F F7
[09:37:07.829] [SCOPE] input=0 pad_type=2 head_ch=1 rim_ch=0 head_peak=4095 rim_peak=1010 decision=HEAD samples=200
[09:37:07.829] T,H,R
[09:37:07.831] 0,5,7
[09:37:07.835] 1,3,7
[09:37:07.841] 2,5,7
[09:37:07.841] 3,3,8
[09:37:07.843] 4,8,5
[09:37:07.845] 5,7,3
[09:37:07.849] 6,2,7
[09:37:07.851] 7,8,4
[09:37:07.854] 8,8,2
[09:37:07.857] 9,3,7
[09:37:07.863] 10,3,7
[09:37:07.864] 11,2,4
[09:37:07.864] 12,3,7
[09:37:07.868] 13,2,2
[09:37:07.871] 14,5,6
[09:37:07.874] 15,2,7
[09:37:07.876] 16,3,7
[09:37:07.879] 17,2,8
[09:37:07.886] 18,5,6
[09:37:07.886] 19,5,7
[09:37:07.888] 20,2,7
[09:37:07.892] 21,2,4
[09:37:07.894] 22,2,2
[09:37:07.896] 23,5,9
[09:37:07.899] 24,2,4
[09:37:07.902] 25,5,7
[09:37:07.904] 26,5,9
[09:37:07.907] 27,3,5
[09:37:07.910] 28,2,3
[09:37:07.913] 29,2,4
[09:37:07.918] 30,6,8
[09:37:07.919] 31,5,7
[09:37:07.921] 32,10,8
[09:37:07.928] 33,2,2
[09:37:07.928] 34,4,3
[09:37:07.929] 35,0,2
[09:37:07.931] 36,5,2
[09:37:07.945] 37,5,7
[09:37:07.945] 38,3,3
[09:37:07.946] 39,2,4
[09:37:07.946] 40,2,2
[09:37:07.949] 41,5,2
[09:37:07.952] 42,5,3
[09:37:07.955] 43,2,3
[09:37:07.958] 44,3,2
[09:37:07.968] 45,2,6
[09:37:07.968] 46,0,2
[09:37:07.969] 47,3,5
[09:37:07.973] 48,4,2
[09:37:07.975] 49,0,2
[09:37:07.978] 50,2,2
[09:37:07.980] 51,3,5
[09:37:07.984] 52,2,2
[09:37:07.989] 53,3,2
[09:37:07.993] 54,2,3
[09:37:07.993] 55,3,2
[09:37:07.995] 56,2,2
[09:37:07.998] 57,3,5
[09:37:08.002] 58,6,6
[09:37:08.003] 59,2,7
[09:37:08.007] 60,2,3
[09:37:08.008] 61,2,2
[09:37:08.011] 62,0,8
[09:37:08.014] 63,6,7
[09:37:08.016] 64,0,3
[09:37:08.019] 65,2,3
[09:37:08.022] 66,5,2
[09:37:08.024] 67,2,3
[09:37:08.030] 68,2,4
[09:37:08.032] 69,2,2
[09:37:08.033] 70,2,2
[09:37:08.036] 71,6,6
[09:37:08.044] 72,2,2
[09:37:08.045] 73,2,2
[09:37:08.046] 74,1,2
[09:37:08.048] 75,2,6
[09:37:08.051] 76,2,3
[09:37:08.072] 77,2,2
[09:37:08.073] 78,0,2
[09:37:08.074] 79,6,5
[09:37:08.074] 80,5,7
[09:37:08.078] 81,3,3
[09:37:08.081] 82,4,2
[09:37:08.083] 83,3,5
[09:37:08.086] 84,5,7
[09:37:08.090] 85,6,3
[09:37:08.095] 86,5,9
[09:37:08.096] 87,2,3
[09:37:08.098] 88,3,5
[09:37:08.102] 89,7,8
[09:37:08.103] 90,3,7
[09:37:08.106] 91,4,4
[09:37:08.109] 92,5,10
[09:37:08.111] 93,3,7
[09:37:08.114] 94,2,4
[09:37:08.117] 95,6,7
[09:37:08.121] 96,4,3
[09:37:08.123] 97,3,7
[09:37:08.125] 98,7,6
[09:37:08.128] 99,2,1
[09:37:08.135] 100,38,0
[09:37:08.135] 101,38,0
[09:37:08.135] 102,50,0
[09:37:08.147] 103,0,0
[09:37:08.152] 104,0,50
[09:37:08.152] 105,0,0
[09:37:08.153] 106,0,33
[09:37:08.157] 107,0,0
[09:37:08.161] 108,0,0
[09:37:08.162] 109,0,0
[09:37:08.171] 110,0,0
[09:37:08.171] 111,0,0
[09:37:08.172] 112,0,22
[09:37:08.173] 113,0,367
[09:37:08.177] 114,244,473
[09:37:08.180] 115,1129,1010
[09:37:08.182] 116,2326,557
[09:37:08.185] 117,3548,300
[09:37:08.188] 118,4095,3
[09:37:08.191] 119,4095,0
[09:37:08.195] 120,4095,454
[09:37:08.200] 121,4095,457
[09:37:08.200] 122,4095,687
[09:37:08.202] 123,4095,627
[09:37:08.206] 124,4095,417
[09:37:08.208] 125,4095,413
[09:37:08.211] 126,4095,340
[09:37:08.214] 127,3890,478
[09:37:08.216] 128,2618,609
[09:37:08.219] 129,1719,495
[09:37:08.222] 130,1076,448
[09:37:08.225] 131,682,532
[09:37:08.227] 132,937,569
[09:37:08.230] 133,1433,683
[09:37:08.236] 134,2125,743
[09:37:08.237] 135,2678,681
[09:37:08.239] 136,2621,545
[09:37:08.241] 137,2646,477
[09:37:08.250] 138,2686,710
[09:37:08.250] 139,2698,820
[09:37:08.251] 140,2825,793
[09:37:08.257] 141,2953,745
[09:37:08.258] 142,3054,697
[09:37:08.259] 143,3038,781
[09:37:08.261] 144,2841,723
[09:37:08.265] 145,2444,782
[09:37:08.273] 146,2164,780
[09:37:08.274] 147,1946,880
[09:37:08.275] 148,1769,831
[09:37:08.275] 149,1725,761
[09:37:08.278] 150,1800,822
[09:37:08.281] 151,1916,806
[09:37:08.284] 152,2006,841
[09:37:08.287] 153,2012,702
[09:37:08.290] 154,2064,500
[09:37:08.293] 155,2089,446
[09:37:08.299] 156,2081,545
[09:37:08.299] 157,1423,669
[09:37:08.301] 158,611,689
[09:37:08.304] 159,423,633
[09:37:08.307] 160,397,489
[09:37:08.310] 161,414,303
[09:37:08.312] 162,639,541
[09:37:08.315] 163,853,725
[09:37:08.318] 164,917,635
[09:37:08.321] 165,998,500
[09:37:08.324] 166,1108,385
[09:37:08.327] 167,1257,602
[09:37:08.329] 168,1357,618
[09:37:08.332] 169,1481,614
[09:37:08.338] 170,1657,536
[09:37:08.338] 171,1850,441
[09:37:08.339] 172,2032,541
[09:37:08.343] 173,2118,537
[09:37:08.355] 174,2074,721
[09:37:08.355] 175,1846,717
[09:37:08.355] 176,1652,700
[09:37:08.359] 177,1468,737
[09:37:08.361] 178,1310,511
[09:37:08.364] 179,1249,585
[09:37:08.369] 180,1306,565
[09:37:08.377] 181,1401,654
[09:37:08.377] 182,1479,686
[09:37:08.378] 183,1482,562
[09:37:08.378] 184,1437,560
[09:37:08.381] 185,1375,412
[09:37:08.384] 186,1368,474
[09:37:08.388] 187,1397,478
[09:37:08.392] 188,1138,458
[09:37:08.393] 189,568,475
[09:37:08.401] 190,33,349
[09:37:08.401] 191,0,474
[09:37:08.404] 192,0,417
[09:37:08.404] 193,0,486
[09:37:08.406] 194,0,513
[09:37:08.408] 195,0,446
[09:37:08.412] 196,0,566
[09:37:08.414] 197,0,332
[09:37:08.417] 198,318,329
[09:37:08.420] 199,978,372
[09:37:08.433] [SysEx TX] F0 00 7D 00 05 03 00 00 50 50 F7
[09:37:08.441] [SCOPE] input=0 pad_type=2 head_ch=1 rim_ch=0 head_peak=4095 rim_peak=1010 decision=HEAD samples=200
[09:37:08.441] T,H,R
[09:37:08.441] 0,38,0
[09:37:08.443] 1,50,0
[09:37:08.454] 2,0,0
[09:37:08.454] 3,0,50
[09:37:08.454] 4,0,0
[09:37:08.455] 5,0,33
[09:37:08.460] 6,0,0
[09:37:08.462] 7,0,0
[09:37:08.466] 8,0,0
[09:37:08.468] 9,0,0
[09:37:08.472] 10,0,0
[09:37:08.478] 11,0,22
[09:37:08.479] 12,0,367
[09:37:08.479] 13,244,473
[09:37:08.480] 14,1129,1010
[09:37:08.484] 15,2326,557
[09:37:08.487] 16,3548,300
[09:37:08.490] 17,4095,3
[09:37:08.492] 18,4095,0
[09:37:08.495] 19,4095,454
[09:37:08.503] 20,4095,457
[09:37:08.503] 21,4095,687
[09:37:08.504] 22,4095,627
[09:37:08.507] 23,4095,417
[09:37:08.509] 24,4095,413
[09:37:08.521] 25,4095,340
[09:37:08.521] 26,3890,478
[09:37:08.521] 27,2618,609
[09:37:08.521] 28,1719,495
[09:37:08.537] 29,1076,448
[09:37:08.538] 30,682,532
[09:37:08.538] 31,937,569
[09:37:08.538] 32,1433,683
[09:37:08.543] 33,2125,743
[09:37:08.545] 34,2678,681
[09:37:08.549] 35,2621,545
[09:37:08.558] 36,2646,477
[09:37:08.559] 37,2686,710
[09:37:08.559] 38,2698,820
[09:37:08.561] 39,2825,793
[09:37:08.565] 40,2953,745
[09:37:08.567] 41,3054,697
[09:37:08.570] 42,3038,781
[09:37:08.573] 43,2841,723
[09:37:08.581] 44,2444,782
[09:37:08.582] 45,2164,780
[09:37:08.584] 46,1946,880
[09:37:08.584] 47,1769,831
[09:37:08.586] 48,1725,761
[09:37:08.589] 49,1800,822
[09:37:08.592] 50,1916,806
[09:37:08.594] 51,2006,841
[09:37:08.598] 52,2012,702
[09:37:08.600] 53,2064,500
[09:37:08.607] 54,2089,446
[09:37:08.608] 55,2081,545
[09:37:08.608] 56,1423,669
[09:37:08.611] 57,611,689
[09:37:08.613] 58,423,633
[09:37:08.616] 59,397,489
[09:37:08.619] 60,414,303
[09:37:08.622] 61,639,541
[09:37:08.625] 62,853,725
[09:37:08.632] 63,917,635
[09:37:08.632] 64,998,500
[09:37:08.634] 65,1108,385
[09:37:08.635] 66,1257,602
[09:37:08.638] 67,1357,618
[09:37:08.644] 68,1481,614
[09:37:08.644] 69,1657,536
[09:37:08.646] 70,1850,441
[09:37:08.649] 71,2032,541
[09:37:08.660] 72,2118,537
[09:37:08.660] 73,2074,721
[09:37:08.661] 74,1846,717
[09:37:08.661] 75,1652,700
[09:37:08.666] 76,1468,737
[09:37:08.669] 77,1310,511
[09:37:08.672] 78,1249,585
[09:37:08.675] 79,1306,565
[09:37:08.683] 80,1401,654
[09:37:08.684] 81,1479,686
[09:37:08.685] 82,1482,562
[09:37:08.686] 83,1437,560
[09:37:08.693] 84,1375,412
[09:37:08.693] 85,1368,474
[09:37:08.694] 86,1397,478
[09:37:08.696] 87,1138,458
[09:37:08.702] 88,568,475
[09:37:08.704] 89,33,349
[09:37:08.709] 90,0,474
[09:37:08.709] 91,0,417
[09:37:08.711] 92,0,486
[09:37:08.714] 93,0,513
[09:37:08.717] 94,0,446
[09:37:08.721] 95,0,566
[09:37:08.733] 96,0,332
[09:37:08.733] 97,318,329
[09:37:08.733] 98,978,372
[09:37:08.733] 99,1566,529
[09:37:08.738] 100,2010,661
[09:37:08.741] 101,2211,569
[09:37:08.749] 102,2101,557
[09:37:08.750] 103,1739,410
[09:37:08.750] 104,1356,463
[09:37:08.752] 105,1080,533
[09:37:08.764] 106,1000,527
[09:37:08.764] 107,1020,617
[09:37:08.765] 108,1165,542
[09:37:08.765] 109,1273,510
[09:37:08.771] 110,1307,446
[09:37:08.771] 111,1299,390
[09:37:08.774] 112,1270,419
[09:37:08.777] 113,1268,382
[09:37:08.786] 114,1245,416
[09:37:08.787] 115,1230,365
[09:37:08.787] 116,1216,372
[09:37:08.794] 117,1199,381
[09:37:08.794] 118,1118,364
[09:37:08.794] 119,527,349
[09:37:08.796] 120,0,224
[09:37:08.800] 121,0,235
[09:37:08.802] 122,0,233
[09:37:08.805] 123,0,277
[09:37:08.813] 124,285,380
[09:37:08.814] 125,815,394
[09:37:08.814] 126,1438,408
[09:37:08.815] 127,1901,342
[09:37:08.821] 128,2080,311
[09:37:08.826] 129,2180,301
[09:37:08.827] 130,2132,244
[09:37:08.830] 131,2012,374
[09:37:08.832] 132,1866,442
[09:37:08.835] 133,1706,498
[09:37:08.840] 134,1581,477
[09:37:08.841] 135,1497,377
[09:37:08.843] 136,1470,384
[09:37:08.849] 137,1466,403
[09:37:08.850] 138,1481,461
[09:37:08.851] 139,1493,457
[09:37:08.854] 140,1488,455
[09:37:08.871] 141,1479,436
[09:37:08.871] 142,1433,379
[09:37:08.871] 143,1397,392
[09:37:08.871] 144,1377,353
[09:37:08.877] 145,1405,313
[09:37:08.880] 146,1434,282
[09:37:08.888] 147,1244,244
[09:37:08.889] 148,841,260
[09:37:08.890] 149,589,282
[09:37:08.890] 150,417,277
[09:37:08.894] 151,153,271
[09:37:09.399] 152,55,277
[09:37:09.399] 153,153,251
[09:37:09.399] 154,410,214
[09:37:09.399] 155,814,214
[09:37:09.399] 156,1229,174
[09:37:09.399] 157,1433,221
[09:37:09.399] 158,1517,254
[09:37:09.399] 159,1492,252
[09:37:09.399] 160,1366,286
[09:37:09.399] 161,1242,227
[09:37:09.399] 162,1199,222
[09:37:09.399] 163,1246,235
[09:37:09.399] 164,1225,297
[09:37:09.399] 165,1225,313
[09:37:09.399] 166,1209,312
[09:37:09.399] 167,1135,339
[09:37:09.399] 168,1054,295
[09:37:09.399] 169,984,338
[09:37:09.399] 170,980,353
[09:37:09.400] 171,973,339
[09:37:09.400] 172,995,345
[09:37:09.400] 173,1017,271
[09:37:09.400] 174,1022,280
[09:37:09.400] 175,1010,274
[09:37:09.400] 176,994,268
[09:37:09.400] 177,980,286
[09:37:09.400] 178,924,246
[09:37:09.400] 179,742,286
[09:37:09.400] 180,446,246
[09:37:09.400] 181,189,221
[09:37:09.400] 182,0,233
[09:37:09.400] 183,0,197
[09:37:09.400] 184,0,245
[09:37:09.400] 185,0,235
[09:37:09.400] 186,73,228
[09:37:09.400] 187,426,221
[09:37:09.400] 188,932,176
[09:37:09.401] 189,1447,214
[09:37:09.401] 190,1805,196
[09:37:09.401] 191,1983,219
[09:37:09.401] 192,1944,208
[09:37:09.401] 193,1727,189
[09:37:09.401] 194,1434,227
[09:37:09.401] 195,1199,222
[09:37:09.401] 196,1082,286
[09:37:09.401] 197,1062,289
[09:37:09.401] 198,1105,246
[09:37:09.401] 199,1172,267
[09:37:09.401] [SysEx TX] F0 00 7D 00 05 03 00 00 18 18 F7
[09:37:09.401] [SCOPE] input=0 pad_type=2 head_ch=1 rim_ch=0 head_peak=1090 rim_peak=162 decision=HEAD samples=200
[09:37:09.401] T,H,R
[09:37:09.402] 0,358,128
[09:37:09.402] 1,219,125
[09:37:09.402] 2,94,121
[09:37:09.402] 3,10,129
[09:37:09.402] 4,0,159
[09:37:09.402] 5,0,126
[09:37:09.402] 6,26,143
[09:37:09.402] 7,176,138
[09:37:09.402] 8,352,140
[09:37:09.402] 9,551,161
[09:37:09.402] 10,713,133
[09:37:09.402] 11,777,140
[09:37:09.402] 12,794,138
[09:37:09.402] 13,714,125
[09:37:09.402] 14,600,151
[09:37:09.402] 15,482,132
[09:37:09.402] 16,384,135
[09:37:09.402] 17,350,143
[09:37:09.403] 18,363,137
[09:37:09.403] 19,381,126
[09:37:09.403] 20,425,120
[09:37:09.403] 21,456,118
[09:37:09.403] 22,478,105
[09:37:09.403] 23,467,123
[09:37:09.403] 24,438,132
[09:37:09.403] 25,405,132
[09:37:09.403] 26,392,137
[09:37:09.403] 27,397,93
[09:37:09.403] 28,415,108
[09:37:09.403] 29,431,103
[09:37:09.403] 30,333,94
[09:37:09.403] 31,24,117
[09:37:09.403] 32,0,116
[09:37:09.403] 33,0,110
[09:37:09.403] 34,0,102
[09:37:09.403] 35,0,135
[09:37:09.404] 36,10,147
[09:37:09.404] 37,239,136
[09:37:09.404] 38,533,162
[09:37:09.404] 39,816,126
[09:37:09.404] 40,1007,126
[09:37:09.404] 41,1090,122
[09:37:09.404] 42,1085,120
[09:37:09.404] 43,1022,139
[09:37:09.404] 44,889,134
[09:37:09.404] 45,743,162
[09:37:09.404] 46,630,150
[09:37:09.404] 47,584,145
[09:37:09.404] 48,570,138
[09:37:09.404] 49,588,146
[09:37:09.405] 50,647,152
[09:37:09.405] 51,676,126
[09:37:09.405] 52,685,123
[09:37:09.405] 53,669,107
[09:37:09.405] 54,651,106
[09:37:09.405] 55,621,138
[09:37:09.405] 56,605,117
[09:37:09.405] 57,599,124
[09:37:09.405] 58,601,95
[09:37:09.405] 59,573,94
[09:37:09.405] 60,505,145
[09:37:09.405] 61,443,94
[09:37:09.405] 62,373,106
[09:37:09.405] 63,284,115
[09:37:09.405] 64,213,148
[09:37:09.406] 65,173,137
[09:37:09.406] 66,198,89
[09:37:09.406] 67,208,120
[09:37:09.406] 68,210,140
[09:37:09.406] 69,232,156
[09:37:09.406] 70,301,143
[09:37:09.406] 71,418,107
[09:37:09.406] 72,534,137
[09:37:09.406] 73,601,132
[09:37:09.406] 74,647,161
[09:37:09.406] 75,680,142
[09:37:09.406] 76,653,118
[09:37:09.406] 77,540,136
[09:37:09.406] 78,425,120
[09:37:09.407] 79,365,138
[09:37:09.407] 80,351,118
[09:37:09.407] 81,347,124
[09:37:09.407] 82,373,143
[09:37:09.407] 83,398,132
[09:37:09.407] 84,409,124
[09:37:09.408] 85,421,80
[09:37:09.408] 86,423,95
[09:37:09.408] 87,414,73
[09:37:09.408] 88,410,74
[09:37:09.408] 89,393,89
[09:37:09.408] 90,313,104
[09:37:09.408] 91,155,114
[09:37:09.408] 92,0,83
[09:37:09.408] 93,0,89
[09:37:09.408] 94,0,89
[09:37:09.408] 95,0,104
[09:37:09.408] 96,0,110
[09:37:09.408] 97,0,105
[09:37:09.408] 98,148,121
[09:37:09.408] 99,349,94
[09:37:09.408] 100,538,106
[09:37:09.408] 101,650,118
[09:37:09.408] 102,701,110
[09:37:09.409] 103,715,126
[09:37:09.409] 104,663,107
[09:37:09.409] 105,548,112
[09:37:09.409] 106,417,117
[09:37:09.410] 107,329,125
[09:37:09.413] 108,301,111
[09:37:09.417] 109,317,109
[09:37:09.425] 110,341,109
[09:37:09.425] 111,373,88
[09:37:09.426] 112,407,95
[09:37:09.430] 113,425,84
[09:37:09.433] 114,420,67
[09:37:09.435] 115,397,86
[09:37:09.441] 116,365,84
[09:37:09.442] 117,358,84
[09:37:09.445] 118,348,73
[09:37:09.447] 119,356,66
[09:37:09.449] 120,367,48
[09:37:09.453] 121,374,64
[09:37:09.455] 122,347,54
[09:37:09.458] 123,201,47
[09:37:09.464] 124,0,64
[09:37:09.467] 125,0,72
[09:37:09.467] 126,0,57
[09:37:09.468] 127,0,53
[09:37:09.479] 128,0,73
[09:37:09.480] 129,90,77
[09:37:09.480] 130,277,85
[09:37:09.481] 131,436,76
[09:37:09.485] 132,574,74
[09:37:09.487] 133,614,76
[09:37:09.489] 134,619,81
[09:37:09.493] 135,617,90
[09:37:09.495] 136,581,83
[09:37:09.503] 137,473,89
[09:37:09.503] 138,374,92
[09:37:09.503] 139,313,79
[09:37:09.508] 140,297,74
[09:37:09.511] 141,297,59
[09:37:09.513] 142,317,79
[09:37:09.516] 143,358,79
[09:37:09.518] 144,380,77
[09:37:09.522] 145,393,58
[09:37:09.532] 146,380,36
[09:37:09.533] 147,369,41
[09:37:09.533] 148,356,43
[09:37:09.534] 149,343,52
[09:37:09.537] 150,325,37
[09:37:09.539] 151,197,26
[09:37:09.543] 152,90,26
[09:37:09.545] 153,23,38
[09:37:09.548] 154,0,50
[09:37:09.550] 155,0,23
[09:37:09.555] 156,36,33
[09:37:09.557] 157,148,54
[09:37:09.559] 158,221,53
[09:37:09.567] 159,298,42
[09:37:09.567] 160,340,41
[09:37:09.567] 161,370,50
[09:37:09.569] 162,396,54
[09:37:09.573] 163,403,52
[09:37:09.582] 164,416,54
[09:37:09.582] 165,429,64
[09:37:09.583] 166,415,64
[09:37:09.585] 167,395,72
[09:37:09.589] 168,350,60
[09:37:09.591] 169,286,54
[09:37:09.594] 170,240,46
[09:37:09.597] 171,216,62
[09:37:09.605] 172,214,60
[09:37:09.605] 173,217,50
[09:37:09.606] 174,238,58
[09:37:09.609] 175,265,60
[09:37:09.612] 176,271,52
[09:37:09.614] 177,264,41
[09:37:09.617] 178,251,23
[09:37:09.620] 179,261,22
[09:37:09.627] 180,255,26
[09:37:09.628] 181,252,47
[09:37:09.632] 182,207,25
[09:37:09.635] 183,90,22
[09:37:09.638] 184,0,34
[09:37:09.640] 185,0,2
[09:37:09.642] 186,0,4
[09:37:09.645] 187,0,13
[09:37:09.647] 188,0,44
[09:37:09.650] 189,0,41
[09:37:09.653] 190,78,28
[09:37:09.656] 191,235,23
[09:37:09.659] 192,371,23
[09:37:09.662] 193,470,31
[09:37:09.665] 194,510,35
[09:37:09.669] 195,537,41
[09:37:09.670] 196,536,34
[09:37:09.673] 197,470,31
[09:37:09.686] 198,345,57
[09:37:09.692] 199,244,47
[09:37:09.707] [SysEx TX] F0 00 7D 00 05 03 00 00 01 01 F7
[09:37:09.708] [SCOPE] input=0 pad_type=2 head_ch=1 rim_ch=0 head_peak=176 rim_peak=32 decision=HEAD samples=200
[09:37:09.709] T,H,R
[09:37:09.711] 0,0,5
[09:37:09.715] 1,0,8
[09:37:09.717] 2,0,21
[09:37:09.720] 3,38,16
[09:37:09.723] 4,60,10
[09:37:09.727] 5,102,17
[09:37:09.734] 6,140,16
[09:37:09.734] 7,142,10
[09:37:09.734] 8,149,20
[09:37:09.737] 9,157,10
[09:37:09.741] 10,167,26
[09:37:09.743] 11,172,16
[09:37:09.748] 12,176,19
[09:37:09.748] 13,176,19
[09:37:09.751] 14,168,18
[09:37:09.755] 15,160,18
[09:37:09.755] 16,148,10
[09:37:09.759] 17,112,7
[09:37:09.761] 18,83,19
[09:37:09.764] 19,47,16
[09:37:09.770] 20,31,10
[09:37:09.772] 21,5,5
[09:37:09.772] 22,0,14
[09:37:09.775] 23,0,3
[09:37:09.798] 24,0,8
[09:37:09.798] 25,0,10
[09:37:09.798] 26,0,4
[09:37:09.802] 27,0,12
[09:37:09.804] 28,0,4
[09:37:09.810] 29,0,10
[09:37:09.811] 30,0,17
[09:37:09.814] 31,0,9
[09:37:09.816] 32,0,10
[09:37:09.820] 33,14,10
[09:37:09.822] 34,43,9
[09:37:09.825] 35,73,21
[09:37:09.829] 36,105,13
[09:37:09.835] 37,121,24
[09:37:09.835] 38,133,18
[09:37:09.838] 39,142,32
[09:37:09.839] 40,145,21
[09:37:09.842] 41,137,21
[09:37:09.845] 42,141,23
[09:37:09.848] 43,147,21
[09:37:09.850] 44,148,18
[09:37:09.853] 45,144,20
[09:37:09.856] 46,137,20
[09:37:09.860] 47,120,14
[09:37:09.862] 48,102,10
[09:37:09.864] 49,72,17
[09:37:09.867] 50,41,9
[09:37:09.890] 51,5,21
[09:37:09.891] 52,0,9
[09:37:09.891] 53,0,7
[09:37:09.896] 54,0,10
[09:37:09.905] 55,0,17
[09:37:09.912] 56,0,7
[09:37:09.912] 57,0,16
[09:37:09.912] 58,0,7
[09:37:09.915] 59,0,2
[09:37:09.919] 60,0,7
[09:37:09.921] 61,0,12
[09:37:09.924] 62,0,3
[09:37:09.928] 63,1,14
[09:37:09.929] 64,24,16
[09:37:09.934] 65,57,20
[09:37:09.939] 66,91,18
[09:37:09.940] 67,111,17
[09:37:09.942] 68,121,22
[09:37:09.943] 69,141,12
[09:37:09.947] 70,150,20
[09:37:09.956] 71,142,24
[09:37:09.957] 72,146,27
[09:37:09.966] 73,144,19
[09:37:09.966] 74,142,16
[09:37:09.967] 75,124,21
[09:37:09.968] 76,118,14
[09:37:09.977] 77,102,24
[09:37:10.017] 78,79,16
[09:37:10.017] 79,61,4
[09:37:10.017] 80,47,23
[09:37:10.018] 81,19,11
[09:37:10.027] 82,0,21
[09:37:10.039] 83,0,14
[09:37:10.040] 84,0,6
[09:37:10.042] 85,0,10
[09:37:10.042] 86,0,7
[09:37:10.049] 87,0,7
[09:37:10.050] 88,0,8
[09:37:10.054] 89,0,1
[09:37:10.059] 90,0,10
[09:37:10.060] 91,0,8
[09:37:10.064] 92,0,10
[09:37:10.069] 93,0,10
[09:37:10.070] 94,1,10
[09:37:10.070] 95,27,19
[09:37:10.084] 96,53,3
[09:37:10.085] 97,79,12
[09:37:10.085] 98,105,14
[09:37:10.085] 99,115,21
[09:37:10.119] 100,141,14
[09:37:10.119] 101,139,10
[09:37:10.119] 102,128,14
[09:37:10.120] 103,144,11
[09:37:10.126] 104,145,19
[09:37:10.128] 105,132,20
[09:37:10.131] 106,129,22
[09:37:10.137] 107,111,17
[09:37:10.145] 108,94,10
[09:37:10.145] 109,86,8
[09:37:10.146] 110,62,3
[09:37:10.146] 111,38,7
[09:37:10.156] 112,8,9
[09:37:10.164] 113,0,15
[09:37:10.164] 114,0,7
[09:37:10.164] 115,0,2
[09:37:10.165] 116,0,16
[09:37:10.169] 117,0,7
[09:37:10.172] 118,0,23
[09:37:10.179] 119,0,9
[09:37:10.179] 120,0,3
[09:37:10.182] 121,0,4
[09:37:10.183] 122,0,1
[09:37:10.203] 123,0,1
[09:37:10.203] 124,20,4
[09:37:10.203] 125,41,3
[09:37:10.204] 126,58,5
[09:37:10.209] 127,75,4
[09:37:10.219] 128,94,7
[09:37:10.219] 129,109,11
[09:37:10.220] 130,122,6
[09:37:10.221] 131,135,10
[09:37:10.227] 132,124,7
[09:37:10.239] 133,124,16
[09:37:10.239] 134,133,7
[09:37:10.240] 135,131,16
[09:37:10.244] 136,112,6
[09:37:10.253] 137,105,2
[09:37:10.253] 138,98,10
[09:37:10.254] 139,88,4
[09:37:10.256] 140,75,3
[09:37:10.267] 141,62,3
[09:37:10.267] 142,45,4
[09:37:10.267] 143,17,7
[09:37:10.270] 144,0,2
[09:37:10.276] 145,0,5
[09:37:10.278] 146,0,2
[09:37:10.288] 147,0,5
[09:37:10.288] 148,0,8
[09:37:10.288] 149,0,5
[09:37:10.289] 150,0,3
[09:37:10.314] 151,0,3
[09:37:10.315] 152,0,1
[09:37:10.325] 153,0,4
[09:37:10.325] 154,0,1
[09:37:10.325] 155,6,4
[09:37:10.326] 156,26,3
[09:37:10.332] 157,57,10
[09:37:10.338] 158,84,5
[09:37:10.338] 159,116,2
[09:37:10.343] 160,135,6
[09:37:10.348] 161,144,2
[09:37:10.349] 162,141,8
[09:37:10.352] 163,137,3
[09:37:10.354] 164,143,7
[09:37:10.356] 165,133,9
[09:37:10.365] 166,121,6
[09:37:10.365] 167,114,16
[09:37:10.365] 168,94,5
[09:37:10.371] 169,79,6
[09:37:10.371] 170,65,3
[09:37:10.378] 171,45,4
[09:37:10.378] 172,24,4
[09:37:10.381] 173,8,2
[09:37:10.381] 174,0,3
[09:37:10.385] 175,0,6
[09:37:10.393] 176,0,2
[09:37:10.393] 177,0,3
[09:37:10.393] 178,0,2
[09:37:10.423] 179,0,6
[09:37:10.432] 180,0,0
[09:37:10.435] 181,0,5
[09:37:10.440] 182,0,0
[09:37:10.440] 183,0,0
[09:37:10.442] 184,0,2
[09:37:10.447] 185,6,2
[09:37:10.448] 186,24,6
[09:37:10.451] 187,41,5
[09:37:10.451] 188,48,1
[09:37:10.456] 189,64,3
[09:37:10.457] 190,89,3
[09:37:10.461] 191,106,3
[09:37:10.465] 192,112,2
[09:37:10.466] 193,122,3
[09:37:10.467] 194,116,5
[09:37:10.470] 195,121,3
[09:37:10.486] 196,116,1
[09:37:10.486] 197,98,2
[09:37:10.486] 198,94,3
[09:37:10.486] 199,86,3
[09:37:10.532] [SysEx TX] F0 00 7D 00 05 03 01 00 01 01 F7
=== Session ended 2026-07-12T09:37:13.623031 ===
