
=== Session started 2026-07-06T19:16:28.090980 (192.168.1.168:23) ===
[19:16:28.112] [dev] eDrum telnet console
[19:16:35.123] [Config]
[19:16:35.123]   [0] en=1 type=0 note=38 ch=10 z2note=40 z2ch=10 thresh=172 sens=387 scan=3 mask=57 ratio=40 chokethresh=50 choke=1 curve=0 retrig=11 seeds=-1 builds=-1
[19:16:35.124]   [1] en=0 type=1 note=38 ch=10 z2note=40 z2ch=10 thresh=20 sens=800 scan=3 mask=80 ratio=40 chokethresh=50 choke=1 curve=4 retrig=50 seeds=-1 builds=-1
[19:16:35.126]   [2] en=0 type=1 note=42 ch=10 z2note=46 z2ch=10 thresh=20 sens=800 scan=3 mask=80 ratio=40 chokethresh=50 choke=1 curve=4 retrig=50 seeds=-1 builds=-1
[19:16:35.134]   [3] en=1 type=2 note=36 ch=10 z2note=53 z2ch=10 thresh=149 sens=152 scan=3 mask=80 ratio=40 chokethresh=50 choke=1 curve=0 retrig=50 seeds=-1 builds=-1
[19:16:35.135]   [4] en=1 type=1 note=44 ch=10 z2note=44 z2ch=10 thresh=20 sens=800 scan=3 mask=80 ratio=40 chokethresh=50 choke=1 curve=4 retrig=50 seeds=-1 builds=-1
[19:16:38.082] [DBG] hit output ON
[19:16:40.315] [ADC] Dump ON
[19:16:40.318] [ADC]    5    4    2   10    8    4    2    1
[19:16:40.416] [ADC]    3    1    0    0    7    5    4    2
[19:16:40.517] [ADC]    6    3    2    8   21    4    4    4
[19:16:40.616] [ADC]    4    0    2    7    1    4   10    5
[19:16:40.717] [ADC]    3    2    6    4    1    1    7    3
[19:16:40.816] [ADC]    0    2    4    0   10   14    5    3
[19:16:40.917] [ADC]    4    1    1    0    2    2    4    2
[19:16:41.018] [ADC]    6    1   14    7    1    1    3    2
[19:16:41.123] [ADC]    1    2    0    0    4    3    6    2
[19:16:41.134] [ADC] Dump OFF
[19:16:47.285] [HIT] t=40053 i=0 note=38 vel=127 raw=127 truepeak=4089 ch=10 rescues=0 thresh=-1.000 peak=-1.000 mask=-1 decay=-1 decaylen=-1 xfilt=-1.000 xfiltdecay=-1.000 loopt=0 piezodc=-35.0 dchead=35.3 spikerej=9
[19:16:47.295] [SysEx TX] F0 00 7D 00 05 03 00 00 7F 7F F7
[19:16:47.358] [HIT] t=40117 i=0 note=38 vel=127 raw=127 truepeak=2051 ch=10 rescues=0 thresh=-1.000 peak=-1.000 mask=-1 decay=-1 decaylen=-1 xfilt=-1.000 xfiltdecay=-1.000 loopt=0 piezodc=378.0 dchead=206.3 spikerej=160
[19:16:48.305] [SysEx TX] F0 00 7D 00 05 03 00 00 7F 7F F7
[19:16:48.305] [HIT] t=40181 i=0 note=38 vel=30 raw=30 truepeak=222 ch=10 rescues=0 thresh=-1.000 peak=-1.000 mask=-1 decay=-1 decaylen=-1 xfilt=-1.000 xfiltdecay=-1.000 loopt=0 piezodc=57.0 dchead=221.2 spikerej=161
[19:16:48.305] [SysEx TX] F0 00 7D 00 05 03 00 00 1E 1E F7
[19:16:55.596] [eDrum] Build 0 — p=ping  i=identify  s=config  n=test note  r=reboot
[19:16:55.601]   a=toggle ADC dump  d=toggle hit debug print  m=toggle diag mode (detection+MIDI off)
[19:16:55.604]   o <input> <floor> = scope input (e.g. o 0 10)   o off = disable scope
[19:16:55.604]   w <input> <param> <value> = set param (e.g. w 0 scan 3)
[19:16:55.604]   params: thresh sens scan mask retrig type ratio chokethresh choke enable
[19:17:22.271] [SCOPE] Active: input=0 floor=15
[19:17:26.986] [HIT] t=79742 i=0 note=38 vel=100 raw=100 truepeak=342 ch=10 rescues=0 thresh=-1.000 peak=-1.000 mask=-1 decay=-1 decaylen=-1 xfilt=-1.000 xfiltdecay=-1.000 loopt=0 piezodc=373.0 dchead=5.2 spikerej=161
[19:17:26.994] [SysEx TX] F0 00 7D 00 05 03 00 00 64 64 F7
[19:17:26.994] [SCOPE] input=0 pad_type=0 head_ch=1 rim_ch=0 head_peak=481 rim_peak=27 decision=HEAD samples=200
[19:17:26.995] T,H,R
[19:17:26.998] 0,2,2
[19:17:27.005] 1,3,5
[19:17:27.006] 2,2,2
[19:17:27.006] 3,2,3
[19:17:27.009] 4,0,2
[19:17:27.015] 5,2,5
[19:17:27.016] 6,5,1
[19:17:27.017] 7,2,2
[19:17:27.021] 8,2,3
[19:17:27.025] 9,5,2
[19:17:27.029] 10,5,1
[19:17:27.030] 11,3,5
[19:17:27.031] 12,2,4
[19:17:27.039] 13,3,2
[19:17:27.040] 14,5,7
[19:17:27.041] 15,2,2
[19:17:27.042] 16,5,2
[19:17:27.044] 17,2,2
[19:17:27.047] 18,3,7
[19:17:27.052] 19,2,2
[19:17:27.056] 20,3,6
[19:17:27.057] 21,5,2
[19:17:27.057] 22,2,2
[19:17:27.066] 23,2,3
[19:17:27.066] 24,2,5
[19:17:27.067] 25,3,2
[19:17:27.069] 26,2,3
[19:17:27.085] 27,3,5
[19:17:27.086] 28,0,2
[19:17:27.086] 29,5,0
[19:17:27.088] 30,2,2
[19:17:27.090] 31,2,2
[19:17:27.093] 32,5,2
[19:17:27.095] 33,1,8
[19:17:27.100] 34,5,2
[19:17:27.101] 35,0,2
[19:17:27.103] 36,0,3
[19:17:27.106] 37,3,5
[19:17:27.108] 38,6,8
[19:17:27.112] 39,2,3
[19:17:27.114] 40,2,2
[19:17:27.117] 41,2,2
[19:17:27.119] 42,6,0
[19:17:27.122] 43,2,2
[19:17:27.125] 44,5,2
[19:17:27.131] 45,2,3
[19:17:27.133] 46,4,8
[19:17:27.133] 47,1,4
[19:17:27.135] 48,2,2
[19:17:27.139] 49,4,2
[19:17:27.143] 50,0,3
[19:17:27.143] 51,5,5
[19:17:27.147] 52,6,0
[19:17:27.149] 53,0,2
[19:17:27.153] 54,3,5
[19:17:27.156] 55,2,0
[19:17:27.158] 56,2,2
[19:17:27.159] 57,1,5
[19:17:27.163] 58,2,2
[19:17:27.167] 59,2,3
[19:17:27.183] 60,0,2
[19:17:27.183] 61,1,5
[19:17:27.184] 62,3,1
[19:17:27.185] 63,0,2
[19:17:27.188] 64,2,3
[19:17:27.190] 65,3,0
[19:17:27.198] 66,2,3
[19:17:27.198] 67,4,6
[19:17:27.199] 68,2,3
[19:17:27.201] 69,3,2
[19:17:27.206] 70,0,2
[19:17:27.208] 71,3,5
[19:17:27.210] 72,4,2
[19:17:27.213] 73,2,6
[19:17:27.218] 74,4,1
[19:17:27.219] 75,0,0
[19:17:27.221] 76,5,5
[19:17:27.224] 77,0,7
[19:17:27.227] 78,0,2
[19:17:27.230] 79,0,3
[19:17:27.235] 80,0,5
[19:17:27.236] 81,0,10
[19:17:27.238] 82,0,19
[19:17:27.244] 83,0,21
[19:17:27.246] 84,0,16
[19:17:27.246] 85,0,21
[19:17:27.248] 86,0,14
[19:17:27.252] 87,0,12
[19:17:27.255] 88,0,19
[19:17:27.257] 89,0,6
[19:17:27.259] 90,0,2
[19:17:27.262] 91,10,7
[19:17:27.265] 92,12,12
[19:17:27.268] 93,23,21
[19:17:27.271] 94,25,10
[19:17:27.273] 95,50,13
[19:17:27.276] 96,73,4
[19:17:27.286] 97,100,7
[19:17:27.286] 98,126,2
[19:17:27.287] 99,158,10
[19:17:27.290] 100,202,4
[19:17:27.293] 101,244,0
[19:17:27.296] 102,280,0
[19:17:27.303] 103,325,0
[19:17:27.304] 104,345,0
[19:17:27.305] 105,363,0
[19:17:27.309] 106,388,0
[19:17:27.311] 107,424,0
[19:17:27.313] 108,468,1
[19:17:27.316] 109,477,0
[19:17:27.319] 110,481,0
[19:17:27.322] 111,452,0
[19:17:27.324] 112,397,0
[19:17:27.327] 113,337,1
[19:17:27.330] 114,262,0
[19:17:27.332] 115,201,0
[19:17:27.336] 116,150,0
[19:17:27.338] 117,126,1
[19:17:27.342] 118,140,0
[19:17:27.347] 119,158,0
[19:17:27.348] 120,187,1
[19:17:27.348] 121,228,0
[19:17:27.352] 122,245,0
[19:17:27.354] 123,263,0
[19:17:27.357] 124,263,2
[19:17:27.359] 125,266,5
[19:17:27.363] 126,254,5
[19:17:27.366] 127,262,2
[19:17:27.368] 128,275,2
[19:17:27.371] 129,281,8
[19:17:27.374] 130,286,4
[19:17:27.377] 131,315,3
[19:17:27.380] 132,334,2
[19:17:27.388] 133,361,2
[19:17:27.389] 134,379,1
[19:17:27.392] 135,378,4
[19:17:27.395] 136,354,4
[19:17:27.397] 137,312,0
[19:17:27.401] 138,249,5
[19:17:27.406] 139,195,7
[19:17:27.406] 140,141,5
[19:17:27.408] 141,139,3
[19:17:27.412] 142,150,8
[19:17:27.414] 143,174,0
[19:17:27.418] 144,207,1
[19:17:27.419] 145,237,1
[19:17:27.423] 146,248,0
[19:17:27.425] 147,230,0
[19:17:27.428] 148,199,2
[19:17:27.432] 149,134,0
[19:17:27.433] 150,80,2
[19:17:27.435] 151,33,0
[19:17:27.439] 152,0,1
[19:17:27.441] 153,0,0
[19:17:27.456] 154,0,2
[19:17:27.456] 155,0,0
[19:17:27.457] 156,0,1
[19:17:27.458] 157,15,0
[19:17:27.461] 158,41,0
[19:17:27.463] 159,62,0
[19:17:27.466] 160,80,0
[19:17:27.469] 161,84,0
[19:17:27.473] 162,93,0
[19:17:27.474] 163,96,0
[19:17:27.477] 164,115,1
[19:17:27.480] 165,137,1
[19:17:27.492] 166,161,0
[19:17:27.493] 167,160,0
[19:17:27.494] 168,170,0
[19:17:27.495] 169,158,1
[19:17:27.499] 170,128,0
[19:17:27.506] 171,102,1
[19:17:27.507] 172,82,0
[19:17:27.507] 173,79,0
[19:17:27.509] 174,85,3
[19:17:27.512] 175,110,0
[19:17:27.515] 176,157,0
[19:17:27.518] 177,200,0
[19:17:27.523] 178,222,0
[19:17:27.524] 179,260,0
[19:17:27.526] 180,260,1
[19:17:27.529] 181,229,0
[19:17:27.532] 182,185,2
[19:17:27.535] 183,137,7
[19:17:27.539] 184,78,7
[19:17:27.542] 185,41,12
[19:17:27.543] 186,5,19
[19:17:27.545] 187,0,18
[19:17:27.550] 188,0,9
[19:17:27.551] 189,0,7
[19:17:27.552] 190,3,7
[19:17:27.556] 191,17,7
[19:17:27.558] 192,14,12
[19:17:27.561] 193,10,20
[19:17:27.564] 194,0,11
[19:17:27.566] 195,0,18
[19:17:27.569] 196,0,27
[19:17:27.572] 197,0,22
[19:17:27.575] 198,0,23
[19:17:27.578] 199,0,14
[19:17:27.584] [HIT] t=80353 i=0 note=38 vel=104 raw=104 truepeak=349 ch=10 rescues=0 thresh=-1.000 peak=-1.000 mask=-1 decay=-1 decaylen=-1 xfilt=-1.000 xfiltdecay=-1.000 loopt=0 piezodc=-9.0 dchead=8.8 spikerej=161
[19:17:27.596] [SysEx TX] F0 00 7D 00 05 03 00 00 68 68 F7
[19:17:27.600] [SCOPE] input=0 pad_type=0 head_ch=1 rim_ch=0 head_peak=481 rim_peak=27 decision=HEAD samples=200
[19:17:27.602] T,H,R
[19:17:27.609] 0,0,3
[19:17:27.609] 1,3,5
[19:17:27.611] 2,6,8
[19:17:27.612] 3,2,3
[19:17:27.616] 4,2,2
[19:17:27.619] 5,2,2
[19:17:27.621] 6,6,0
[19:17:27.624] 7,2,2
[19:17:27.628] 8,5,2
[19:17:27.630] 9,2,3
[19:17:27.632] 10,4,8
[19:17:27.636] 11,1,4
[19:17:27.639] 12,2,2
[19:17:27.644] 13,4,2
[19:17:27.645] 14,0,3
[19:17:27.647] 15,5,5
[19:17:27.652] 16,6,0
[19:17:27.653] 17,0,2
[19:17:27.654] 18,3,5
[19:17:27.658] 19,2,0
[19:17:27.661] 20,2,2
[19:17:27.664] 21,1,5
[19:17:27.667] 22,2,2
[19:17:27.669] 23,2,3
[19:17:27.673] 24,0,2
[19:17:27.677] 25,1,5
[19:17:27.678] 26,3,1
[19:17:27.682] 27,0,2
[19:17:27.684] 28,2,3
[19:17:27.686] 29,3,0
[19:17:27.696] 30,2,3
[19:17:27.697] 31,4,6
[19:17:27.697] 32,2,3
[19:17:27.701] 33,3,2
[19:17:27.703] 34,0,2
[19:17:27.706] 35,3,5
[19:17:27.712] 36,4,2
[19:17:27.712] 37,2,6
[19:17:27.713] 38,4,1
[19:17:27.716] 39,0,0
[19:17:27.719] 40,5,5
[19:17:27.722] 41,0,7
[19:17:27.725] 42,0,2
[19:17:27.727] 43,0,3
[19:17:27.729] 44,0,5
[19:17:27.733] 45,0,10
[19:17:27.736] 46,0,19
[19:17:27.738] 47,0,21
[19:17:27.742] 48,0,16
[19:17:27.747] 49,0,21
[19:17:27.747] 50,0,14
[19:17:27.749] 51,0,12
[19:17:27.755] 52,0,19
[19:17:27.756] 53,0,6
[19:17:27.757] 54,0,2
[19:17:27.759] 55,10,7
[19:17:27.762] 56,12,12
[19:17:27.767] 57,23,21
[19:17:27.768] 58,25,10
[19:17:27.772] 59,50,13
[19:17:27.773] 60,73,4
[19:17:27.775] 61,100,7
[19:17:27.778] 62,126,2
[19:17:27.781] 63,158,10
[19:17:27.785] 64,202,4
[19:17:27.788] 65,244,0
[19:17:27.792] 66,280,0
[19:17:27.798] 67,325,0
[19:17:27.799] 68,345,0
[19:17:27.800] 69,363,0
[19:17:27.805] 70,388,0
[19:17:27.807] 71,424,0
[19:17:27.809] 72,468,1
[19:17:27.813] 73,477,0
[19:17:27.815] 74,481,0
[19:17:27.817] 75,452,0
[19:17:27.822] 76,397,0
[19:17:27.825] 77,337,1
[19:17:27.828] 78,262,0
[19:17:27.838] 79,201,0
[19:17:27.839] 80,150,0
[19:17:27.839] 81,126,1
[19:17:27.839] 82,140,0
[19:17:27.843] 83,158,0
[19:17:27.848] 84,187,1
[19:17:27.852] 85,228,0
[19:17:27.853] 86,245,0
[19:17:27.858] 87,263,0
[19:17:27.859] 88,263,2
[19:17:27.861] 89,266,5
[19:17:27.861] 90,254,5
[19:17:27.865] 91,262,2
[19:17:27.867] 92,275,2
[19:17:27.870] 93,281,8
[19:17:27.873] 94,286,4
[19:17:27.876] 95,315,3
[19:17:27.879] 96,334,2
[19:17:27.883] 97,361,2
[19:17:27.884] 98,379,1
[19:17:27.888] 99,378,4
[19:17:27.891] 100,354,4
[19:17:27.902] 101,312,0
[19:17:27.902] 102,249,5
[19:17:27.903] 103,195,7
[19:17:27.905] 104,141,5
[19:17:27.908] 105,139,3
[19:17:27.912] 106,150,8
[19:17:27.916] 107,174,0
[19:17:27.917] 108,207,1
[19:17:27.918] 109,237,1
[19:17:27.921] 110,248,0
[19:17:27.924] 111,230,0
[19:17:27.927] 112,199,2
[19:17:27.929] 113,134,0
[19:17:27.932] 114,80,2
[19:17:27.935] 115,33,0
[19:17:27.939] 116,0,1
[19:17:27.943] 117,0,0
[19:17:27.943] 118,0,2
[19:17:27.945] 119,0,0
[19:17:27.951] 120,0,1
[19:17:27.951] 121,15,0
[19:17:27.953] 122,41,0
[19:17:27.959] 123,62,0
[19:17:27.961] 124,80,0
[19:17:27.961] 125,84,0
[19:17:27.964] 126,93,0
[19:17:27.967] 127,96,0
[19:17:27.970] 128,115,1
[19:17:27.973] 129,137,1
[19:17:27.976] 130,161,0
[19:17:27.979] 131,160,0
[19:17:27.984] 132,170,0
[19:17:27.984] 133,158,1
[19:17:27.986] 134,128,0
[19:17:27.994] 135,102,1
[19:17:27.995] 136,82,0
[19:17:28.010] 137,79,0
[19:17:28.011] 138,85,3
[19:17:28.011] 139,110,0
[19:17:28.013] 140,157,0
[19:17:28.016] 141,200,0
[19:17:28.022] 142,222,0
[19:17:28.022] 143,260,0
[19:17:28.030] 144,260,1
[19:17:28.030] 145,229,0
[19:17:28.032] 146,185,2
[19:17:28.032] 147,137,7
[19:17:28.045] 148,78,7
[19:17:28.045] 149,41,12
[19:17:28.046] 150,5,19
[19:17:28.047] 151,0,18
[19:17:28.056] 152,0,9
[19:17:28.057] 153,0,7
[19:17:28.059] 154,3,7
[19:17:28.064] 155,17,7
[19:17:28.065] 156,14,12
[19:17:28.065] 157,10,20
[19:17:28.074] 158,0,11
[19:17:28.075] 159,0,18
[19:17:28.075] 160,0,27
[19:17:28.084] 161,0,22
[19:17:28.084] 162,0,23
[19:17:28.086] 163,0,14
[19:17:28.086] 164,4,9
[19:17:28.120] 165,52,9
[19:17:28.120] 166,89,10
[19:17:28.120] 167,94,7
[19:17:28.123] 168,94,5
[19:17:28.136] 169,78,7
[19:17:28.136] 170,57,10
[19:17:28.137] 171,30,10
[19:17:28.137] 172,22,16
[19:17:28.144] 173,20,1
[19:17:28.148] 174,36,2
[19:17:28.149] 175,54,2
[19:17:28.150] 176,86,4
[19:17:28.183] 177,109,0
[19:17:28.185] 178,141,2
[19:17:28.185] 179,167,0
[19:17:28.191] 180,173,2
[19:17:28.191] 181,169,0
[19:17:28.193] 182,155,0
[19:17:28.195] 183,121,0
[19:17:28.208] 184,84,0
[19:17:28.208] 185,60,5
[19:17:28.209] 186,46,4
[19:17:28.211] 187,29,0
[19:17:28.216] 188,21,0
[19:17:28.217] 189,4,5
[19:17:28.222] 190,0,1
[19:17:28.225] 191,0,2
[19:17:28.238] 192,0,7
[19:17:28.238] 193,0,2
[19:17:28.238] 194,0,5
[19:17:28.238] 195,0,9
[19:17:28.246] 196,0,4
[19:17:28.249] 197,10,0
[19:17:28.250] 198,43,0
[19:17:28.252] 199,61,4
[19:17:30.243] [RIM] t=83012 i=0 note=40 vel=127 raw=127 truepeak=4087 ch=10 rescues=0 thresh=-1.000 peak=-1.000 mask=-1 decay=-1 decaylen=-1 xfilt=-1.000 xfiltdecay=-1.000 loopt=0 piezodc=-28.0 dchead=28.0 spikerej=175
[19:17:30.255] [SysEx TX] F0 00 7D 00 05 03 00 01 7F 7F F7
[19:17:30.257] [SCOPE] input=0 pad_type=0 head_ch=1 rim_ch=0 head_peak=4095 rim_peak=4095 decision=RIM samples=200
[19:17:30.263] T,H,R
[19:17:30.263] 0,1,3
[19:17:30.266] 1,0,2
[19:17:30.273] 2,0,2
[19:17:30.273] 3,4,7
[19:17:30.274] 4,1,5
[19:17:30.277] 5,0,2
[19:17:30.279] 6,4,2
[19:17:30.283] 7,1,5
[19:17:30.285] 8,0,2
[19:17:30.287] 9,4,6
[19:17:30.291] 10,1,2
[19:17:30.293] 11,0,2
[19:17:30.296] 12,0,2
[19:17:30.299] 13,2,1
[19:17:30.301] 14,0,5
[19:17:30.306] 15,0,3
[19:17:30.307] 16,0,2
[19:17:30.309] 17,2,2
[19:17:30.315] 18,1,0
[19:17:30.316] 19,0,3
[19:17:30.317] 20,2,2
[19:17:30.320] 21,0,2
[19:17:30.323] 22,4,6
[19:17:30.325] 23,4,0
[19:17:30.328] 24,1,1
[19:17:30.331] 25,4,7
[19:17:30.334] 26,0,2
[19:17:30.336] 27,0,2
[19:17:30.339] 28,2,1
[19:17:30.342] 29,0,0
[19:17:30.345] 30,0,3
[19:17:30.348] 31,1,1
[19:17:30.357] 32,4,5
[19:17:30.357] 33,2,3
[19:17:30.358] 34,2,1
[19:17:30.359] 35,5,2
[19:17:30.363] 36,1,2
[19:17:30.367] 37,0,3
[19:17:30.369] 38,1,0
[19:17:30.375] 39,5,7
[19:17:30.375] 40,1,3
[19:17:30.376] 41,0,2
[19:17:30.380] 42,2,3
[19:17:30.383] 43,1,2
[19:17:30.385] 44,3,1
[19:17:30.388] 45,4,7
[19:17:30.391] 46,2,3
[19:17:30.394] 47,0,2
[19:17:30.396] 48,1,0
[19:17:30.399] 49,4,7
[19:17:30.401] 50,2,0
[19:17:30.404] 51,2,3
[19:17:30.410] 52,2,3
[19:17:30.411] 53,0,2
[19:17:30.411] 54,1,1
[19:17:30.417] 55,1,5
[19:17:30.418] 56,2,3
[19:17:30.420] 57,0,0
[19:17:30.423] 58,1,1
[19:17:30.426] 59,1,0
[19:17:30.429] 60,1,0
[19:17:30.431] 61,4,5
[19:17:30.434] 62,0,2
[19:17:30.436] 63,1,3
[19:17:30.439] 64,3,5
[19:17:30.444] 65,2,3
[19:17:30.445] 66,1,5
[19:17:30.447] 67,0,2
[19:17:30.451] 68,0,2
[19:17:30.459] 69,0,0
[19:17:30.459] 70,4,7
[19:17:30.459] 71,1,3
[19:17:30.466] 72,0,2
[19:17:30.467] 73,2,2
[19:17:30.473] 74,0,2
[19:17:30.474] 75,2,5
[19:17:30.477] 76,2,3
[19:17:30.478] 77,2,0
[19:17:30.481] 78,3,5
[19:17:30.484] 79,0,2
[19:17:30.486] 80,4,2
[19:17:30.488] 81,1,5
[19:17:30.492] 82,1,5
[19:17:30.494] 83,0,2
[19:17:30.497] 84,1,2
[19:17:30.503] 85,4,5
[19:17:30.503] 86,0,2
[19:17:30.505] 87,2,2
[19:17:30.510] 88,1,5
[19:17:30.511] 89,0,2
[19:17:30.514] 90,0,3
[19:17:30.519] 91,4,2
[19:17:30.520] 92,1,5
[19:17:30.521] 93,0,3
[19:17:30.524] 94,1,5
[19:17:30.527] 95,1,5
[19:17:30.529] 96,1,2
[19:17:30.532] 97,0,5
[19:17:30.535] 98,0,23
[19:17:30.539] 99,14,731
[19:17:30.541] 100,187,489
[19:17:30.543] 101,340,294
[19:17:30.546] 102,313,526
[19:17:30.549] 103,478,237
[19:17:30.551] 104,540,326
[19:17:30.562] 105,590,496
[19:17:30.562] 106,0,0
[19:17:30.563] 107,0,0
[19:17:30.565] 108,0,2
[19:17:30.568] 109,0,604
[19:17:30.572] 110,0,1622
[19:17:30.576] 111,0,3022
[19:17:30.577] 112,0,0
[19:17:30.580] 113,0,3636
[19:17:30.582] 114,229,3709
[19:17:30.585] 115,4095,0
[19:17:30.588] 116,4095,633
[19:17:30.591] 117,4095,4095
[19:17:30.594] 118,4095,1353
[19:17:30.598] 119,4095,0
[19:17:30.599] 120,4095,2086
[19:17:30.601] 121,4095,1181
[19:17:30.606] 122,4095,697
[19:17:30.608] 123,4095,4095
[19:17:30.613] 124,4095,3544
[19:17:30.614] 125,4095,3243
[19:17:30.615] 126,4095,4095
[19:17:30.617] 127,4095,3030
[19:17:30.623] 128,4095,2554
[19:17:30.624] 129,4095,3182
[19:17:30.625] 130,4095,4095
[19:17:30.628] 131,4095,3177
[19:17:30.630] 132,4095,1961
[19:17:30.633] 133,4095,2603
[19:17:30.637] 134,4095,2253
[19:17:30.639] 135,2662,169
[19:17:30.642] 136,1235,0
[19:17:30.645] 137,0,118
[19:17:30.648] 138,0,317
[19:17:30.650] 139,0,0
[19:17:30.653] 140,0,0
[19:17:30.665] 141,0,877
[19:17:30.666] 142,182,1068
[19:17:30.666] 143,175,1766
[19:17:30.667] 144,1057,2251
[19:17:30.672] 145,2221,3197
[19:17:30.674] 146,3196,3279
[19:17:30.682] 147,3438,2927
[19:17:30.683] 148,2734,4095
[19:17:30.683] 149,1014,3817
[19:17:30.684] 150,0,2932
[19:17:30.691] 151,0,3697
[19:17:30.692] 152,0,4095
[19:17:30.694] 153,0,4095
[19:17:30.697] 154,0,2380
[19:17:30.700] 155,995,2304
[19:17:30.702] 156,2361,2313
[19:17:30.704] 157,4095,1686
[19:17:30.708] 158,4095,1785
[19:17:30.710] 159,4095,1510
[19:17:30.715] 160,4095,1433
[19:17:30.717] 161,4095,1455
[19:17:30.718] 162,4095,1299
[19:17:30.719] 163,3597,2022
[19:17:30.725] 164,3033,2124
[19:17:30.725] 165,2697,2776
[19:17:30.727] 166,2966,4095
[19:17:30.731] 167,4095,3040
[19:17:30.734] 168,4095,2554
[19:17:30.736] 169,4095,2966
[19:17:30.739] 170,4095,2768
[19:17:30.742] 171,4095,2107
[19:17:30.745] 172,4095,2599
[19:17:30.748] 173,4095,2301
[19:17:30.750] 174,4095,1453
[19:17:30.753] 175,3869,1271
[19:17:30.769] 176,3497,795
[19:17:30.769] 177,3663,375
[19:17:30.770] 178,3609,221
[19:17:30.770] 179,3309,419
[19:17:30.774] 180,3154,161
[19:17:30.777] 181,3081,1
[19:17:30.781] 182,2717,355
[19:17:30.784] 183,1991,930
[19:17:30.785] 184,1146,1197
[19:17:30.787] 185,441,1594
[19:17:30.791] 186,0,1935
[19:17:30.793] 187,0,2124
[19:17:30.796] 188,0,2144
[19:17:30.799] 189,0,1947
[19:17:30.803] 190,0,2074
[19:17:30.804] 191,0,1810
[19:17:30.806] 192,0,1676
[19:17:30.809] 193,0,1449
[19:17:30.812] 194,222,838
[19:17:30.816] 195,1434,895
[19:17:30.818] 196,3693,657
[19:17:30.823] 197,4095,789
[19:17:30.824] 198,4095,920
[19:17:30.827] 199,4095,584
[19:17:30.831] [RIM] t=83601 i=0 note=40 vel=127 raw=127 truepeak=4060 ch=10 rescues=0 thresh=-1.000 peak=-1.000 mask=-1 decay=-1 decaylen=-1 xfilt=-1.000 xfiltdecay=-1.000 loopt=0 piezodc=641.0 dchead=205.5 spikerej=319
[19:17:30.842] [SysEx TX] F0 00 7D 00 05 03 00 01 7F 7F F7
[19:17:30.845] [SCOPE] input=0 pad_type=0 head_ch=1 rim_ch=0 head_peak=4095 rim_peak=4095 decision=RIM samples=200
[19:17:30.848] T,H,R
[19:17:30.851] 0,2,3
[19:17:30.854] 1,0,0
[19:17:30.857] 2,1,1
[19:17:30.860] 3,1,0
[19:17:30.864] 4,1,0
[19:17:30.875] 5,4,5
[19:17:30.875] 6,0,2
[19:17:30.881] 7,1,3
[19:17:30.883] 8,3,5
[19:17:30.883] 9,2,3
[19:17:30.887] 10,1,5
[19:17:30.890] 11,0,2
[19:17:30.894] 12,0,2
[19:17:30.896] 13,0,0
[19:17:30.898] 14,4,7
[19:17:30.901] 15,1,3
[19:17:30.905] 16,0,2
[19:17:30.907] 17,2,2
[19:17:30.909] 18,0,2
[19:17:30.912] 19,2,5
[19:17:30.915] 20,2,3
[19:17:30.920] 21,2,0
[19:17:30.921] 22,3,5
[19:17:30.923] 23,0,2
[19:17:30.930] 24,4,2
[19:17:30.930] 25,1,5
[19:17:30.931] 26,1,5
[19:17:30.934] 27,0,2
[19:17:30.937] 28,1,2
[19:17:30.940] 29,4,5
[19:17:30.942] 30,0,2
[19:17:30.945] 31,2,2
[19:17:30.948] 32,1,5
[19:17:30.951] 33,0,2
[19:17:30.954] 34,0,3
[19:17:30.959] 35,4,2
[19:17:30.960] 36,1,5
[19:17:30.962] 37,0,3
[19:17:30.974] 38,1,5
[19:17:30.975] 39,1,5
[19:17:30.976] 40,1,2
[19:17:30.977] 41,0,5
[19:17:30.980] 42,0,23
[19:17:30.983] 43,14,731
[19:17:30.987] 44,187,489
[19:17:30.989] 45,340,294
[19:17:30.991] 46,313,526
[19:17:30.995] 47,478,237
[19:17:30.997] 48,540,326
[19:17:30.999] 49,590,496
[19:17:31.002] 50,0,0
[19:17:31.007] 51,0,0
[19:17:31.008] 52,0,2
[19:17:31.010] 53,0,604
[19:17:31.015] 54,0,1622
[19:17:31.016] 55,0,3022
[19:17:31.018] 56,0,0
[19:17:31.024] 57,0,3636
[19:17:31.025] 58,229,3709
[19:17:31.027] 59,4095,0
[19:17:31.033] 60,4095,633
[19:17:31.033] 61,4095,4095
[19:17:31.034] 62,4095,1353
[19:17:31.037] 63,4095,0
[19:17:31.040] 64,4095,2086
[19:17:31.043] 65,4095,1181
[19:17:31.045] 66,4095,697
[19:17:31.049] 67,4095,4095
[19:17:31.051] 68,4095,3544
[19:17:31.055] 69,4095,3243
[19:17:31.058] 70,4095,4095
[19:17:31.059] 71,4095,3030
[19:17:31.063] 72,4095,2554
[19:17:31.065] 73,4095,3182
[19:17:31.074] 74,4095,4095
[19:17:31.074] 75,4095,3177
[19:17:31.075] 76,4095,1961
[19:17:31.079] 77,4095,2603
[19:17:31.080] 78,4095,2253
[19:17:31.083] 79,2662,169
[19:17:31.091] 80,1235,0
[19:17:31.091] 81,0,118
[19:17:31.093] 82,0,317
[19:17:31.094] 83,0,0
[19:17:31.098] 84,0,0
[19:17:31.100] 85,0,877
[19:17:31.103] 86,182,1068
[19:17:31.109] 87,175,1766
[19:17:31.110] 88,1057,2251
[19:17:31.111] 89,2221,3197
[19:17:31.114] 90,3196,3279
[19:17:31.117] 91,3438,2927
[19:17:31.120] 92,2734,4095
[19:17:31.125] 93,1014,3817
[19:17:31.127] 94,0,2932
[19:17:31.127] 95,0,3697
[19:17:31.134] 96,0,4095
[19:17:31.134] 97,0,4095
[19:17:31.135] 98,0,2380
[19:17:31.137] 99,995,2304
[19:17:31.141] 100,2361,2313
[19:17:31.143] 101,4095,1686
[19:17:31.146] 102,4095,1785
[19:17:31.149] 103,4095,1510
[19:17:31.153] 104,4095,1433
[19:17:31.156] 105,4095,1455
[19:17:31.158] 106,4095,1299
[19:17:31.161] 107,3597,2022
[19:17:31.163] 108,3033,2124
[19:17:31.167] 109,2697,2776
[19:17:31.173] 110,2966,4095
[19:17:31.174] 111,4095,3040
[19:17:31.177] 112,4095,2554
[19:17:31.180] 113,4095,2966
[19:17:31.183] 114,4095,2768
[19:17:31.186] 115,4095,2107
[19:17:31.189] 116,4095,2599
[19:17:31.193] 117,4095,2301
[19:17:31.194] 118,4095,1453
[19:17:31.197] 119,3869,1271
[19:17:31.200] 120,3497,795
[19:17:31.203] 121,3663,375
[19:17:31.205] 122,3609,221
[19:17:31.208] 123,3309,419
[19:17:31.211] 124,3154,161
[19:17:31.214] 125,3081,1
[19:17:31.218] 126,2717,355
[19:17:31.219] 127,1991,930
[19:17:31.222] 128,1146,1197
[19:17:31.227] 129,441,1594
[19:17:31.228] 130,0,1935
[19:17:31.230] 131,0,2124
[19:17:31.234] 132,0,2144
[19:17:31.235] 133,0,1947
[19:17:31.240] 134,0,2074
[19:17:31.242] 135,0,1810
[19:17:31.245] 136,0,1676
[19:17:31.246] 137,0,1449
[19:17:31.249] 138,222,838
[19:17:31.251] 139,1434,895
[19:17:31.255] 140,3693,657
[19:17:31.257] 141,4095,789
[19:17:31.260] 142,4095,920
[19:17:31.264] 143,4095,584
[19:17:31.265] 144,4095,559
[19:17:31.279] 145,4095,987
[19:17:31.279] 146,4095,1423
[19:17:31.280] 147,4095,1549
[19:17:31.281] 148,4095,1636
[19:17:31.285] 149,3590,2017
[19:17:31.289] 150,2985,2310
[19:17:31.292] 151,2719,2284
[19:17:31.295] 152,2464,2153
[19:17:31.297] 153,2581,1883
[19:17:31.298] 154,2960,1746
[19:17:31.301] 155,3720,1703
[19:17:31.305] 156,4095,1488
[19:17:31.308] 157,4095,1184
[19:17:31.310] 158,4095,902
[19:17:31.313] 159,4095,884
[19:17:31.316] 160,4095,812
[19:17:31.318] 161,4095,670
[19:17:31.322] 162,3470,729
[19:17:31.324] 163,2782,864
[19:17:31.329] 164,1909,926
[19:17:31.330] 165,941,989
[19:17:31.332] 166,0,1204
[19:17:31.335] 167,0,1513
[19:17:31.339] 168,0,1876
[19:17:31.340] 169,0,2063
[19:17:31.344] 170,28,2146
[19:17:31.348] 171,435,2127
[19:17:31.350] 172,43,1693
[19:17:31.352] 173,0,1588
[19:17:31.355] 174,0,1821
[19:17:31.358] 175,0,1961
[19:17:31.360] 176,0,1782
[19:17:31.363] 177,0,1556
[19:17:31.366] 178,0,1563
[19:17:31.368] 179,0,1553
[19:17:31.372] 180,57,1427
[19:17:31.383] 181,416,1268
[19:17:31.383] 182,372,1257
[19:17:31.383] 183,153,1353
[19:17:31.385] 184,0,1353
[19:17:31.388] 185,22,1577
[19:17:31.391] 186,124,1862
[19:17:31.394] 187,499,1983
[19:17:31.398] 188,1193,1838
[19:17:31.399] 189,2505,1717
[19:17:31.401] 190,4095,1675
[19:17:31.406] 191,4095,1633
[19:17:31.407] 192,4095,1398
[19:17:31.410] 193,4095,1164
[19:17:31.412] 194,4095,1207
[19:17:31.416] 195,4095,1257
[19:17:31.419] 196,4095,1055
[19:17:31.421] 197,3200,842
[19:17:31.424] 198,2377,781
[19:17:31.427] 199,1808,680
[19:17:31.435] [HIT] t=84204 i=0 note=38 vel=127 raw=127 truepeak=3818 ch=10 rescues=0 thresh=-1.000 peak=-1.000 mask=-1 decay=-1 decaylen=-1 xfilt=-1.000 xfiltdecay=-1.000 loopt=0 piezodc=333.0 dchead=282.0 spikerej=389
[19:17:31.447] [SysEx TX] F0 00 7D 00 05 03 00 00 7F 7F F7
[19:17:31.447] [SCOPE] input=0 pad_type=0 head_ch=1 rim_ch=0 head_peak=4095 rim_peak=387 decision=HEAD samples=200
[19:17:31.451] T,H,R
[19:17:31.453] 0,4095,246
[19:17:31.456] 1,4095,198
[19:17:31.458] 2,4095,186
[19:17:31.463] 3,3797,167
[19:17:31.464] 4,3437,121
[19:17:31.467] 5,3227,94
[19:17:31.470] 6,3060,86
[19:17:31.473] 7,2875,52
[19:17:31.487] 8,2741,45
[19:17:31.489] 9,2617,21
[19:17:31.490] 10,2578,12
[19:17:31.491] 11,2533,18
[19:17:31.494] 12,2442,25
[19:17:31.497] 13,2232,42
[19:17:31.500] 14,1916,72
[19:17:31.503] 15,1639,107
[19:17:31.505] 16,1366,134
[19:17:31.508] 17,974,212
[19:17:31.510] 18,728,217
[19:17:31.514] 19,564,220
[19:17:31.517] 20,470,265
[19:17:31.518] 21,426,276
[19:17:31.522] 22,190,266
[19:17:31.527] 23,0,326
[19:17:31.527] 24,0,351
[19:17:31.530] 25,0,358
[19:17:31.536] 26,0,387
[19:17:31.536] 27,0,367
[19:17:31.538] 28,0,359
[19:17:31.545] 29,0,364
[19:17:31.545] 30,126,344
[19:17:31.546] 31,579,309
[19:17:31.550] 32,1189,335
[19:17:31.552] 33,1952,323
[19:17:31.555] 34,2795,331
[19:17:31.558] 35,3663,345
[19:17:31.560] 36,4095,344
[19:17:31.563] 37,4095,342
[19:17:31.568] 38,4095,318
[19:17:31.568] 39,4095,310
[19:17:31.571] 40,4095,282
[19:17:31.574] 41,4095,228
[19:17:31.576] 42,4095,176
[19:17:31.588] 43,4095,158
[19:17:31.588] 44,4095,160
[19:17:31.589] 45,4095,137
[19:17:31.591] 46,3983,104
[19:17:31.593] 47,3815,79
[19:17:31.596] 48,3566,45
[19:17:31.599] 49,3369,16
[19:17:31.603] 50,3129,27
[19:17:31.604] 51,2868,29
[19:17:31.607] 52,2621,41
[19:17:31.610] 53,2269,69
[19:17:31.612] 54,1920,86
[19:17:31.615] 55,1670,116
[19:17:31.618] 56,1502,128
[19:17:31.621] 57,1396,158
[19:17:31.623] 58,1104,159
[19:17:31.626] 59,751,143
[19:17:31.629] 60,187,190
[19:17:31.631] 61,0,251
[19:17:31.637] 62,0,290
[19:17:31.638] 63,0,307
[19:17:31.639] 64,0,291
[19:17:31.642] 65,0,265
[19:17:31.647] 66,186,235
[19:17:31.648] 67,483,208
[19:17:31.649] 68,793,248
[19:17:31.652] 69,1013,250
[19:17:31.663] 70,1212,271
[19:17:31.663] 71,1377,290
[19:17:31.663] 72,1518,286
[19:17:31.664] 73,1705,313
[19:17:31.668] 74,1901,304
[19:17:31.673] 75,2108,293
[19:17:31.675] 76,2394,318
[19:17:31.676] 77,2715,328
[19:17:31.677] 78,3032,318
[19:17:31.683] 79,3243,333
[19:17:31.692] 80,3318,304
[19:17:31.695] 81,3323,282
[19:17:31.695] 82,3289,296
[19:17:31.698] 83,3298,295
[19:17:31.700] 84,3310,287
[19:17:31.705] 85,3307,239
[19:17:31.706] 86,3333,217
[19:17:31.708] 87,3412,206
[19:17:31.712] 88,3466,194
[19:17:31.714] 89,3481,171
[19:17:31.717] 90,3384,160
[19:17:31.719] 91,3228,174
[19:17:31.722] 92,2994,163
[19:17:31.725] 93,2756,169
[19:17:31.728] 94,2456,206
[19:17:31.731] 95,2121,233
[19:17:31.732] 96,1772,261
[19:17:31.739] 97,1393,286
[19:17:31.741] 98,846,313
[19:17:31.742] 99,425,336
[19:17:31.744] 100,0,345
[19:17:31.747] 101,0,370
[19:17:31.754] 102,0,382
[19:17:31.755] 103,0,379
[19:17:31.756] 104,0,361
[19:17:31.757] 105,0,346
[19:17:31.761] 106,5,340
[19:17:31.763] 107,210,352
[19:17:31.768] 108,402,369
[19:17:31.769] 109,660,359
[19:17:31.771] 110,885,344
[19:17:31.776] 111,1069,362
[19:17:31.778] 112,1199,353
[19:17:31.780] 113,1295,348
[19:17:31.793] 114,1409,361
[19:17:31.793] 115,1584,368
[19:17:31.794] 116,1792,370
[19:17:31.796] 117,2066,333
[19:17:31.798] 118,2422,286
[19:17:31.803] 119,2855,265
[19:17:31.810] 120,3287,254
[19:17:31.811] 121,3654,219
[19:17:31.811] 122,3878,190
[19:17:31.815] 123,4030,191
[19:17:31.818] 124,4004,185
[19:17:31.820] 125,3774,182
[19:17:31.824] 126,3430,171
[19:17:31.826] 127,3054,158
[19:17:31.829] 128,2765,146
[19:17:31.832] 129,2501,137
[19:17:31.834] 130,2302,133
[19:17:31.837] 131,2162,119
[19:17:31.843] 132,2042,112
[19:17:31.843] 133,1912,120
[19:17:31.844] 134,1737,102
[19:17:31.851] 135,1436,117
[19:17:31.851] 136,1022,135
[19:17:31.853] 137,751,143
[19:17:31.855] 138,585,169
[19:17:31.860] 139,489,191
[19:17:31.860] 140,340,179
[19:17:31.863] 141,202,170
[19:17:31.866] 142,77,201
[19:17:31.869] 143,17,234
[19:17:31.871] 144,0,242
[19:17:31.875] 145,0,241
[19:17:31.878] 146,0,214
[19:17:31.881] 147,0,172
[19:17:31.883] 148,0,185
[19:17:31.893] 149,0,207
[19:17:31.894] 150,0,205
[19:17:31.894] 151,0,217
[19:17:31.895] 152,0,210
[19:17:31.898] 153,0,203
[19:17:31.901] 154,0,195
[19:17:31.904] 155,237,196
[19:17:31.908] 156,641,201
[19:17:31.909] 157,1064,176
[19:17:31.912] 158,1576,158
[19:17:31.915] 159,2067,149
[19:17:31.919] 160,2409,137
[19:17:31.921] 161,2641,139
[19:17:31.924] 162,2747,121
[19:17:31.927] 163,2774,114
[19:17:31.929] 164,2761,101
[19:17:31.932] 165,2722,94
[19:17:31.935] 166,2625,68
[19:17:31.938] 167,2544,43
[19:17:31.940] 168,2425,41
[19:17:31.945] 169,2315,41
[19:17:31.945] 170,2144,41
[19:17:31.947] 171,1942,24
[19:17:31.954] 172,1664,34
[19:17:31.954] 173,1385,33
[19:17:31.955] 174,1083,19
[19:17:31.960] 175,774,40
[19:17:31.962] 176,553,58
[19:17:31.964] 177,456,63
[19:17:31.967] 178,325,62
[19:17:31.969] 179,162,82
[19:17:31.973] 180,0,75
[19:17:31.976] 181,0,105
[19:17:31.979] 182,0,137
[19:17:31.981] 183,0,124
[19:17:31.983] 184,0,152
[19:17:31.988] 185,0,146
[19:17:31.996] 186,0,149
[19:17:31.997] 187,0,148
[19:17:31.997] 188,0,142
[19:17:32.002] 189,0,146
[19:17:32.004] 190,14,128
[19:17:32.009] 191,328,121
[19:17:32.010] 192,706,111
[19:17:32.013] 193,1126,86
[19:17:32.015] 194,1567,73
[19:17:32.021] 195,1960,62
[19:17:32.022] 196,2305,80
[19:17:32.024] 197,2570,93
[19:17:32.026] 198,2716,87
[19:17:32.029] 199,2773,87
[19:17:32.035] [HIT] t=84804 i=0 note=38 vel=127 raw=127 truepeak=524 ch=10 rescues=0 thresh=-1.000 peak=-1.000 mask=-1 decay=-1 decaylen=-1 xfilt=-1.000 xfiltdecay=-1.000 loopt=0 piezodc=-258.0 dchead=262.5 spikerej=389
[19:17:32.047] [SysEx TX] F0 00 7D 00 05 03 00 00 7F 7F F7
[19:17:32.049] [SCOPE] input=0 pad_type=0 head_ch=1 rim_ch=0 head_peak=1204 rim_peak=47 decision=HEAD samples=200
[19:17:32.051] T,H,R
[19:17:32.058] 0,226,45
[19:17:32.059] 1,349,41
[19:17:32.061] 2,493,33
[19:17:32.064] 3,622,31
[19:17:32.067] 4,754,40
[19:17:32.072] 5,873,47
[19:17:32.073] 6,975,41
[19:17:32.075] 7,1065,41
[19:17:32.079] 8,1124,38
[19:17:32.081] 9,1165,39
[19:17:32.083] 10,1193,32
[19:17:32.085] 11,1204,23
[19:17:32.088] 12,1174,26
[19:17:32.103] 13,1132,26
[19:17:32.104] 14,1081,21
[19:17:32.106] 15,1021,7
[19:17:32.111] 16,980,17
[19:17:32.112] 17,921,7
[19:17:32.117] 18,862,17
[19:17:32.118] 19,809,2
[19:17:32.120] 20,750,10
[19:17:32.123] 21,666,20
[19:17:32.125] 22,591,12
[19:17:32.128] 23,491,16
[19:17:32.131] 24,374,15
[19:17:32.133] 25,265,18
[19:17:32.137] 26,150,26
[19:17:32.143] 27,47,38
[19:17:32.144] 28,0,35
[19:17:32.146] 29,0,38
[19:17:32.150] 30,0,33
[19:17:32.151] 31,0,40
[19:17:32.153] 32,0,40
[19:17:32.158] 33,0,44
[19:17:32.158] 34,0,45
[19:17:32.163] 35,0,45
[19:17:32.164] 36,0,42
[19:17:32.167] 37,16,40
[19:17:32.169] 38,50,39
[19:17:32.172] 39,99,42
[19:17:32.175] 40,181,41
[19:17:32.178] 41,245,42
[19:17:32.181] 42,314,41
[19:17:32.184] 43,391,32
[19:17:32.187] 44,457,31
[19:17:32.189] 45,527,34
[19:17:32.204] 46,616,26
[19:17:32.205] 47,680,31
[19:17:32.205] 48,746,27
[19:17:32.205] 49,795,20
[19:17:32.211] 50,838,26
[19:17:32.213] 51,883,16
[19:17:32.216] 52,912,20
[19:17:32.219] 53,929,10
[19:17:32.221] 54,939,10
[19:17:32.224] 55,933,4
[19:17:32.227] 56,915,10
[19:17:32.230] 57,876,4
[19:17:32.232] 58,830,8
[19:17:32.236] 59,783,2
[19:17:32.239] 60,712,0
[19:17:32.241] 61,629,2
[19:17:32.244] 62,520,0
[19:17:32.247] 63,380,3
[19:17:32.251] 64,237,11
[19:17:32.252] 65,121,19
[19:17:32.254] 66,2,27
[19:17:32.257] 67,0,22
[19:17:32.262] 68,0,23
[19:17:32.263] 69,0,26
[19:17:32.265] 70,0,27
[19:17:32.268] 71,0,26
[19:17:32.271] 72,0,34
[19:17:32.274] 73,0,26
[19:17:32.276] 74,0,24
[19:17:32.279] 75,0,23
[19:17:32.282] 76,0,27
[19:17:32.286] 77,19,23
[19:17:32.288] 78,82,26
[19:17:32.290] 79,148,19
[19:17:32.304] 80,212,24
[19:17:32.304] 81,277,18
[19:17:32.305] 82,336,18
[19:17:32.305] 83,412,21
[19:17:32.309] 84,478,14
[19:17:32.312] 85,557,16
[19:17:32.317] 86,630,6
[19:17:32.318] 87,708,5
[19:17:32.319] 88,779,3
[19:17:32.322] 89,828,1
[19:17:32.325] 90,861,0
[19:17:32.328] 91,878,5
[19:17:32.330] 92,879,1
[19:17:32.333] 93,862,0
[19:17:32.338] 94,845,0
[19:17:32.339] 95,821,0
[19:17:32.342] 96,788,0
[19:17:32.344] 97,743,0
[19:17:32.348] 98,682,0
[19:17:32.353] 99,615,0
[19:17:32.362] 100,545,0
[19:17:32.362] 101,473,0
[19:17:32.362] 102,382,0
[19:17:32.364] 103,302,0
[19:17:32.367] 104,218,0
[19:17:32.370] 105,143,0
[19:17:32.373] 106,47,0
[19:17:32.376] 107,0,5
[19:17:32.378] 108,0,2
[19:17:32.381] 109,0,2
[19:17:32.384] 110,0,11
[19:17:32.386] 111,0,7
[19:17:32.389] 112,0,11
[19:17:32.392] 113,0,8
[19:17:32.395] 114,0,10
[19:17:32.403] 115,0,4
[19:17:32.406] 116,0,13
[19:17:32.406] 117,0,8
[19:17:32.407] 118,0,3
[19:17:32.409] 119,0,7
[19:17:32.412] 120,23,5
[19:17:32.415] 121,87,1
[19:17:32.420] 122,154,5
[19:17:32.423] 123,233,2
[19:17:32.424] 124,325,0
[19:17:32.426] 125,425,0
[19:17:32.430] 126,521,1
[19:17:32.432] 127,605,0
[19:17:32.434] 128,670,0
[19:17:32.437] 129,733,0
[19:17:32.442] 130,766,0
[19:17:32.443] 131,793,0
[19:17:32.446] 132,806,0
[19:17:32.448] 133,797,0
[19:17:32.451] 134,777,0
[19:17:32.457] 135,734,0
[19:17:32.458] 136,694,0
[19:17:32.461] 137,651,0
[19:17:32.462] 138,588,0
[19:17:32.466] 139,523,0
[19:17:32.467] 140,446,0
[19:17:32.470] 141,358,0
[19:17:32.473] 142,280,0
[19:17:32.477] 143,198,0
[19:17:32.479] 144,109,0
[19:17:32.482] 145,38,0
[19:17:32.484] 146,0,0
[19:17:32.487] 147,0,0
[19:17:32.491] 148,0,1
[19:17:32.493] 149,0,0
[19:17:32.496] 150,0,2
[19:17:32.499] 151,0,2
[19:17:32.508] 152,0,0
[19:17:32.508] 153,0,2
[19:17:32.508] 154,0,2
[19:17:32.511] 155,0,2
[19:17:32.514] 156,0,4
[19:17:32.518] 157,0,3
[19:17:32.522] 158,0,5
[19:17:32.524] 159,43,0
[19:17:32.526] 160,115,0
[19:17:32.528] 161,191,0
[19:17:32.532] 162,275,0
[19:17:32.534] 163,344,0
[19:17:32.536] 164,406,0
[19:17:32.541] 165,461,0
[19:17:32.545] 166,524,0
[19:17:32.545] 167,580,0
[19:17:32.552] 168,612,0
[19:17:32.552] 169,632,0
[19:17:32.553] 170,651,0
[19:17:32.560] 171,665,0
[19:17:32.561] 172,670,0
[19:17:32.561] 173,674,0
[19:17:32.563] 174,671,0
[19:17:32.567] 175,647,0
[19:17:32.569] 176,618,0
[19:17:32.572] 177,584,0
[19:17:32.575] 178,544,0
[19:17:32.578] 179,490,0
[19:17:32.580] 180,438,0
[19:17:32.583] 181,390,0
[19:17:32.587] 182,317,0
[19:17:32.589] 183,239,0
[19:17:32.592] 184,166,0
[19:17:32.594] 185,92,1
[19:17:32.597] 186,27,2
[19:17:32.600] 187,0,7
[19:17:32.610] 188,0,7
[19:17:32.611] 189,0,10
[19:17:32.611] 190,0,7
[19:17:32.614] 191,0,21
[19:17:32.617] 192,0,14
[19:17:32.622] 193,0,14
[19:17:32.623] 194,0,17
[19:17:32.626] 195,0,19
[19:17:32.628] 196,0,20
[19:17:32.632] 197,0,16
[19:17:32.634] 198,6,20
[19:17:32.637] 199,52,20
[19:17:37.152] [HIT] t=89921 i=0 note=38 vel=127 raw=127 truepeak=493 ch=10 rescues=0 thresh=-1.000 peak=-1.000 mask=-1 decay=-1 decaylen=-1 xfilt=-1.000 xfiltdecay=-1.000 loopt=0 piezodc=469.0 dchead=6.4 spikerej=389
[19:17:37.162] [SysEx TX] F0 00 7D 00 05 03 00 00 7F 7F F7
[19:17:37.168] [SCOPE] input=0 pad_type=0 head_ch=1 rim_ch=0 head_peak=782 rim_peak=35 decision=HEAD samples=200
[19:17:37.168] T,H,R
[19:17:37.170] 0,2,2
[19:17:37.172] 1,2,2
[19:17:37.177] 2,6,2
[19:17:37.178] 3,2,5
[19:17:37.184] 4,2,2
[19:17:37.186] 5,3,5
[19:17:37.188] 6,2,2
[19:17:37.189] 7,3,2
[19:17:37.195] 8,5,2
[19:17:37.198] 9,5,5
[19:17:37.200] 10,2,2
[19:17:37.204] 11,4,7
[19:17:37.208] 12,5,2
[19:17:37.209] 13,2,2
[19:17:37.210] 14,2,0
[19:17:37.221] 15,6,8
[19:17:37.223] 16,2,4
[19:17:37.226] 17,3,3
[19:17:37.229] 18,6,2
[19:17:37.232] 19,3,5
[19:17:37.234] 20,6,2
[19:17:37.236] 21,2,3
[19:17:37.246] 22,5,2
[19:17:37.246] 23,2,3
[19:17:37.246] 24,5,1
[19:17:37.247] 25,3,5
[19:17:37.252] 26,2,2
[19:17:37.253] 27,5,6
[19:17:37.255] 28,8,2
[19:17:37.257] 29,2,5
[19:17:37.260] 30,2,0
[19:17:37.263] 31,2,3
[19:17:37.269] 32,5,0
[19:17:37.270] 33,5,5
[19:17:37.272] 34,8,2
[19:17:37.274] 35,5,7
[19:17:37.277] 36,2,2
[19:17:37.284] 37,3,6
[19:17:37.284] 38,2,2
[19:17:37.286] 39,3,5
[19:17:37.289] 40,2,8
[19:17:37.291] 41,3,5
[19:17:37.293] 42,2,3
[19:17:37.296] 43,5,2
[19:17:37.299] 44,2,2
[19:17:37.302] 45,2,2
[19:17:37.305] 46,5,7
[19:17:37.308] 47,2,2
[19:17:37.310] 48,3,4
[19:17:37.320] 49,2,5
[19:17:37.320] 50,2,0
[19:17:37.321] 51,3,5
[19:17:37.322] 52,2,2
[19:17:37.326] 53,2,3
[19:17:37.329] 54,5,2
[19:17:37.333] 55,2,3
[19:17:37.336] 56,2,0
[19:17:37.337] 57,4,2
[19:17:37.339] 58,5,5
[19:17:37.344] 59,0,2
[19:17:37.346] 60,4,6
[19:17:37.349] 61,0,2
[19:17:37.352] 62,4,7
[19:17:37.354] 63,0,2
[19:17:37.357] 64,1,1
[19:17:37.359] 65,1,5
[19:17:37.366] 66,0,3
[19:17:37.367] 67,1,2
[19:17:37.368] 68,2,5
[19:17:37.384] 69,1,0
[19:17:37.385] 70,1,4
[19:17:37.385] 71,0,2
[19:17:37.399] 72,1,7
[19:17:37.399] 73,3,4
[19:17:37.399] 74,2,1
[19:17:37.399] 75,0,4
[19:17:37.415] 76,0,0
[19:17:37.415] 77,5,2
[19:17:37.415] 78,0,2
[19:17:37.415] 79,7,2
[19:17:37.425] 80,0,2
[19:17:37.427] 81,0,2
[19:17:37.430] 82,0,7
[19:17:37.433] 83,0,3
[19:17:37.436] 84,0,10
[19:17:37.442] 85,0,35
[19:17:37.443] 86,0,23
[19:17:37.443] 87,0,9
[19:17:37.446] 88,0,10
[19:17:37.449] 89,0,23
[19:17:37.451] 90,0,24
[19:17:37.454] 91,0,19
[19:17:37.459] 92,4,7
[19:17:37.460] 93,14,4
[19:17:37.463] 94,27,7
[19:17:37.466] 95,31,10
[19:17:37.468] 96,41,17
[19:17:37.474] 97,54,12
[19:17:37.476] 98,94,15
[19:17:37.477] 99,137,10
[19:17:37.478] 100,180,6
[19:17:37.484] 101,233,0
[19:17:37.485] 102,281,3
[19:17:37.486] 103,333,0
[19:17:37.489] 104,392,2
[19:17:37.492] 105,438,0
[19:17:37.494] 106,496,0
[19:17:37.497] 107,527,0
[19:17:37.500] 108,577,0
[19:17:37.502] 109,653,0
[19:17:37.505] 110,734,0
[19:17:37.509] 111,782,0
[19:17:37.511] 112,761,0
[19:17:37.514] 113,690,0
[19:17:37.517] 114,589,0
[19:17:37.527] 115,470,4
[19:17:37.527] 116,345,0
[19:17:37.528] 117,242,5
[19:17:37.531] 118,173,0
[19:17:37.534] 119,166,0
[19:17:37.552] 120,201,0
[19:17:37.552] 121,258,0
[19:17:37.553] 122,316,2
[19:17:37.557] 123,363,0
[19:17:37.559] 124,390,0
[19:17:37.562] 125,395,0
[19:17:37.565] 126,382,1
[19:17:37.568] 127,371,3
[19:17:37.570] 128,360,8
[19:17:37.576] 129,366,2
[19:17:37.578] 130,372,3
[19:17:37.579] 131,374,4
[19:17:37.585] 132,410,17
[19:17:37.586] 133,441,8
[19:17:37.588] 134,486,7
[19:17:37.589] 135,521,2
[19:17:37.594] 136,510,0
[19:17:37.595] 137,475,0
[19:17:37.597] 138,441,0
[19:17:37.600] 139,408,4
[19:17:37.602] 140,350,6
[19:17:37.606] 141,268,4
[19:17:37.609] 142,225,0
[19:17:37.611] 143,231,3
[19:17:37.614] 144,261,7
[19:17:37.616] 145,269,5
[19:17:37.619] 146,286,0
[19:17:37.632] 147,289,0
[19:17:37.633] 148,278,0
[19:17:37.636] 149,249,1
[19:17:37.637] 150,212,0
[19:17:37.645] 151,158,0
[19:17:37.645] 152,135,2
[19:17:37.646] 153,89,0
[19:17:37.646] 154,54,2
[19:17:37.649] 155,21,0
[19:17:37.652] 156,0,0
[19:17:37.655] 157,0,0
[19:17:37.658] 158,3,0
[19:17:37.660] 159,24,0
[19:17:37.663] 160,54,0
[19:17:37.666] 161,96,0
[19:17:37.673] 162,114,0
[19:17:37.674] 163,132,0
[19:17:37.676] 164,158,0
[19:17:37.678] 165,203,0
[19:17:37.680] 166,253,0
[19:17:37.690] 167,278,0
[19:17:37.690] 168,289,0
[19:17:37.690] 169,292,0
[19:17:37.690] 170,269,0
[19:17:37.695] 171,198,0
[19:17:37.697] 172,99,0
[19:17:37.701] 173,21,0
[19:17:37.703] 174,0,1
[19:17:37.706] 175,0,0
[19:17:37.709] 176,43,2
[19:17:37.712] 177,140,0
[19:17:37.714] 178,245,0
[19:17:37.717] 179,328,0
[19:17:37.719] 180,385,0
[19:17:37.735] 181,395,2
[19:17:37.735] 182,374,1
[19:17:37.738] 183,319,8
[19:17:37.741] 184,234,0
[19:17:37.748] 185,163,2
[19:17:37.748] 186,84,19
[19:17:37.749] 187,22,24
[19:17:37.749] 188,0,23
[19:17:37.754] 189,0,17
[19:17:37.756] 190,0,19
[19:17:37.758] 191,8,7
[19:17:37.761] 192,43,2
[19:17:37.767] 193,54,7
[19:17:37.767] 194,57,7
[19:17:37.770] 195,44,23
[19:17:37.773] 196,7,20
[19:17:37.775] 197,0,21
[19:17:37.778] 198,0,26
[19:17:37.782] 199,0,31
[19:17:37.789] [HIT] t=90556 i=0 note=38 vel=127 raw=127 truepeak=434 ch=10 rescues=0 thresh=-1.000 peak=-1.000 mask=-1 decay=-1 decaylen=-1 xfilt=-1.000 xfiltdecay=-1.000 loopt=0 piezodc=37.0 dchead=11.6 spikerej=389
[19:17:37.796] [SysEx TX] F0 00 7D 00 05 03 00 00 7F 7F F7
[19:17:37.800] [SCOPE] input=0 pad_type=0 head_ch=1 rim_ch=0 head_peak=782 rim_peak=35 decision=HEAD samples=200
[19:17:37.803] T,H,R
[19:17:37.806] 0,2,2
[19:17:37.808] 1,3,5
[19:17:37.810] 2,2,8
[19:17:37.813] 3,3,5
[19:17:37.816] 4,2,3
[19:17:37.819] 5,5,2
[19:17:37.823] 6,2,2
[19:17:37.834] 7,2,2
[19:17:37.834] 8,5,7
[19:17:37.834] 9,2,2
[19:17:37.836] 10,3,4
[19:17:37.850] 11,2,5
[19:17:37.850] 12,2,0
[19:17:37.850] 13,3,5
[19:17:37.850] 14,2,2
[19:17:37.855] 15,2,3
[19:17:37.857] 16,5,2
[19:17:37.860] 17,2,3
[19:17:37.863] 18,2,0
[19:17:37.868] 19,4,2
[19:17:37.869] 20,5,5
[19:17:37.871] 21,0,2
[19:17:37.874] 22,4,6
[19:17:37.877] 23,0,2
[19:17:37.879] 24,4,7
[19:17:37.884] 25,0,2
[19:17:37.884] 26,1,1
[19:17:37.887] 27,1,5
[19:17:37.893] 28,0,3
[19:17:37.894] 29,1,2
[19:17:37.894] 30,2,5
[19:17:37.897] 31,1,0
[19:17:37.900] 32,1,4
[19:17:37.903] 33,0,2
[19:17:37.906] 34,1,7
[19:17:37.909] 35,3,4
[19:17:37.912] 36,2,1
[19:17:37.914] 37,0,4
[19:17:37.916] 38,0,0
[19:17:37.919] 39,5,2
[19:17:37.922] 40,0,2
[19:17:37.937] 41,7,2
[19:17:37.937] 42,0,2
[19:17:37.937] 43,0,2
[19:17:37.938] 44,0,7
[19:17:37.942] 45,0,3
[19:17:37.949] 46,0,10
[19:17:37.951] 47,0,35
[19:17:37.951] 48,0,23
[19:17:37.952] 49,0,9
[19:17:37.957] 50,0,10
[19:17:37.960] 51,0,23
[19:17:37.962] 52,0,24
[19:17:37.965] 53,0,19
[19:17:37.967] 54,4,7
[19:17:37.971] 55,14,4
[19:17:37.973] 56,27,7
[19:17:37.976] 57,31,10
[19:17:37.979] 58,41,17
[19:17:37.981] 59,54,12
[19:17:37.987] 60,94,15
[19:17:37.987] 61,137,10
[19:17:37.989] 62,180,6
[19:17:37.997] 63,233,0
[19:17:37.997] 64,281,3
[19:17:37.998] 65,333,0
[19:17:38.000] 66,392,2
[19:17:38.004] 67,438,0
[19:17:38.007] 68,496,0
[19:17:38.009] 69,527,0
[19:17:38.012] 70,577,0
[19:17:38.015] 71,653,0
[19:17:38.019] 72,734,0
[19:17:38.021] 73,782,0
[19:17:38.024] 74,761,0
[19:17:38.026] 75,690,0
[19:17:38.029] 76,589,0
[19:17:38.037] 77,470,4
[19:17:38.038] 78,345,0
[19:17:38.038] 79,242,5
[19:17:38.045] 80,173,0
[19:17:38.054] 81,166,0
[19:17:38.054] 82,201,0
[19:17:38.056] 83,258,0
[19:17:38.056] 84,316,2
[19:17:38.059] 85,363,0
[19:17:38.063] 86,390,0
[19:17:38.065] 87,395,0
[19:17:38.068] 88,382,1
[19:17:38.071] 89,371,3
[19:17:38.074] 90,360,8
[19:17:38.077] 91,366,2
[19:17:38.080] 92,372,3
[19:17:38.082] 93,374,4
[19:17:38.085] 94,410,17
[19:17:38.089] 95,441,8
[19:17:38.089] 96,486,7
[19:17:38.093] 97,521,2
[19:17:38.095] 98,510,0
[19:17:38.101] 99,475,0
[19:17:38.102] 100,441,0
[19:17:38.103] 101,408,4
[19:17:38.106] 102,350,6
[19:17:38.108] 103,268,4
[19:17:38.112] 104,225,0
[19:17:38.114] 105,231,3
[19:17:38.118] 106,261,7
[19:17:38.120] 107,269,5
[19:17:38.124] 108,286,0
[19:17:38.126] 109,289,0
[19:17:38.129] 110,278,0
[19:17:38.131] 111,249,1
[19:17:38.145] 112,212,0
[19:17:38.145] 113,158,0
[19:17:38.145] 114,135,2
[19:17:38.149] 115,89,0
[19:17:38.156] 116,54,2
[19:17:38.157] 117,21,0
[19:17:38.157] 118,0,0
[19:17:38.158] 119,0,0
[19:17:38.164] 120,3,0
[19:17:38.165] 121,24,0
[19:17:38.168] 122,54,0
[19:17:38.170] 123,96,0
[19:17:38.176] 124,114,0
[19:17:38.177] 125,132,0
[19:17:38.178] 126,158,0
[19:17:38.183] 127,203,0
[19:17:38.185] 128,253,0
[19:17:38.190] 129,278,0
[19:17:38.191] 130,289,0
[19:17:38.192] 131,292,0
[19:17:38.194] 132,269,0
[19:17:38.200] 133,198,0
[19:17:38.200] 134,99,0
[19:17:38.203] 135,21,0
[19:17:38.206] 136,0,1
[19:17:38.208] 137,0,0
[19:17:38.212] 138,43,2
[19:17:38.214] 139,140,0
[19:17:38.217] 140,245,0
[19:17:38.220] 141,328,0
[19:17:38.223] 142,385,0
[19:17:38.226] 143,395,2
[19:17:38.228] 144,374,1
[19:17:38.231] 145,319,8
[19:17:38.239] 146,234,0
[19:17:38.242] 147,163,2
[19:17:38.242] 148,84,19
[19:17:38.243] 149,22,24
[19:17:38.245] 150,0,23
[19:17:38.249] 151,0,17
[19:17:38.258] 152,0,19
[19:17:38.258] 153,8,7
[19:17:38.259] 154,43,2
[19:17:38.259] 155,54,7
[19:17:38.263] 156,57,7
[19:17:38.267] 157,44,23
[19:17:38.269] 158,7,20
[19:17:38.272] 159,0,21
[19:17:38.277] 160,0,26
[19:17:38.277] 161,0,31
[19:17:38.279] 162,0,29
[19:17:38.283] 163,2,26
[19:17:38.286] 164,37,14
[19:17:38.289] 165,89,22
[19:17:38.295] 166,109,14
[19:17:38.295] 167,118,16
[19:17:38.296] 168,110,6
[19:17:38.303] 169,79,3
[19:17:38.303] 170,76,4
[19:17:38.303] 171,62,10
[19:17:38.304] 172,54,10
[19:17:38.309] 173,57,7
[19:17:38.311] 174,83,14
[19:17:38.314] 175,111,6
[19:17:38.317] 176,149,3
[19:17:38.320] 177,177,2
[19:17:38.324] 178,186,0
[19:17:38.328] 179,204,0
[19:17:38.328] 180,201,0
[19:17:38.330] 181,200,2
[19:17:38.333] 182,170,0
[19:17:38.342] 183,137,0
[19:17:38.344] 184,89,0
[19:17:38.345] 185,67,0
[19:17:38.346] 186,51,1
[19:17:38.348] 187,56,2
[19:17:38.350] 188,38,0
[19:17:38.355] 189,7,0
[19:17:38.364] 190,0,0
[19:17:38.364] 191,0,0
[19:17:38.364] 192,0,8
[19:17:38.365] 193,0,11
[19:17:38.369] 194,0,6
[19:17:38.372] 195,0,0
[19:17:38.375] 196,2,0
[19:17:38.378] 197,79,0
[19:17:38.383] 198,154,1
[19:17:38.384] 199,197,2
=== Session ended 2026-07-06T19:17:43.307629 ===
